Analysis initiated from SIMULIA established products
Abaqus JOB stage16n_r4ir6b_deck_clone_500_to_506_restart_505_to_750_no_continuation_restart_write_source_500_to_506
Abaqus 2023
Abaqus License Manager checked out the following licenses:
Abaqus/Standard checked out 16 tokens from Flexnet server license4.imfd.tu-freiberg.de.
<279 out of 300 licenses remain available>.
Begin Compiling Abaqus/Standard User Subroutines
Mon 22 Jun 2026 05:45:22 AM CEST
Intel(R) Fortran Intel(R) 64 Compiler Classic for applications running on Intel(R) 64, Version 2021.13.0 Build 20240602_000000
Copyright (C) 1985-2024 Intel Corporation.  All rights reserved.

ifort: remark #10448: Intel(R) Fortran Compiler Classic (ifort) is now deprecated and will be discontinued late 2024. Intel recommends that customers transition now to using the LLVM-based Intel(R) Fortran Compiler (ifx) for continued Windows* and Linux* support, new language support, new language features, and optimizations. Use '-diag-disable=10448' to disable this message.
ifort: command line warning #10434: option '-extend_source' use with underscore is deprecated; use '-extend-source' instead
 Intel(R) Fortran 2021.13.0-1693
stage16n_neml_equivalent_chaboche_umat.for(23): remark #15009: umat_ has been targeted for automatic cpu dispatch
End Compiling Abaqus/Standard User Subroutines
Begin Linking Abaqus/Standard User Subroutines
Intel(R) Fortran Intel(R) 64 Compiler Classic for applications running on Intel(R) 64, Version 2021.13.0 Build 20240602_000000
Copyright (C) 1985-2024 Intel Corporation.  All rights reserved.

ifort: remark #10448: Intel(R) Fortran Compiler Classic (ifort) is now deprecated and will be discontinued late 2024. Intel recommends that customers transition now to using the LLVM-based Intel(R) Fortran Compiler (ifx) for continued Windows* and Linux* support, new language support, new language features, and optimizations. Use '-diag-disable=10448' to disable this message.
GNU ld version 2.30-128.el8_10
End Linking Abaqus/Standard User Subroutines
Mon 22 Jun 2026 05:45:29 AM CEST
Begin Analysis Input File Processor
Mon 22 Jun 2026 05:45:29 AM CEST
Run pre
Mon 22 Jun 2026 05:46:08 AM CEST
End Analysis Input File Processor
Begin Abaqus/Standard Analysis
Mon 22 Jun 2026 05:46:08 AM CEST
Run standard
WriteAll: Input/output error
*** Error: could not write file '<rank=0,arg_name=/scratch9/pr21vyci/stage16n_r4ir/R4I-R6B_deck_clone_500_to_506_restart_505_to_750_no_continuation_restart_write/1350763.mmaster02>stage16n_r4ir6b_deck_clone_500_to_506_restart_505_to_750_no_continuation_restart_write_source_500_to_506.stt': check the disk space on your system
terminate called after throwing an instance of 'utl_FileExceptionExtend'

*** ABAQUS/standard rank 0 terminated by signal 6

*** ERROR CATEGORY:  ELEMENT LOOP

Mon 22 Jun 2026 05:50:08 AM CEST
Abaqus Error: Abaqus/Standard Analysis exited with an error - Please see the 
message file for possible error messages if the file exists.
Begin SIM Wrap-up
Mon 22 Jun 2026 05:50:09 AM CEST
Run SMASimUtility
Mon 22 Jun 2026 05:50:28 AM CEST
End SIM Wrap-up
Abaqus/Analysis exited with errors
