
============================================================
PHASE START: target-270 continuation datacheck
TIME: Di 23. Jun 11:04:37 CEST 2026
============================================================
Analysis initiated from SIMULIA established products
Abaqus JOB stage16n_r4m_target270_jump_250_to_270_solve_271_to_500_datacheck
Abaqus 2023
Abaqus License Manager checked out the following licenses:
Abaqus/Standard checked out 16 tokens from Flexnet server license4.imfd.tu-freiberg.de.
<215 out of 300 licenses remain available>.
Begin Compiling Abaqus/Standard User Subroutines
Tue 23 Jun 2026 11:04:55 AM CEST
Intel(R) Fortran Intel(R) 64 Compiler Classic for applications running on Intel(R) 64, Version 2021.13.0 Build 20240602_000000
Copyright (C) 1985-2024 Intel Corporation.  All rights reserved.

ifort: remark #10448: Intel(R) Fortran Compiler Classic (ifort) is now deprecated and will be discontinued late 2024. Intel recommends that customers transition now to using the LLVM-based Intel(R) Fortran Compiler (ifx) for continued Windows* and Linux* support, new language support, new language features, and optimizations. Use '-diag-disable=10448' to disable this message.
ifort: command line warning #10434: option '-extend_source' use with underscore is deprecated; use '-extend-source' instead
 Intel(R) Fortran 2021.13.0-1693
stage16n_r3_jump_umat.for(23): remark #15009: umat_ has been targeted for automatic cpu dispatch
stage16n_r3_jump_umat.for(248): remark #15009: stage16n_r3j_jump_overwrite_ has been targeted for automatic cpu dispatch
End Compiling Abaqus/Standard User Subroutines
Begin Linking Abaqus/Standard User Subroutines
Intel(R) Fortran Intel(R) 64 Compiler Classic for applications running on Intel(R) 64, Version 2021.13.0 Build 20240602_000000
Copyright (C) 1985-2024 Intel Corporation.  All rights reserved.

ifort: remark #10448: Intel(R) Fortran Compiler Classic (ifort) is now deprecated and will be discontinued late 2024. Intel recommends that customers transition now to using the LLVM-based Intel(R) Fortran Compiler (ifx) for continued Windows* and Linux* support, new language support, new language features, and optimizations. Use '-diag-disable=10448' to disable this message.
GNU ld version 2.30-128.el8_10
End Linking Abaqus/Standard User Subroutines
Tue 23 Jun 2026 11:05:05 AM CEST
Begin Analysis Input File Processor
Tue 23 Jun 2026 11:05:05 AM CEST
Run pre
Tue 23 Jun 2026 11:05:26 AM CEST
End Analysis Input File Processor
Begin Abaqus/Standard Datacheck
Begin Abaqus/Standard Analysis
Tue 23 Jun 2026 11:05:26 AM CEST
Run standard
Tue 23 Jun 2026 11:05:30 AM CEST
End Abaqus/Standard Analysis
Begin SIM Wrap-up
Tue 23 Jun 2026 11:05:30 AM CEST
Run SMASimUtility
Tue 23 Jun 2026 11:05:30 AM CEST
End SIM Wrap-up
Abaqus JOB stage16n_r4m_target270_jump_250_to_270_solve_271_to_500_datacheck COMPLETED
	Command being timed: "abaqus job=stage16n_r4m_target270_jump_250_to_270_solve_271_to_500_datacheck input=stage16n_r4m_target270_jump_250_to_270_solve_271_to_500.inp oldjob=stage16n_r1b_restart_ref_250cycles user=stage16n_r3_jump_umat.for datacheck interactive ask_delete=OFF scratch=/scratch/pr21vyci/stage16n_r4m/R4M_250branch_compact_restart_source_controller/1353942.mmaster02/tmp cpus=16 mp_mode=threads"
	User time (seconds): 19.07
	System time (seconds): 5.08
	Percent of CPU this job got: 45%
	Elapsed (wall clock) time (h:mm:ss or m:ss): 0:53.25
	Average shared text size (kbytes): 0
	Average unshared data size (kbytes): 0
	Average stack size (kbytes): 0
	Average total size (kbytes): 0
	Maximum resident set size (kbytes): 768388
	Average resident set size (kbytes): 0
	Major (requiring I/O) page faults: 624
	Minor (reclaiming a frame) page faults: 487641
	Voluntary context switches: 85350
	Involuntary context switches: 160
	Swaps: 0
	File system inputs: 92112
	File system outputs: 246592
	Socket messages sent: 0
	Socket messages received: 0
	Signals delivered: 0
	Page size (bytes): 4096
	Exit status: 0
============================================================
PHASE END: target-270 continuation datacheck
TIME: Di 23. Jun 11:05:30 CEST 2026
EXIT: 0
============================================================
