[Stage16N-R4K1] start: 2026-06-22 06:24:47
[Stage16N-R4K1] PBS job: 1350764.mmaster02
[Stage16N-R4K1] job: stage16n_r4k1_deck_clone_exact_250_to_280_to_500
[Stage16N-R4K1] purpose: R4K1 exact control: deck-clone source 250--281, restart interior 280, continue 281--500
Linking R1A restart sources from: /home/pr21vyci/master_thesis/Abaqus_trial/runs/chaboche_umat/stage16_abaqus_inhomogeneous_cycle_jump_benchmark/stage16n_restart_control/R1A_restart_reference_500cycles

============================================================
PHASE START: R4K1 source solve
TIME: Mo 22. Jun 06:24:48 CEST 2026
============================================================
Analysis initiated from SIMULIA established products
Abaqus JOB stage16n_r4k1_deck_clone_exact_250_to_280_to_500_source_250_to_281
Abaqus 2023
Abaqus License Manager checked out the following licenses:
Abaqus/Standard checked out 16 tokens from Flexnet server license4.imfd.tu-freiberg.de.
<279 out of 300 licenses remain available>.
Begin Compiling Abaqus/Standard User Subroutines
Mon 22 Jun 2026 06:24:50 AM CEST
Intel(R) Fortran Intel(R) 64 Compiler Classic for applications running on Intel(R) 64, Version 2021.13.0 Build 20240602_000000
Copyright (C) 1985-2024 Intel Corporation.  All rights reserved.

ifort: remark #10448: Intel(R) Fortran Compiler Classic (ifort) is now deprecated and will be discontinued late 2024. Intel recommends that customers transition now to using the LLVM-based Intel(R) Fortran Compiler (ifx) for continued Windows* and Linux* support, new language support, new language features, and optimizations. Use '-diag-disable=10448' to disable this message.
ifort: command line warning #10434: option '-extend_source' use with underscore is deprecated; use '-extend-source' instead
 Intel(R) Fortran 2021.13.0-1693
stage16n_neml_equivalent_chaboche_umat.for(23): remark #15009: umat_ has been targeted for automatic cpu dispatch
End Compiling Abaqus/Standard User Subroutines
Begin Linking Abaqus/Standard User Subroutines
Intel(R) Fortran Intel(R) 64 Compiler Classic for applications running on Intel(R) 64, Version 2021.13.0 Build 20240602_000000
Copyright (C) 1985-2024 Intel Corporation.  All rights reserved.

ifort: remark #10448: Intel(R) Fortran Compiler Classic (ifort) is now deprecated and will be discontinued late 2024. Intel recommends that customers transition now to using the LLVM-based Intel(R) Fortran Compiler (ifx) for continued Windows* and Linux* support, new language support, new language features, and optimizations. Use '-diag-disable=10448' to disable this message.
GNU ld version 2.30-128.el8_10
End Linking Abaqus/Standard User Subroutines
Mon 22 Jun 2026 06:24:57 AM CEST
Begin Analysis Input File Processor
Mon 22 Jun 2026 06:24:57 AM CEST
Run pre
Mon 22 Jun 2026 06:25:03 AM CEST
End Analysis Input File Processor
Begin Abaqus/Standard Analysis
Mon 22 Jun 2026 06:25:03 AM CEST
Run standard
Mon 22 Jun 2026 06:54:16 AM CEST
End Abaqus/Standard Analysis
Begin SIM Wrap-up
Mon 22 Jun 2026 06:54:16 AM CEST
Run SMASimUtility
Mon 22 Jun 2026 06:54:16 AM CEST
End SIM Wrap-up
Abaqus JOB stage16n_r4k1_deck_clone_exact_250_to_280_to_500_source_250_to_281 COMPLETED
	Command being timed: "abaqus job=stage16n_r4k1_deck_clone_exact_250_to_280_to_500_source_250_to_281 input=stage16n_r4k1_deck_clone_exact_250_to_280_to_500_source_250_to_281.inp oldjob=stage16n_r1a_restart_ref_500cycles user=stage16n_neml_equivalent_chaboche_umat.for interactive ask_delete=OFF scratch=/scratch/pr21vyci/stage16n_r4k/R4K1_250branch_controller/1350764.mmaster02/tmp cpus=16 mp_mode=threads"
	User time (seconds): 7522.57
	System time (seconds): 1055.75
	Percent of CPU this job got: 485%
	Elapsed (wall clock) time (h:mm:ss or m:ss): 29:28.61
	Average shared text size (kbytes): 0
	Average unshared data size (kbytes): 0
	Average stack size (kbytes): 0
	Average total size (kbytes): 0
	Maximum resident set size (kbytes): 676512
	Average resident set size (kbytes): 0
	Major (requiring I/O) page faults: 71
	Minor (reclaiming a frame) page faults: 128151533
	Voluntary context switches: 149629986
	Involuntary context switches: 6665
	Swaps: 0
	File system inputs: 7432
	File system outputs: 68678416
	Socket messages sent: 0
	Socket messages received: 0
	Signals delivered: 0
	Page size (bytes): 4096
	Exit status: 0
============================================================
PHASE END: R4K1 source solve
TIME: Mo 22. Jun 06:54:16 CEST 2026
EXIT: 0
============================================================

============================================================
PHASE START: R4K1 source extraction
TIME: Mo 22. Jun 06:54:16 CEST 2026
============================================================
Wrote: stage16n_r4k1_deck_clone_exact_250_to_280_to_500_source_250_to_281_cycle_metrics.csv
Wrote: stage16n_r4k1_deck_clone_exact_250_to_280_to_500_source_250_to_281_selected_cycle_loops.csv
Wrote: stage16n_r4k1_deck_clone_exact_250_to_280_to_500_source_250_to_281_selected_cycle_local_states.csv
	Command being timed: "abaqus python stage16n_extract_hysteresis_and_local_states.py --job stage16n_r4k1_deck_clone_exact_250_to_280_to_500_source_250_to_281"
	User time (seconds): 2.05
	System time (seconds): 0.22
	Percent of CPU this job got: 95%
	Elapsed (wall clock) time (h:mm:ss or m:ss): 0:02.39
	Average shared text size (kbytes): 0
	Average unshared data size (kbytes): 0
	Average stack size (kbytes): 0
	Average total size (kbytes): 0
	Maximum resident set size (kbytes): 222876
	Average resident set size (kbytes): 0
	Major (requiring I/O) page faults: 77
	Minor (reclaiming a frame) page faults: 40497
	Voluntary context switches: 1033
	Involuntary context switches: 15
	Swaps: 0
	File system inputs: 11624
	File system outputs: 24
	Socket messages sent: 0
	Socket messages received: 0
	Signals delivered: 0
	Page size (bytes): 4096
	Exit status: 0
============================================================
PHASE END: R4K1 source extraction
TIME: Mo 22. Jun 06:54:19 CEST 2026
EXIT: 0
============================================================
[Stage16N-R4K1] restart read: oldjob=stage16n_r4k1_deck_clone_exact_250_to_280_to_500_source_250_to_281 step=280 inc=54

============================================================
PHASE START: R4K1 continuation datacheck
TIME: Mo 22. Jun 06:54:19 CEST 2026
============================================================
Analysis initiated from SIMULIA established products
Abaqus JOB stage16n_r4k1_deck_clone_exact_250_to_280_to_500_datacheck
Abaqus 2023
Abaqus License Manager checked out the following licenses:
Abaqus/Standard checked out 16 tokens from Flexnet server license4.imfd.tu-freiberg.de.
<279 out of 300 licenses remain available>.
Begin Compiling Abaqus/Standard User Subroutines
Mon 22 Jun 2026 06:54:20 AM CEST
Intel(R) Fortran Intel(R) 64 Compiler Classic for applications running on Intel(R) 64, Version 2021.13.0 Build 20240602_000000
Copyright (C) 1985-2024 Intel Corporation.  All rights reserved.

ifort: remark #10448: Intel(R) Fortran Compiler Classic (ifort) is now deprecated and will be discontinued late 2024. Intel recommends that customers transition now to using the LLVM-based Intel(R) Fortran Compiler (ifx) for continued Windows* and Linux* support, new language support, new language features, and optimizations. Use '-diag-disable=10448' to disable this message.
ifort: command line warning #10434: option '-extend_source' use with underscore is deprecated; use '-extend-source' instead
 Intel(R) Fortran 2021.13.0-1693
stage16n_neml_equivalent_chaboche_umat.for(23): remark #15009: umat_ has been targeted for automatic cpu dispatch
End Compiling Abaqus/Standard User Subroutines
Begin Linking Abaqus/Standard User Subroutines
Intel(R) Fortran Intel(R) 64 Compiler Classic for applications running on Intel(R) 64, Version 2021.13.0 Build 20240602_000000
Copyright (C) 1985-2024 Intel Corporation.  All rights reserved.

ifort: remark #10448: Intel(R) Fortran Compiler Classic (ifort) is now deprecated and will be discontinued late 2024. Intel recommends that customers transition now to using the LLVM-based Intel(R) Fortran Compiler (ifx) for continued Windows* and Linux* support, new language support, new language features, and optimizations. Use '-diag-disable=10448' to disable this message.
GNU ld version 2.30-128.el8_10
End Linking Abaqus/Standard User Subroutines
Mon 22 Jun 2026 06:54:27 AM CEST
Begin Analysis Input File Processor
Mon 22 Jun 2026 06:54:27 AM CEST
Run pre
Mon 22 Jun 2026 06:54:37 AM CEST
End Analysis Input File Processor
Begin Abaqus/Standard Datacheck
Begin Abaqus/Standard Analysis
Mon 22 Jun 2026 06:54:37 AM CEST
Run standard
Mon 22 Jun 2026 06:54:40 AM CEST
End Abaqus/Standard Analysis
Begin SIM Wrap-up
Mon 22 Jun 2026 06:54:40 AM CEST
Run SMASimUtility
Mon 22 Jun 2026 06:54:40 AM CEST
End SIM Wrap-up
Abaqus JOB stage16n_r4k1_deck_clone_exact_250_to_280_to_500_datacheck COMPLETED
	Command being timed: "abaqus job=stage16n_r4k1_deck_clone_exact_250_to_280_to_500_datacheck input=stage16n_r4k1_deck_clone_exact_250_to_280_to_500.inp oldjob=stage16n_r4k1_deck_clone_exact_250_to_280_to_500_source_250_to_281 user=stage16n_neml_equivalent_chaboche_umat.for datacheck interactive ask_delete=OFF scratch=/scratch/pr21vyci/stage16n_r4k/R4K1_250branch_controller/1350764.mmaster02/tmp cpus=16 mp_mode=threads"
	User time (seconds): 13.22
	System time (seconds): 1.92
	Percent of CPU this job got: 69%
	Elapsed (wall clock) time (h:mm:ss or m:ss): 0:21.69
	Average shared text size (kbytes): 0
	Average unshared data size (kbytes): 0
	Average stack size (kbytes): 0
	Average total size (kbytes): 0
	Maximum resident set size (kbytes): 729444
	Average resident set size (kbytes): 0
	Major (requiring I/O) page faults: 18
	Minor (reclaiming a frame) page faults: 378191
	Voluntary context switches: 12223
	Involuntary context switches: 126
	Swaps: 0
	File system inputs: 216
	File system outputs: 240912
	Socket messages sent: 0
	Socket messages received: 0
	Signals delivered: 0
	Page size (bytes): 4096
	Exit status: 0
============================================================
PHASE END: R4K1 continuation datacheck
TIME: Mo 22. Jun 06:54:40 CEST 2026
EXIT: 0
============================================================

============================================================
PHASE START: R4K1 continuation solve
TIME: Mo 22. Jun 06:54:40 CEST 2026
============================================================
Analysis initiated from SIMULIA established products
Abaqus JOB stage16n_r4k1_deck_clone_exact_250_to_280_to_500
Abaqus 2023
Abaqus License Manager checked out the following licenses:
Abaqus/Standard checked out 16 tokens from Flexnet server license4.imfd.tu-freiberg.de.
<279 out of 300 licenses remain available>.
Begin Compiling Abaqus/Standard User Subroutines
Mon 22 Jun 2026 06:54:42 AM CEST
Intel(R) Fortran Intel(R) 64 Compiler Classic for applications running on Intel(R) 64, Version 2021.13.0 Build 20240602_000000
Copyright (C) 1985-2024 Intel Corporation.  All rights reserved.

ifort: remark #10448: Intel(R) Fortran Compiler Classic (ifort) is now deprecated and will be discontinued late 2024. Intel recommends that customers transition now to using the LLVM-based Intel(R) Fortran Compiler (ifx) for continued Windows* and Linux* support, new language support, new language features, and optimizations. Use '-diag-disable=10448' to disable this message.
ifort: command line warning #10434: option '-extend_source' use with underscore is deprecated; use '-extend-source' instead
 Intel(R) Fortran 2021.13.0-1693
stage16n_neml_equivalent_chaboche_umat.for(23): remark #15009: umat_ has been targeted for automatic cpu dispatch
End Compiling Abaqus/Standard User Subroutines
Begin Linking Abaqus/Standard User Subroutines
Intel(R) Fortran Intel(R) 64 Compiler Classic for applications running on Intel(R) 64, Version 2021.13.0 Build 20240602_000000
Copyright (C) 1985-2024 Intel Corporation.  All rights reserved.

ifort: remark #10448: Intel(R) Fortran Compiler Classic (ifort) is now deprecated and will be discontinued late 2024. Intel recommends that customers transition now to using the LLVM-based Intel(R) Fortran Compiler (ifx) for continued Windows* and Linux* support, new language support, new language features, and optimizations. Use '-diag-disable=10448' to disable this message.
GNU ld version 2.30-128.el8_10
End Linking Abaqus/Standard User Subroutines
Mon 22 Jun 2026 06:54:49 AM CEST
Begin Analysis Input File Processor
Mon 22 Jun 2026 06:54:49 AM CEST
Run pre
Mon 22 Jun 2026 06:54:58 AM CEST
End Analysis Input File Processor
Begin Abaqus/Standard Analysis
Mon 22 Jun 2026 06:54:58 AM CEST
Run standard
Mon 22 Jun 2026 12:25:25 PM CEST
End Abaqus/Standard Analysis
Begin SIM Wrap-up
Mon 22 Jun 2026 12:25:26 PM CEST
Run SMASimUtility
Mon 22 Jun 2026 12:25:26 PM CEST
End SIM Wrap-up
Abaqus JOB stage16n_r4k1_deck_clone_exact_250_to_280_to_500 COMPLETED
	Command being timed: "abaqus job=stage16n_r4k1_deck_clone_exact_250_to_280_to_500 input=stage16n_r4k1_deck_clone_exact_250_to_280_to_500.inp oldjob=stage16n_r4k1_deck_clone_exact_250_to_280_to_500_source_250_to_281 user=stage16n_neml_equivalent_chaboche_umat.for interactive ask_delete=OFF scratch=/scratch/pr21vyci/stage16n_r4k/R4K1_250branch_controller/1350764.mmaster02/tmp cpus=16 mp_mode=threads"
	User time (seconds): 53985.93
	System time (seconds): 11792.21
	Percent of CPU this job got: 331%
	Elapsed (wall clock) time (h:mm:ss or m:ss): 5:30:45
	Average shared text size (kbytes): 0
	Average unshared data size (kbytes): 0
	Average stack size (kbytes): 0
	Average total size (kbytes): 0
	Maximum resident set size (kbytes): 1150156
	Average resident set size (kbytes): 0
	Major (requiring I/O) page faults: 52
	Minor (reclaiming a frame) page faults: 1025872417
	Voluntary context switches: 1016101779
	Involuntary context switches: 107969
	Swaps: 0
	File system inputs: 8232
	File system outputs: 1077656712
	Socket messages sent: 0
	Socket messages received: 0
	Signals delivered: 0
	Page size (bytes): 4096
	Exit status: 0
============================================================
PHASE END: R4K1 continuation solve
TIME: Mo 22. Jun 12:25:26 CEST 2026
EXIT: 0
============================================================

============================================================
PHASE START: R4K1 ODB extraction
TIME: Mo 22. Jun 12:25:26 CEST 2026
============================================================
Wrote: stage16n_r4k1_deck_clone_exact_250_to_280_to_500_cycle_metrics.csv
Wrote: stage16n_r4k1_deck_clone_exact_250_to_280_to_500_selected_cycle_loops.csv
Wrote: stage16n_r4k1_deck_clone_exact_250_to_280_to_500_selected_cycle_local_states.csv
	Command being timed: "abaqus python stage16n_extract_hysteresis_and_local_states.py --job stage16n_r4k1_deck_clone_exact_250_to_280_to_500"
	User time (seconds): 16.85
	System time (seconds): 1.52
	Percent of CPU this job got: 59%
	Elapsed (wall clock) time (h:mm:ss or m:ss): 0:31.02
	Average shared text size (kbytes): 0
	Average unshared data size (kbytes): 0
	Average stack size (kbytes): 0
	Average total size (kbytes): 0
	Maximum resident set size (kbytes): 894836
	Average resident set size (kbytes): 0
	Major (requiring I/O) page faults: 136
	Minor (reclaiming a frame) page faults: 208803
	Voluntary context switches: 7625
	Involuntary context switches: 30
	Swaps: 0
	File system inputs: 21848
	File system outputs: 64
	Socket messages sent: 0
	Socket messages received: 0
	Signals delivered: 0
	Page size (bytes): 4096
	Exit status: 0
============================================================
PHASE END: R4K1 ODB extraction
TIME: Mo 22. Jun 12:25:57 CEST 2026
EXIT: 0
============================================================
sending incremental file list
./
reference_1000_cycle_metrics.csv
reference_1000_selected_cycle_local_states.csv
reference_parallel_cycle_metrics.csv
reference_parallel_selected_cycle_local_states.csv
stage16n_r4k1_deck_clone_exact_250_to_280_to_500.sta
stage16n_r4k1_deck_clone_exact_250_to_280_to_500_cycle_metrics.csv
stage16n_r4k1_deck_clone_exact_250_to_280_to_500_selected_cycle_local_states.csv
stage16n_r4k1_deck_clone_exact_250_to_280_to_500_selected_cycle_loops.csv
stage16n_r4k1_deck_clone_exact_250_to_280_to_500_source_250_to_281.sta
stage16n_r4k1_deck_clone_exact_250_to_280_to_500_source_250_to_281_cycle_metrics.csv
stage16n_r4k1_deck_clone_exact_250_to_280_to_500_source_250_to_281_selected_cycle_local_states.csv
stage16n_r4k1_deck_clone_exact_250_to_280_to_500_source_250_to_281_selected_cycle_loops.csv
_logs/
_logs/stage16n_r4k1_deck_clone_exact_250_to_280_to_500.log
_logs/stage16n_r4k1_deck_clone_exact_250_to_280_to_500_datacheck.log
_logs/stage16n_r4k1_deck_clone_exact_250_to_280_to_500_extract.log
_logs/stage16n_r4k1_deck_clone_exact_250_to_280_to_500_source_250_to_281.log
_logs/stage16n_r4k1_deck_clone_exact_250_to_280_to_500_source_250_to_281_extract.log
tmp/

sent 1,244,757 bytes  received 354 bytes  498,044.40 bytes/sec
total size is 1,242,957  speedup is 1.00

============================================================
PHASE START: R4K1 comparison
TIME: Mo 22. Jun 12:25:59 CEST 2026
============================================================
Wrote stage16n_r4k1_deck_clone_exact_250_to_280_to_500_comparison_summary.csv
Wrote stage16n_r4k1_deck_clone_exact_250_to_280_to_500_comparison_details.csv
	Command being timed: "python3 stage16n_compare_r3j_jump_against_reference.py --jump-metrics stage16n_r4k1_deck_clone_exact_250_to_280_to_500_cycle_metrics.csv --jump-local-states stage16n_r4k1_deck_clone_exact_250_to_280_to_500_selected_cycle_local_states.csv --ref-metrics reference_1000_cycle_metrics.csv --ref-local-states reference_1000_selected_cycle_local_states.csv --cycles 500 --out-dir . --prefix stage16n_r4k1_deck_clone_exact_250_to_280_to_500"
	User time (seconds): 0.03
	System time (seconds): 0.00
	Percent of CPU this job got: 66%
	Elapsed (wall clock) time (h:mm:ss or m:ss): 0:00.05
	Average shared text size (kbytes): 0
	Average unshared data size (kbytes): 0
	Average stack size (kbytes): 0
	Average total size (kbytes): 0
	Maximum resident set size (kbytes): 12856
	Average resident set size (kbytes): 0
	Major (requiring I/O) page faults: 0
	Minor (reclaiming a frame) page faults: 1916
	Voluntary context switches: 30
	Involuntary context switches: 1
	Swaps: 0
	File system inputs: 0
	File system outputs: 16
	Socket messages sent: 0
	Socket messages received: 0
	Signals delivered: 0
	Page size (bytes): 4096
	Exit status: 0
============================================================
PHASE END: R4K1 comparison
TIME: Mo 22. Jun 12:25:59 CEST 2026
EXIT: 0
============================================================
sending incremental file list
./
STAGE16N_R4K_CASE_STATUS.md
stage16n_r4k1_deck_clone_exact_250_to_280_to_500_comparison_details.csv
stage16n_r4k1_deck_clone_exact_250_to_280_to_500_comparison_summary.csv
_logs/
_logs/stage16n_r4k1_deck_clone_exact_250_to_280_to_500_compare.log

sent 4,278 bytes  received 108 bytes  8,772.00 bytes/sec
total size is 1,246,123  speedup is 284.11
[Stage16N-R4K1] end: 2026-06-22 12:25:59
sending incremental file list

sent 922 bytes  received 14 bytes  1,872.00 bytes/sec
total size is 1,246,123  speedup is 1,331.33
