 Abaqus/Standard 2024                  DATE 20-Apr-2026 TIME 07:35:20
 SUMMARY OF JOB INFORMATION:
 STEP  INC ATT SEVERE EQUIL TOTAL  TOTAL      STEP       INC OF       DOF    IF
               DISCON ITERS ITERS  TIME/    TIME/LPF    TIME/LPF    MONITOR RIKS
               ITERS               FREQ
   1     1   1     0     4     4  0.0100     0.0100     0.01000   
   1     2   1     0     3     3  0.0200     0.0200     0.01000   
   1     3   1     0     2     2  0.0350     0.0350     0.01500   
   1     4   1     0     2     2  0.0550     0.0550     0.02000   
   1     5   1     0     1     1  0.0750     0.0750     0.02000   
   1     6   1     0     1     1  0.0950     0.0950     0.02000   
   1     7   1     0     1     1  0.115      0.115      0.02000   
   1     8   1     0     1     1  0.135      0.135      0.02000   
   1     9   1     0     1     1  0.155      0.155      0.02000   
   1    10   1     0     1     1  0.175      0.175      0.02000   
   1    11   1     0     1     1  0.195      0.195      0.02000   
   1    12   1     0     1     1  0.215      0.215      0.02000   
   1    13   1     0     1     1  0.235      0.235      0.02000   
   1    14   1     0     2     2  0.255      0.255      0.02000   
   1    15   1     0     4     4  0.275      0.275      0.02000   
   1    16   1     0     2     2  0.295      0.295      0.02000   
   1    17   1     0     2     2  0.315      0.315      0.02000   
   1    18   1     0     2     2  0.335      0.335      0.02000   
   1    19   1     0     1     1  0.355      0.355      0.02000   
   1    20   1     0     1     1  0.375      0.375      0.02000   
   1    21   1     0     1     1  0.395      0.395      0.02000   
   1    22   1     0     1     1  0.415      0.415      0.02000   
   1    23   1     0     1     1  0.435      0.435      0.02000   
   1    24   1     0     1     1  0.455      0.455      0.02000   
   1    25   1     0     1     1  0.475      0.475      0.02000   
   1    26   1     0     1     1  0.495      0.495      0.02000   
   1    27   1     0     1     1  0.515      0.515      0.02000   
   1    28   1     0     1     1  0.535      0.535      0.02000   
   1    29   1     0     1     1  0.555      0.555      0.02000   
   1    30   1     0     1     1  0.575      0.575      0.02000   
   1    31   1     0     1     1  0.595      0.595      0.02000   
   1    32   1     0     1     1  0.615      0.615      0.02000   
   1    33   1     0     1     1  0.635      0.635      0.02000   
   1    34   1     0     1     1  0.655      0.655      0.02000   
   1    35   1     0     1     1  0.675      0.675      0.02000   
   1    36   1     0     1     1  0.695      0.695      0.02000   
   1    37   1     0     1     1  0.715      0.715      0.02000   
   1    38   1     0     1     1  0.735      0.735      0.02000   
   1    39   1     0     2     2  0.755      0.755      0.02000   
   1    40   1     0     4     4  0.775      0.775      0.02000   
   1    41   1     0     2     2  0.795      0.795      0.02000   
   1    42   1     0     2     2  0.815      0.815      0.02000   
   1    43   1     0     1     1  0.835      0.835      0.02000   
   1    44   1     0     1     1  0.855      0.855      0.02000   
   1    45   1     0     1     1  0.875      0.875      0.02000   
   1    46   1     0     1     1  0.895      0.895      0.02000   
   1    47   1     0     1     1  0.915      0.915      0.02000   
   1    48   1     0     1     1  0.935      0.935      0.02000   
   1    49   1     0     1     1  0.955      0.955      0.02000   
   1    50   1     0     1     1  0.975      0.975      0.02000   
   1    51   1     0     1     1  0.995      0.995      0.02000   
   1    52   1     0     1     1  1.02       1.02       0.02000   
   1    53   1     0     1     1  1.04       1.04       0.02000   
   1    54   1     0     1     1  1.06       1.06       0.02000   
   1    55   1     0     1     1  1.08       1.08       0.02000   
   1    56   1     0     1     1  1.10       1.10       0.02000   
   1    57   1     0     1     1  1.12       1.12       0.02000   
   1    58   1     0     1     1  1.14       1.14       0.02000   
   1    59   1     0     1     1  1.16       1.16       0.02000   
   1    60   1     0     1     1  1.18       1.18       0.02000   
   1    61   1     0     1     1  1.20       1.20       0.02000   
   1    62   1     0     1     1  1.22       1.22       0.02000   
   1    63   1     0     1     1  1.24       1.24       0.02000   
   1    64   1     0     2     2  1.26       1.26       0.02000   
   1    65   1     0     4     4  1.28       1.28       0.02000   
   1    66   1     0     2     2  1.30       1.30       0.02000   
   1    67   1     0     2     2  1.32       1.32       0.02000   
   1    68   1     0     1     1  1.34       1.34       0.02000   
   1    69   1     0     1     1  1.36       1.36       0.02000   
   1    70   1     0     1     1  1.38       1.38       0.02000   
   1    71   1     0     1     1  1.40       1.40       0.02000   
   1    72   1     0     1     1  1.42       1.42       0.02000   
   1    73   1     0     1     1  1.44       1.44       0.02000   
   1    74   1     0     1     1  1.46       1.46       0.02000   
   1    75   1     0     1     1  1.48       1.48       0.02000   
   1    76   1     0     1     1  1.50       1.50       0.02000   
   1    77   1     0     1     1  1.52       1.52       0.02000   
   1    78   1     0     1     1  1.54       1.54       0.02000   
   1    79   1     0     1     1  1.56       1.56       0.02000   
   1    80   1     0     1     1  1.58       1.58       0.02000   
   1    81   1     0     1     1  1.60       1.60       0.02000   
   1    82   1     0     1     1  1.62       1.62       0.02000   
   1    83   1     0     1     1  1.64       1.64       0.02000   
   1    84   1     0     1     1  1.66       1.66       0.02000   
   1    85   1     0     1     1  1.68       1.68       0.02000   
   1    86   1     0     1     1  1.70       1.70       0.02000   
   1    87   1     0     1     1  1.72       1.72       0.02000   
   1    88   1     0     1     1  1.74       1.74       0.02000   
   1    89   1     0     2     2  1.76       1.76       0.02000   
   1    90   1     0     4     4  1.78       1.78       0.02000   
   1    91   1     0     2     2  1.80       1.80       0.02000   
   1    92   1     0     2     2  1.82       1.82       0.02000   
   1    93   1     0     1     1  1.84       1.84       0.02000   
   1    94   1     0     1     1  1.86       1.86       0.02000   
   1    95   1     0     1     1  1.88       1.88       0.02000   
   1    96   1     0     1     1  1.90       1.90       0.02000   
   1    97   1     0     1     1  1.92       1.92       0.02000   
   1    98   1     0     1     1  1.94       1.94       0.02000   
   1    99   1     0     1     1  1.96       1.96       0.02000   
   1   100   1     0     1     1  1.98       1.98       0.02000   
   1   101   1     0     1     1  2.00       2.00       0.02000   
   1   102   1     0     1     1  2.00       2.00       0.005000  
                          
 THE ANALYSIS HAS COMPLETED SUCCESSFULLY
