 Abaqus/Standard 2024                  DATE 21-Apr-2026 TIME 06:01:44
 SUMMARY OF JOB INFORMATION:
 STEP  INC ATT SEVERE EQUIL TOTAL  TOTAL      STEP       INC OF       DOF    IF
               DISCON ITERS ITERS  TIME/    TIME/LPF    TIME/LPF    MONITOR RIKS
               ITERS               FREQ
   1     1   1     0     5     5  0.0100     0.0100     0.01000   
   1     2   1     0     4     4  0.0200     0.0200     0.01000   
   1     3   1     0     2     2  0.0300     0.0300     0.01000   
   1     4   1     0     1     1  0.0450     0.0450     0.01500   
   1     5   1     0     2     2  0.0650     0.0650     0.02000   
   1     6   1     0     1     1  0.0850     0.0850     0.02000   
   1     7   1     0     1     1  0.105      0.105      0.02000   
   1     8   1     0     1     1  0.125      0.125      0.02000   
   1     9   1     0     1     1  0.145      0.145      0.02000   
   1    10   1     0     1     1  0.165      0.165      0.02000   
   1    11   1     0     1     1  0.185      0.185      0.02000   
   1    12   1     0     1     1  0.205      0.205      0.02000   
   1    13   1     0     1     1  0.225      0.225      0.02000   
   1    14   1     0     1     1  0.245      0.245      0.02000   
   1    15   1     0     2     2  0.265      0.265      0.02000   
   1    16   1     0     4     4  0.285      0.285      0.02000   
   1    17   1     0     4     4  0.305      0.305      0.02000   
   1    18   1     0     2     2  0.325      0.325      0.02000   
   1    19   1     0     1     1  0.345      0.345      0.02000   
   1    20   1     0     1     1  0.365      0.365      0.02000   
   1    21   1     0     1     1  0.385      0.385      0.02000   
   1    22   1     0     1     1  0.405      0.405      0.02000   
   1    23   1     0     2     2  0.425      0.425      0.02000   
   1    24   1     0     1     1  0.445      0.445      0.02000   
   1    25   1     0     1     1  0.465      0.465      0.02000   
   1    26   1     0     1     1  0.485      0.485      0.02000   
   1    27   1     0     1     1  0.505      0.505      0.02000   
   1    28   1     0     1     1  0.525      0.525      0.02000   
   1    29   1     0     1     1  0.545      0.545      0.02000   
   1    30   1     0     1     1  0.565      0.565      0.02000   
   1    31   1     0     1     1  0.585      0.585      0.02000   
   1    32   1     0     1     1  0.605      0.605      0.02000   
   1    33   1     0     1     1  0.625      0.625      0.02000   
   1    34   1     0     1     1  0.645      0.645      0.02000   
   1    35   1     0     1     1  0.665      0.665      0.02000   
   1    36   1     0     1     1  0.685      0.685      0.02000   
   1    37   1     0     1     1  0.705      0.705      0.02000   
   1    38   1     0     1     1  0.725      0.725      0.02000   
   1    39   1     0     1     1  0.745      0.745      0.02000   
   1    40   1     0     2     2  0.765      0.765      0.02000   
   1    41   1     0     3     3  0.785      0.785      0.02000   
   1    42   1     0     4     4  0.805      0.805      0.02000   
   1    43   1     0     2     2  0.825      0.825      0.02000   
   1    44   1     0     1     1  0.845      0.845      0.02000   
   1    45   1     0     1     1  0.865      0.865      0.02000   
   1    46   1     0     1     1  0.885      0.885      0.02000   
   1    47   1     0     1     1  0.905      0.905      0.02000   
   1    48   1     0     2     2  0.925      0.925      0.02000   
   1    49   1     0     1     1  0.945      0.945      0.02000   
   1    50   1     0     1     1  0.965      0.965      0.02000   
   1    51   1     0     1     1  0.985      0.985      0.02000   
   1    52   1     0     1     1  1.01       1.01       0.02000   
   1    53   1     0     1     1  1.03       1.03       0.02000   
   1    54   1     0     1     1  1.05       1.05       0.02000   
   1    55   1     0     1     1  1.07       1.07       0.02000   
   1    56   1     0     1     1  1.09       1.09       0.02000   
   1    57   1     0     1     1  1.11       1.11       0.02000   
   1    58   1     0     1     1  1.13       1.13       0.02000   
   1    59   1     0     1     1  1.15       1.15       0.02000   
   1    60   1     0     1     1  1.17       1.17       0.02000   
   1    61   1     0     1     1  1.19       1.19       0.02000   
   1    62   1     0     1     1  1.21       1.21       0.02000   
   1    63   1     0     1     1  1.23       1.23       0.02000   
   1    64   1     0     1     1  1.25       1.25       0.02000   
   1    65   1     0     2     2  1.27       1.27       0.02000   
   1    66   1     0     3     3  1.29       1.29       0.02000   
   1    67   1     0     4     4  1.31       1.31       0.02000   
   1    68   1     0     2     2  1.33       1.33       0.02000   
   1    69   1     0     1     1  1.35       1.35       0.02000   
   1    70   1     0     1     1  1.37       1.37       0.02000   
   1    71   1     0     1     1  1.39       1.39       0.02000   
   1    72   1     0     1     1  1.41       1.41       0.02000   
   1    73   1     0     2     2  1.43       1.43       0.02000   
   1    74   1     0     1     1  1.45       1.45       0.02000   
   1    75   1     0     1     1  1.47       1.47       0.02000   
   1    76   1     0     1     1  1.49       1.49       0.02000   
   1    77   1     0     1     1  1.51       1.51       0.02000   
   1    78   1     0     1     1  1.53       1.53       0.02000   
   1    79   1     0     1     1  1.55       1.55       0.02000   
   1    80   1     0     1     1  1.57       1.57       0.02000   
   1    81   1     0     1     1  1.59       1.59       0.02000   
   1    82   1     0     1     1  1.61       1.61       0.02000   
   1    83   1     0     1     1  1.63       1.63       0.02000   
   1    84   1     0     1     1  1.65       1.65       0.02000   
   1    85   1     0     1     1  1.67       1.67       0.02000   
   1    86   1     0     1     1  1.69       1.69       0.02000   
   1    87   1     0     1     1  1.71       1.71       0.02000   
   1    88   1     0     1     1  1.73       1.73       0.02000   
   1    89   1     0     1     1  1.75       1.75       0.02000   
   1    90   1     0     2     2  1.77       1.77       0.02000   
   1    91   1     0     3     3  1.79       1.79       0.02000   
   1    92   1     0     4     4  1.81       1.81       0.02000   
   1    93   1     0     2     2  1.83       1.83       0.02000   
   1    94   1     0     1     1  1.85       1.85       0.02000   
   1    95   1     0     1     1  1.87       1.87       0.02000   
   1    96   1     0     1     1  1.89       1.89       0.02000   
   1    97   1     0     1     1  1.91       1.91       0.02000   
   1    98   1     0     2     2  1.93       1.93       0.02000   
   1    99   1     0     1     1  1.95       1.95       0.02000   
   1   100   1     0     1     1  1.97       1.97       0.02000   
   1   101   1     0     1     1  1.99       1.99       0.02000   
   1   102   1     0     1     1  2.00       2.00       0.01500   
                          
 THE ANALYSIS HAS COMPLETED SUCCESSFULLY
