\BOOKMARK [1][-]{section.1}{\376\377\000B\000i\000g\000\040\000P\000i\000c\000t\000u\000r\000e\000:\000\040\000W\000h\000y\000\040\000C\000y\000c\000l\000e\000\040\000J\000u\000m\000p\000i\000n\000g\000\040\000I\000s\000\040\000N\000e\000e\000d\000e\000d}{}% 1
\BOOKMARK [1][-]{section.2}{\376\377\000P\000a\000p\000e\000r\000\040\0001\000:\000\040\000L\000i\000\040\000e\000t\000\040\000a\000l\000.\000\040\000\050\0002\0000\0002\0005\000\051}{}% 2
\BOOKMARK [2][-]{subsection.2.1}{\376\377\000F\000u\000l\000l\000\040\000R\000e\000f\000e\000r\000e\000n\000c\000e}{section.2}% 3
\BOOKMARK [2][-]{subsection.2.2}{\376\377\000M\000a\000i\000n\000\040\000I\000d\000e\000a}{section.2}% 4
\BOOKMARK [2][-]{subsection.2.3}{\376\377\000W\000h\000y\000\040\000T\000h\000i\000s\000\040\000P\000a\000p\000e\000r\000\040\000M\000a\000t\000t\000e\000r\000s}{section.2}% 5
\BOOKMARK [2][-]{subsection.2.4}{\376\377\000P\000h\000y\000s\000i\000c\000a\000l\000\040\000M\000o\000d\000e\000l}{section.2}% 6
\BOOKMARK [2][-]{subsection.2.5}{\376\377\000E\000n\000e\000r\000g\000y\000\040\000F\000u\000n\000c\000t\000i\000o\000n\000a\000l}{section.2}% 7
\BOOKMARK [2][-]{subsection.2.6}{\376\377\000E\000l\000a\000s\000t\000i\000c\000\040\000E\000n\000e\000r\000g\000y\000\040\000S\000p\000l\000i\000t}{section.2}% 8
\BOOKMARK [2][-]{subsection.2.7}{\376\377\000P\000l\000a\000s\000t\000i\000c\000\040\000S\000t\000r\000a\000i\000n\000\040\000E\000n\000e\000r\000g\000y}{section.2}% 9
\BOOKMARK [2][-]{subsection.2.8}{\376\377\000F\000a\000t\000i\000g\000u\000e\000\040\000D\000e\000g\000r\000a\000d\000a\000t\000i\000o\000n\000\040\000F\000u\000n\000c\000t\000i\000o\000n}{section.2}% 10
\BOOKMARK [2][-]{subsection.2.9}{\376\377\000F\000i\000n\000a\000l\000\040\000E\000n\000e\000r\000g\000y\000\040\000F\000o\000r\000m\000\040\000U\000s\000e\000d}{section.2}% 11
\BOOKMARK [2][-]{subsection.2.10}{\376\377\000H\000i\000s\000t\000o\000r\000y\000\040\000F\000i\000e\000l\000d}{section.2}% 12
\BOOKMARK [2][-]{subsection.2.11}{\376\377\000G\000o\000v\000e\000r\000n\000i\000n\000g\000\040\000E\000q\000u\000a\000t\000i\000o\000n\000s}{section.2}% 13
\BOOKMARK [2][-]{subsection.2.12}{\376\377\000P\000l\000a\000s\000t\000i\000c\000i\000t\000y\000\040\000M\000o\000d\000e\000l\000s\000\040\000U\000s\000e\000d}{section.2}% 14
\BOOKMARK [3][-]{subsubsection.2.12.1}{\376\377\000Y\000i\000e\000l\000d\000\040\000F\000u\000n\000c\000t\000i\000o\000n}{subsection.2.12}% 15
\BOOKMARK [3][-]{subsubsection.2.12.2}{\376\377\000E\000q\000u\000i\000v\000a\000l\000e\000n\000t\000\040\000S\000t\000r\000e\000s\000s\000\040\000f\000o\000r\000\040\000I\000s\000o\000t\000r\000o\000p\000i\000c\000\040\000H\000a\000r\000d\000e\000n\000i\000n\000g\000\040\000M\000o\000d\000e\000l\000s}{subsection.2.12}% 16
\BOOKMARK [3][-]{subsubsection.2.12.3}{\376\377\000P\000l\000a\000s\000t\000i\000c\000\040\000F\000l\000o\000w\000\040\000R\000u\000l\000e}{subsection.2.12}% 17
\BOOKMARK [3][-]{subsubsection.2.12.4}{\376\377\000Y\000i\000e\000l\000d\000\040\000S\000t\000r\000e\000s\000s\000\040\000f\000o\000r\000\040\000L\000i\000n\000e\000a\000r\000\040\000a\000n\000d\000\040\000P\000o\000w\000e\000r\000-\000L\000a\000w\000\040\000H\000a\000r\000d\000e\000n\000i\000n\000g}{subsection.2.12}% 18
\BOOKMARK [3][-]{subsubsection.2.12.5}{\376\377\000A\000r\000m\000s\000t\000r\000o\000n\000g\040\023\000F\000r\000e\000d\000e\000r\000i\000c\000k\000\040\000I\000s\000o\000t\000r\000o\000p\000i\000c\000\040\000H\000a\000r\000d\000e\000n\000i\000n\000g}{subsection.2.12}% 19
\BOOKMARK [3][-]{subsubsection.2.12.6}{\376\377\000A\000r\000m\000s\000t\000r\000o\000n\000g\040\023\000F\000r\000e\000d\000e\000r\000i\000c\000k\000\040\000K\000i\000n\000e\000m\000a\000t\000i\000c\000\040\000H\000a\000r\000d\000e\000n\000i\000n\000g}{subsection.2.12}% 20
\BOOKMARK [2][-]{subsection.2.13}{\376\377\000F\000i\000n\000i\000t\000e\000\040\000E\000l\000e\000m\000e\000n\000t\000\040\000D\000i\000s\000c\000r\000e\000t\000i\000z\000a\000t\000i\000o\000n}{section.2}% 21
\BOOKMARK [2][-]{subsection.2.14}{\376\377\000N\000u\000m\000e\000r\000i\000c\000a\000l\000\040\000I\000m\000p\000l\000e\000m\000e\000n\000t\000a\000t\000i\000o\000n}{section.2}% 22
\BOOKMARK [2][-]{subsection.2.15}{\376\377\000C\000y\000c\000l\000e\000-\000J\000u\000m\000p\000\040\000V\000a\000r\000i\000a\000b\000l\000e\000s}{section.2}% 23
\BOOKMARK [2][-]{subsection.2.16}{\376\377\000C\000y\000c\000l\000e\000-\000J\000u\000m\000p\000\040\000E\000x\000t\000r\000a\000p\000o\000l\000a\000t\000i\000o\000n\000\040\000E\000q\000u\000a\000t\000i\000o\000n\000s}{section.2}% 24
\BOOKMARK [2][-]{subsection.2.17}{\376\377\000A\000d\000a\000p\000t\000i\000v\000e\000\040\000C\000y\000c\000l\000e\000-\000J\000u\000m\000p\000\040\000S\000i\000z\000e}{section.2}% 25
\BOOKMARK [2][-]{subsection.2.18}{\376\377\000C\000y\000c\000l\000e\000-\000J\000u\000m\000p\000\040\000A\000l\000g\000o\000r\000i\000t\000h\000m}{section.2}% 26
\BOOKMARK [2][-]{subsection.2.19}{\376\377\000I\000m\000p\000o\000r\000t\000a\000n\000t\000\040\000F\000i\000g\000u\000r\000e\000s\000\040\000t\000o\000\040\000S\000t\000u\000d\000y\000\040\000i\000n\000\040\000L\000i\000\040\000e\000t\000\040\000a\000l\000.}{section.2}% 27
\BOOKMARK [2][-]{subsection.2.20}{\376\377\000W\000h\000a\000t\000\040\000P\000r\000o\000b\000l\000e\000m\000\040\000L\000i\000\040\000e\000t\000\040\000a\000l\000.\000\040\000S\000o\000l\000v\000e}{section.2}% 28
\BOOKMARK [2][-]{subsection.2.21}{\376\377\000K\000e\000y\000\040\000T\000a\000k\000e\000a\000w\000a\000y\000\040\000f\000r\000o\000m\000\040\000L\000i\000\040\000e\000t\000\040\000a\000l\000.}{section.2}% 29
\BOOKMARK [1][-]{section.3}{\376\377\000P\000a\000p\000e\000r\000\040\0002\000:\000\040\000C\000h\000e\000n\000g\000,\000\040\000H\000u\000\040\000a\000n\000d\000\040\000K\000i\000r\000k\000a\000\040\000\050\0002\0000\0002\0002\000\051}{}% 30
\BOOKMARK [2][-]{subsection.3.1}{\376\377\000F\000u\000l\000l\000\040\000R\000e\000f\000e\000r\000e\000n\000c\000e}{section.3}% 31
\BOOKMARK [2][-]{subsection.3.2}{\376\377\000M\000a\000i\000n\000\040\000I\000d\000e\000a}{section.3}% 32
\BOOKMARK [2][-]{subsection.3.3}{\376\377\000W\000h\000y\000\040\000T\000h\000i\000s\000\040\000P\000a\000p\000e\000r\000\040\000M\000a\000t\000t\000e\000r\000s}{section.3}% 33
\BOOKMARK [2][-]{subsection.3.4}{\376\377\000P\000h\000y\000s\000i\000c\000a\000l\000\040\000M\000o\000d\000e\000l}{section.3}% 34
\BOOKMARK [2][-]{subsection.3.5}{\376\377\000C\000r\000y\000s\000t\000a\000l\000\040\000P\000l\000a\000s\000t\000i\000c\000i\000t\000y\000\040\000M\000a\000t\000e\000r\000i\000a\000l\000\040\000M\000o\000d\000e\000l}{section.3}% 35
\BOOKMARK [3][-]{subsubsection.3.5.1}{\376\377\000M\000u\000l\000t\000i\000p\000l\000i\000c\000a\000t\000i\000v\000e\000\040\000D\000e\000c\000o\000m\000p\000o\000s\000i\000t\000i\000o\000n}{subsection.3.5}% 36
\BOOKMARK [3][-]{subsubsection.3.5.2}{\376\377\000P\000l\000a\000s\000t\000i\000c\000\040\000V\000e\000l\000o\000c\000i\000t\000y\000\040\000G\000r\000a\000d\000i\000e\000n\000t}{subsection.3.5}% 37
\BOOKMARK [3][-]{subsubsection.3.5.3}{\376\377\000S\000t\000r\000e\000s\000s\000\040\000R\000e\000l\000a\000t\000i\000o\000n}{subsection.3.5}% 38
\BOOKMARK [3][-]{subsubsection.3.5.4}{\376\377\000P\000o\000w\000e\000r\000-\000L\000a\000w\000\040\000S\000l\000i\000p\000\040\000R\000u\000l\000e}{subsection.3.5}% 39
\BOOKMARK [3][-]{subsubsection.3.5.5}{\376\377\000A\000c\000c\000u\000m\000u\000l\000a\000t\000e\000d\000\040\000S\000l\000i\000p}{subsection.3.5}% 40
\BOOKMARK [3][-]{subsubsection.3.5.6}{\376\377\000S\000l\000i\000p\000\040\000R\000e\000s\000i\000s\000t\000a\000n\000c\000e\000\040\000H\000a\000r\000d\000e\000n\000i\000n\000g}{subsection.3.5}% 41
\BOOKMARK [3][-]{subsubsection.3.5.7}{\376\377\000H\000a\000l\000l\040\023\000P\000e\000t\000c\000h\000\040\000G\000r\000a\000i\000n\000-\000S\000i\000z\000e\000\040\000D\000e\000p\000e\000n\000d\000e\000n\000c\000e}{subsection.3.5}% 42
\BOOKMARK [3][-]{subsubsection.3.5.8}{\376\377\000A\000r\000m\000s\000t\000r\000o\000n\000g\040\023\000F\000r\000e\000d\000e\000r\000i\000c\000k\000\040\000B\000a\000c\000k\000s\000t\000r\000e\000s\000s\000\040\000E\000v\000o\000l\000u\000t\000i\000o\000n}{subsection.3.5}% 43
\BOOKMARK [2][-]{subsection.3.6}{\376\377\000C\000y\000c\000l\000e\000-\000J\000u\000m\000p\000\040\000I\000n\000t\000e\000r\000n\000a\000l\000\040\000V\000a\000r\000i\000a\000b\000l\000e\000s}{section.3}% 44
\BOOKMARK [2][-]{subsection.3.7}{\376\377\000C\000y\000c\000l\000e\000-\000J\000u\000m\000p\000\040\000P\000o\000s\000t\000u\000l\000a\000t\000i\000o\000n\000s}{section.3}% 45
\BOOKMARK [2][-]{subsection.3.8}{\376\377\000T\000a\000y\000l\000o\000r\000\040\000E\000x\000p\000a\000n\000s\000i\000o\000n\000\040\000o\000f\000\040\000I\000n\000t\000e\000r\000n\000a\000l\000\040\000V\000a\000r\000i\000a\000b\000l\000e\000s}{section.3}% 46
\BOOKMARK [2][-]{subsection.3.9}{\376\377\000A\000d\000a\000p\000t\000i\000v\000e\000\040\000J\000u\000m\000p\000\040\000C\000r\000i\000t\000e\000r\000i\000o\000n}{section.3}% 47
\BOOKMARK [2][-]{subsection.3.10}{\376\377\000R\000e\000-\000E\000q\000u\000i\000l\000i\000b\000r\000a\000t\000i\000o\000n\000\040\000S\000t\000e\000p}{section.3}% 48
\BOOKMARK [2][-]{subsection.3.11}{\376\377\000N\000u\000m\000e\000r\000i\000c\000a\000l\000\040\000S\000t\000r\000a\000t\000e\000g\000y\000\040\000i\000n\000\040\000A\000b\000a\000q\000u\000s}{section.3}% 49
\BOOKMARK [2][-]{subsection.3.12}{\376\377\000C\000y\000c\000l\000e\000-\000J\000u\000m\000p\000\040\000A\000l\000g\000o\000r\000i\000t\000h\000m}{section.3}% 50
\BOOKMARK [2][-]{subsection.3.13}{\376\377\000I\000m\000p\000o\000r\000t\000a\000n\000t\000\040\000F\000i\000g\000u\000r\000e\000s\000\040\000t\000o\000\040\000S\000t\000u\000d\000y\000\040\000i\000n\000\040\000C\000h\000e\000n\000g\000\040\000e\000t\000\040\000a\000l\000.}{section.3}% 51
\BOOKMARK [2][-]{subsection.3.14}{\376\377\000W\000h\000a\000t\000\040\000P\000r\000o\000b\000l\000e\000m\000\040\000C\000h\000e\000n\000g\000\040\000e\000t\000\040\000a\000l\000.\000\040\000S\000o\000l\000v\000e}{section.3}% 52
\BOOKMARK [2][-]{subsection.3.15}{\376\377\000K\000e\000y\000\040\000T\000a\000k\000e\000a\000w\000a\000y\000\040\000f\000r\000o\000m\000\040\000C\000h\000e\000n\000g\000\040\000e\000t\000\040\000a\000l\000.}{section.3}% 53
\BOOKMARK [1][-]{section.4}{\376\377\000C\000o\000m\000p\000a\000r\000i\000s\000o\000n\000\040\000o\000f\000\040\000t\000h\000e\000\040\000T\000w\000o\000\040\000P\000a\000p\000e\000r\000s}{}% 54
\BOOKMARK [1][-]{section.5}{\376\377\000C\000o\000m\000m\000o\000n\000\040\000C\000y\000c\000l\000e\000-\000J\000u\000m\000p\000\040\000L\000o\000g\000i\000c}{}% 55
\BOOKMARK [1][-]{section.6}{\376\377\000W\000h\000a\000t\000\040\000T\000h\000i\000s\000\040\000M\000e\000a\000n\000s\000\040\000f\000o\000r\000\040\000M\000y\000\040\000T\000h\000e\000s\000i\000s\000\040\000D\000i\000r\000e\000c\000t\000i\000o\000n}{}% 56
\BOOKMARK [1][-]{section.7}{\376\377\000S\000h\000o\000r\000t\000\040\000M\000e\000e\000t\000i\000n\000g\000\040\000S\000u\000m\000m\000a\000r\000y}{}% 57
