\BOOKMARK [1][-]{section.1}{\376\377\000C\000o\000j\000o\000c\000a\000r\000u\000\040\000a\000n\000d\000\040\000K\000a\000r\000l\000s\000s\000o\000n\000\040\000\050\0002\0000\0000\0006\000\051\000:\000\040\000A\000\040\000S\000i\000m\000p\000l\000e\000\040\000N\000u\000m\000e\000r\000i\000c\000a\000l\000\040\000M\000e\000t\000h\000o\000d\000\040\000o\000f\000\040\000C\000y\000c\000l\000e\000\040\000J\000u\000m\000p\000s\000\040\000f\000o\000r\000\040\000C\000y\000c\000l\000i\000c\000a\000l\000l\000y\000\040\000L\000o\000a\000d\000e\000d\000\040\000S\000t\000r\000u\000c\000t\000u\000r\000e\000s}{}% 1
\BOOKMARK [2][-]{subsection.1.1}{\376\377\000F\000u\000l\000l\000\040\000R\000e\000f\000e\000r\000e\000n\000c\000e}{section.1}% 2
\BOOKMARK [2][-]{subsection.1.2}{\376\377\000M\000a\000i\000n\000\040\000P\000r\000o\000b\000l\000e\000m\000\040\000A\000d\000d\000r\000e\000s\000s\000e\000d}{section.1}% 3
\BOOKMARK [2][-]{subsection.1.3}{\376\377\000B\000a\000s\000i\000c\000\040\000C\000y\000c\000l\000e\000-\000J\000u\000m\000p\000\040\000I\000d\000e\000a}{section.1}% 4
\BOOKMARK [2][-]{subsection.1.4}{\376\377\000G\000e\000n\000e\000r\000a\000l\000\040\000A\000l\000g\000o\000r\000i\000t\000h\000m}{section.1}% 5
\BOOKMARK [2][-]{subsection.1.5}{\376\377\000C\000h\000a\000r\000a\000c\000t\000e\000r\000i\000s\000t\000i\000c\000\040\000V\000a\000l\000u\000e\000s}{section.1}% 6
\BOOKMARK [2][-]{subsection.1.6}{\376\377\000M\000e\000a\000n\000i\000n\000g\000\040\000o\000f\000\040\000t\000h\000e\000\040\000S\000l\000o\000p\000e\000s}{section.1}% 7
\BOOKMARK [2][-]{subsection.1.7}{\376\377\000C\000o\000n\000t\000r\000o\000l\000\040\000F\000u\000n\000c\000t\000i\000o\000n\000\040\000f\000o\000r\000\040\000J\000u\000m\000p\000\040\000L\000e\000n\000g\000t\000h}{section.1}% 8
\BOOKMARK [2][-]{subsection.1.8}{\376\377\000P\000r\000e\000d\000i\000c\000t\000e\000d\000\040\000S\000l\000o\000p\000e}{section.1}% 9
\BOOKMARK [2][-]{subsection.1.9}{\376\377\000A\000l\000l\000o\000w\000e\000d\000\040\000L\000o\000c\000a\000l\000\040\000J\000u\000m\000p\000\040\000L\000e\000n\000g\000t\000h}{section.1}% 10
\BOOKMARK [2][-]{subsection.1.10}{\376\377\000G\000l\000o\000b\000a\000l\000\040\000J\000u\000m\000p\000\040\000L\000e\000n\000g\000t\000h}{section.1}% 11
\BOOKMARK [2][-]{subsection.1.11}{\376\377\000H\000e\000u\000n\000\040\000E\000x\000t\000r\000a\000p\000o\000l\000a\000t\000i\000o\000n\000\040\000F\000o\000r\000m\000u\000l\000a}{section.1}% 12
\BOOKMARK [2][-]{subsection.1.12}{\376\377\000A\000d\000a\000p\000t\000i\000v\000e\000\040\000N\000u\000m\000b\000e\000r\000\040\000o\000f\000\040\000F\000u\000l\000l\000\040\000F\000E\000\040\000C\000y\000c\000l\000e\000s\000\040\000B\000e\000t\000w\000e\000e\000n\000\040\000J\000u\000m\000p\000s}{section.1}% 13
\BOOKMARK [2][-]{subsection.1.13}{\376\377\000W\000h\000y\000\040\000t\000h\000e\000\040\000C\000o\000n\000t\000r\000o\000l\000\040\000F\000u\000n\000c\000t\000i\000o\000n\000\040\000I\000s\000\040\000N\000e\000c\000e\000s\000s\000a\000r\000y}{section.1}% 14
\BOOKMARK [2][-]{subsection.1.14}{\376\377\000V\000a\000r\000i\000a\000b\000l\000e\000s\000\040\000U\000s\000e\000d\000\040\000i\000n\000\040\000t\000h\000e\000\040\000C\000o\000n\000t\000r\000o\000l\000\040\000S\000e\000t}{section.1}% 15
\BOOKMARK [2][-]{subsection.1.15}{\376\377\000E\000q\000u\000i\000v\000a\000l\000e\000n\000t\000\040\000P\000l\000a\000s\000t\000i\000c\000\040\000S\000t\000r\000a\000i\000n\000\040\000U\000s\000e\000d\000\040\000f\000o\000r\000\040\000V\000a\000l\000i\000d\000a\000t\000i\000o\000n}{section.1}% 16
\BOOKMARK [2][-]{subsection.1.16}{\376\377\000C\000o\000m\000p\000u\000t\000a\000t\000i\000o\000n\000a\000l\000\040\000E\000f\000f\000i\000c\000i\000e\000n\000c\000y\000\040\000M\000e\000a\000s\000u\000r\000e}{section.1}% 17
\BOOKMARK [2][-]{subsection.1.17}{\376\377\000E\000r\000r\000o\000r\000\040\000M\000e\000a\000s\000u\000r\000e\000s}{section.1}% 18
\BOOKMARK [2][-]{subsection.1.18}{\376\377\000C\000y\000c\000l\000e\000-\000J\000u\000m\000p\000\040\000P\000r\000o\000c\000e\000d\000u\000r\000e\000\040\000i\000n\000\040\000C\000o\000m\000p\000a\000c\000t\000\040\000F\000o\000r\000m}{section.1}% 19
\BOOKMARK [2][-]{subsection.1.19}{\376\377\000I\000m\000p\000l\000e\000m\000e\000n\000t\000a\000t\000i\000o\000n\000\040\000I\000d\000e\000a\000\040\000i\000n\000\040\000A\000b\000a\000q\000u\000s}{section.1}% 20
\BOOKMARK [2][-]{subsection.1.20}{\376\377\000K\000e\000y\000\040\000T\000e\000c\000h\000n\000i\000c\000a\000l\000\040\000T\000a\000k\000e\000a\000w\000a\000y\000s}{section.1}% 21
\BOOKMARK [2][-]{subsection.1.21}{\376\377\000L\000i\000m\000i\000t\000a\000t\000i\000o\000n\000s}{section.1}% 22
\BOOKMARK [2][-]{subsection.1.22}{\376\377\000R\000e\000l\000e\000v\000a\000n\000c\000e\000\040\000f\000o\000r\000\040\000T\000h\000e\000s\000i\000s\000\040\000W\000o\000r\000k}{section.1}% 23
\BOOKMARK [2][-]{subsection.1.23}{\376\377\000O\000n\000e\000-\000S\000e\000n\000t\000e\000n\000c\000e\000\040\000S\000u\000m\000m\000a\000r\000y}{section.1}% 24
\BOOKMARK [1][-]{section.2}{\376\377\000N\000e\000s\000n\000a\000s\000\040\000a\000n\000d\000\040\000S\000a\000a\000n\000o\000u\000n\000i\000\040\000\050\0002\0000\0000\0000\000\051\000:\000\040\000C\000y\000c\000l\000e\000-\000J\000u\000m\000p\000i\000n\000g\000\040\000S\000c\000h\000e\000m\000e\000\040\000f\000o\000r\000\040\000C\000o\000u\000p\000l\000e\000d\000\040\000D\000a\000m\000a\000g\000e\040\023\000V\000i\000s\000c\000o\000p\000l\000a\000s\000t\000i\000c\000\040\000M\000o\000d\000e\000l\000s}{}% 25
\BOOKMARK [2][-]{subsection.2.1}{\376\377\000F\000u\000l\000l\000\040\000R\000e\000f\000e\000r\000e\000n\000c\000e}{section.2}% 26
\BOOKMARK [2][-]{subsection.2.2}{\376\377\000M\000a\000i\000n\000\040\000P\000r\000o\000b\000l\000e\000m\000\040\000A\000d\000d\000r\000e\000s\000s\000e\000d}{section.2}% 27
\BOOKMARK [2][-]{subsection.2.3}{\376\377\000M\000a\000i\000n\000\040\000I\000d\000e\000a\000\040\000o\000f\000\040\000t\000h\000e\000\040\000C\000y\000c\000l\000e\000-\000J\000u\000m\000p\000\040\000M\000e\000t\000h\000o\000d}{section.2}% 28
\BOOKMARK [2][-]{subsection.2.4}{\376\377\000S\000t\000a\000t\000e\000\040\000V\000a\000r\000i\000a\000b\000l\000e\000\040\000a\000s\000\040\000a\000\040\000F\000u\000n\000c\000t\000i\000o\000n\000\040\000o\000f\000\040\000C\000y\000c\000l\000e\000\040\000N\000u\000m\000b\000e\000r}{section.2}% 29
\BOOKMARK [2][-]{subsection.2.5}{\376\377\000S\000e\000c\000o\000n\000d\000-\000O\000r\000d\000e\000r\000\040\000T\000a\000y\000l\000o\000r\000\040\000E\000x\000p\000a\000n\000s\000i\000o\000n\000\040\000i\000n\000\040\000C\000y\000c\000l\000e\000\040\000S\000p\000a\000c\000e}{section.2}% 30
\BOOKMARK [2][-]{subsection.2.6}{\376\377\000F\000i\000r\000s\000t\000\040\000P\000s\000e\000u\000d\000o\000-\000D\000e\000r\000i\000v\000a\000t\000i\000v\000e}{section.2}% 31
\BOOKMARK [2][-]{subsection.2.7}{\376\377\000F\000i\000r\000s\000t\000-\000O\000r\000d\000e\000r\000\040\000J\000u\000m\000p\000\040\000C\000r\000i\000t\000e\000r\000i\000o\000n}{section.2}% 32
\BOOKMARK [2][-]{subsection.2.8}{\376\377\000S\000e\000c\000o\000n\000d\000-\000O\000r\000d\000e\000r\000\040\000J\000u\000m\000p\000\040\000C\000r\000i\000t\000e\000r\000i\000o\000n}{section.2}% 33
\BOOKMARK [2][-]{subsection.2.9}{\376\377\000G\000l\000o\000b\000a\000l\000\040\000C\000y\000c\000l\000e\000-\000J\000u\000m\000p\000\040\000S\000i\000z\000e}{section.2}% 34
\BOOKMARK [2][-]{subsection.2.10}{\376\377\000W\000h\000y\000\040\000N\000o\000t\000\040\000U\000s\000e\000\040\000A\000l\000l\000\040\000S\000t\000a\000t\000e\000\040\000V\000a\000r\000i\000a\000b\000l\000e\000s\000?}{section.2}% 35
\BOOKMARK [2][-]{subsection.2.11}{\376\377\000M\000a\000i\000n\000\040\000V\000a\000r\000i\000a\000b\000l\000e\000s\000\040\000U\000s\000e\000d\000\040\000f\000o\000r\000\040\000J\000u\000m\000p\000\040\000C\000o\000n\000t\000r\000o\000l}{section.2}% 36
\BOOKMARK [2][-]{subsection.2.12}{\376\377\000C\000y\000c\000l\000e\000-\000J\000u\000m\000p\000\040\000S\000i\000z\000e\000\040\000B\000a\000s\000e\000d\000\040\000o\000n\000\040\000L\000\040\000a\000n\000d\000\040\000D}{section.2}% 37
\BOOKMARK [2][-]{subsection.2.13}{\376\377\000O\000v\000e\000r\000a\000l\000l\000\040\000C\000y\000c\000l\000e\000-\000J\000u\000m\000p\000\040\000A\000l\000g\000o\000r\000i\000t\000h\000m}{section.2}% 38
\BOOKMARK [2][-]{subsection.2.14}{\376\377\000T\000w\000o\000\040\000V\000e\000r\000s\000i\000o\000n\000s\000\040\000o\000f\000\040\000t\000h\000e\000\040\000C\000y\000c\000l\000e\000-\000J\000u\000m\000p\000\040\000T\000e\000c\000h\000n\000i\000q\000u\000e}{section.2}% 39
\BOOKMARK [3][-]{subsubsection.2.14.1}{\376\377\000C\000J\000T\000V\0001\000:\000\040\000C\000y\000c\000l\000e\000-\000J\000u\000m\000p\000\040\000T\000e\000c\000h\000n\000i\000q\000u\000e\000\040\000V\000e\000r\000s\000i\000o\000n\000\040\0001}{subsection.2.14}% 40
\BOOKMARK [3][-]{subsubsection.2.14.2}{\376\377\000C\000J\000T\000V\0002\000:\000\040\000C\000y\000c\000l\000e\000-\000J\000u\000m\000p\000\040\000T\000e\000c\000h\000n\000i\000q\000u\000e\000\040\000V\000e\000r\000s\000i\000o\000n\000\040\0002}{subsection.2.14}% 41
\BOOKMARK [2][-]{subsection.2.15}{\376\377\000S\000m\000a\000l\000l\000\040\000T\000i\000m\000e\000-\000S\000c\000a\000l\000e\000\040\000I\000n\000t\000e\000g\000r\000a\000t\000i\000o\000n}{section.2}% 42
\BOOKMARK [2][-]{subsection.2.16}{\376\377\000K\000i\000n\000e\000m\000a\000t\000i\000c\000\040\000H\000a\000r\000d\000e\000n\000i\000n\000g\000\040\000U\000p\000d\000a\000t\000e}{section.2}% 43
\BOOKMARK [2][-]{subsection.2.17}{\376\377\000I\000s\000o\000t\000r\000o\000p\000i\000c\000\040\000H\000a\000r\000d\000e\000n\000i\000n\000g\000\040\000U\000p\000d\000a\000t\000e}{section.2}% 44
\BOOKMARK [2][-]{subsection.2.18}{\376\377\000D\000a\000m\000a\000g\000e\000\040\000U\000p\000d\000a\000t\000e}{section.2}% 45
\BOOKMARK [2][-]{subsection.2.19}{\376\377\000I\000m\000p\000l\000i\000c\000i\000t\000\040\000U\000n\000k\000n\000o\000w\000n\000s\000\040\000i\000n\000\040\000t\000h\000e\000\040\000S\000m\000a\000l\000l\000\040\000T\000i\000m\000e\000-\000S\000c\000a\000l\000e\000\040\000A\000l\000g\000o\000r\000i\000t\000h\000m}{section.2}% 46
\BOOKMARK [2][-]{subsection.2.20}{\376\377\000E\000x\000t\000r\000a\000p\000o\000l\000a\000t\000i\000o\000n\000\040\000i\000n\000\040\000C\000J\000T\000V\0002}{section.2}% 47
\BOOKMARK [2][-]{subsection.2.21}{\376\377\000N\000u\000m\000e\000r\000i\000c\000a\000l\000\040\000P\000a\000r\000a\000m\000e\000t\000e\000r\000s\000\040\000U\000s\000e\000d\000\040\000i\000n\000\040\000t\000h\000e\000\040\000C\000y\000c\000l\000e\000-\000J\000u\000m\000p\000\040\000M\000e\000t\000h\000o\000d}{section.2}% 48
\BOOKMARK [2][-]{subsection.2.22}{\376\377\000I\000m\000p\000o\000r\000t\000a\000n\000t\000\040\000N\000u\000m\000e\000r\000i\000c\000a\000l\000\040\000O\000b\000s\000e\000r\000v\000a\000t\000i\000o\000n\000s}{section.2}% 49
\BOOKMARK [2][-]{subsection.2.23}{\376\377\000A\000c\000c\000u\000r\000a\000c\000y\000\040\000a\000n\000d\000\040\000E\000f\000f\000i\000c\000i\000e\000n\000c\000y}{section.2}% 50
\BOOKMARK [2][-]{subsection.2.24}{\376\377\000S\000t\000r\000u\000c\000t\000u\000r\000a\000l\000-\000L\000e\000v\000e\000l\000\040\000I\000m\000p\000l\000e\000m\000e\000n\000t\000a\000t\000i\000o\000n}{section.2}% 51
\BOOKMARK [2][-]{subsection.2.25}{\376\377\000K\000e\000y\000\040\000T\000e\000c\000h\000n\000i\000c\000a\000l\000\040\000T\000a\000k\000e\000a\000w\000a\000y\000s}{section.2}% 52
\BOOKMARK [2][-]{subsection.2.26}{\376\377\000L\000i\000m\000i\000t\000a\000t\000i\000o\000n\000s}{section.2}% 53
\BOOKMARK [2][-]{subsection.2.27}{\376\377\000R\000e\000l\000e\000v\000a\000n\000c\000e\000\040\000f\000o\000r\000\040\000T\000h\000e\000s\000i\000s\000\040\000W\000o\000r\000k}{section.2}% 54
\BOOKMARK [2][-]{subsection.2.28}{\376\377\000O\000n\000e\000-\000S\000e\000n\000t\000e\000n\000c\000e\000\040\000S\000u\000m\000m\000a\000r\000y}{section.2}% 55
\BOOKMARK [1][-]{section.3}{\376\377\000L\000i\000\040\000e\000t\000\040\000a\000l\000.\000\040\000\050\0002\0000\0002\0005\000\051\000:\000\040\000A\000d\000a\000p\000t\000i\000v\000e\000\040\000C\000y\000c\000l\000e\000-\000J\000u\000m\000p\000\040\000M\000e\000t\000h\000o\000d\000\040\000f\000o\000r\000\040\000E\000l\000a\000s\000t\000o\000-\000P\000l\000a\000s\000t\000i\000c\000\040\000P\000h\000a\000s\000e\000-\000F\000i\000e\000l\000d\000\040\000F\000a\000t\000i\000g\000u\000e\000\040\000C\000r\000a\000c\000k\000\040\000P\000r\000o\000p\000a\000g\000a\000t\000i\000o\000n}{}% 56
\BOOKMARK [2][-]{subsection.3.1}{\376\377\000F\000u\000l\000l\000\040\000R\000e\000f\000e\000r\000e\000n\000c\000e}{section.3}% 57
\BOOKMARK [2][-]{subsection.3.2}{\376\377\000M\000a\000i\000n\000\040\000P\000r\000o\000b\000l\000e\000m\000\040\000A\000d\000d\000r\000e\000s\000s\000e\000d}{section.3}% 58
\BOOKMARK [2][-]{subsection.3.3}{\376\377\000M\000a\000i\000n\000\040\000I\000d\000e\000a\000\040\000o\000f\000\040\000t\000h\000e\000\040\000M\000e\000t\000h\000o\000d}{section.3}% 59
\BOOKMARK [2][-]{subsection.3.4}{\376\377\000P\000h\000a\000s\000e\000-\000F\000i\000e\000l\000d\000\040\000D\000e\000s\000c\000r\000i\000p\000t\000i\000o\000n\000\040\000o\000f\000\040\000C\000r\000a\000c\000k}{section.3}% 60
\BOOKMARK [2][-]{subsection.3.5}{\376\377\000T\000o\000t\000a\000l\000\040\000P\000o\000t\000e\000n\000t\000i\000a\000l\000\040\000E\000n\000e\000r\000g\000y}{section.3}% 61
\BOOKMARK [2][-]{subsection.3.6}{\376\377\000E\000l\000a\000s\000t\000i\000c\000\040\000E\000n\000e\000r\000g\000y\000\040\000S\000p\000l\000i\000t}{section.3}% 62
\BOOKMARK [2][-]{subsection.3.7}{\376\377\000P\000l\000a\000s\000t\000i\000c\000\040\000S\000t\000r\000a\000i\000n\000\040\000E\000n\000e\000r\000g\000y\000\040\000D\000e\000n\000s\000i\000t\000y}{section.3}% 63
\BOOKMARK [2][-]{subsection.3.8}{\376\377\000F\000a\000t\000i\000g\000u\000e\000\040\000D\000e\000g\000r\000a\000d\000a\000t\000i\000o\000n\000\040\000F\000u\000n\000c\000t\000i\000o\000n}{section.3}% 64
\BOOKMARK [2][-]{subsection.3.9}{\376\377\000F\000a\000t\000i\000g\000u\000e\000\040\000H\000i\000s\000t\000o\000r\000y\000\040\000V\000a\000r\000i\000a\000b\000l\000e}{section.3}% 65
\BOOKMARK [2][-]{subsection.3.10}{\376\377\000F\000i\000n\000a\000l\000\040\000E\000n\000e\000r\000g\000y\000\040\000F\000u\000n\000c\000t\000i\000o\000n\000a\000l\000\040\000w\000i\000t\000h\000\040\000F\000a\000t\000i\000g\000u\000e}{section.3}% 66
\BOOKMARK [2][-]{subsection.3.11}{\376\377\000H\000i\000s\000t\000o\000r\000y\000\040\000F\000i\000e\000l\000d\000\040\000f\000o\000r\000\040\000C\000r\000a\000c\000k\000\040\000I\000r\000r\000e\000v\000e\000r\000s\000i\000b\000i\000l\000i\000t\000y}{section.3}% 67
\BOOKMARK [2][-]{subsection.3.12}{\376\377\000G\000o\000v\000e\000r\000n\000i\000n\000g\000\040\000E\000q\000u\000a\000t\000i\000o\000n\000s}{section.3}% 68
\BOOKMARK [2][-]{subsection.3.13}{\376\377\000P\000l\000a\000s\000t\000i\000c\000\040\000C\000o\000n\000s\000t\000i\000t\000u\000t\000i\000v\000e\000\040\000M\000o\000d\000e\000l\000s}{section.3}% 69
\BOOKMARK [2][-]{subsection.3.14}{\376\377\000Y\000i\000e\000l\000d\000\040\000F\000u\000n\000c\000t\000i\000o\000n}{section.3}% 70
\BOOKMARK [2][-]{subsection.3.15}{\376\377\000E\000q\000u\000i\000v\000a\000l\000e\000n\000t\000\040\000S\000t\000r\000e\000s\000s\000\040\000f\000o\000r\000\040\000I\000s\000o\000t\000r\000o\000p\000i\000c\000\040\000H\000a\000r\000d\000e\000n\000i\000n\000g}{section.3}% 71
\BOOKMARK [2][-]{subsection.3.16}{\376\377\000P\000l\000a\000s\000t\000i\000c\000\040\000F\000l\000o\000w\000\040\000R\000u\000l\000e}{section.3}% 72
\BOOKMARK [2][-]{subsection.3.17}{\376\377\000Y\000i\000e\000l\000d\000\040\000S\000t\000r\000e\000s\000s\000\040\000f\000o\000r\000\040\000L\000i\000n\000e\000a\000r\000\040\000a\000n\000d\000\040\000P\000o\000w\000e\000r\000-\000L\000a\000w\000\040\000H\000a\000r\000d\000e\000n\000i\000n\000g}{section.3}% 73
\BOOKMARK [2][-]{subsection.3.18}{\376\377\000A\000r\000m\000s\000t\000r\000o\000n\000g\040\023\000F\000r\000e\000d\000e\000r\000i\000c\000k\000\040\000M\000o\000d\000e\000l}{section.3}% 74
\BOOKMARK [2][-]{subsection.3.19}{\376\377\000F\000i\000n\000i\000t\000e\000\040\000E\000l\000e\000m\000e\000n\000t\000\040\000D\000i\000s\000c\000r\000e\000t\000i\000z\000a\000t\000i\000o\000n}{section.3}% 75
\BOOKMARK [2][-]{subsection.3.20}{\376\377\000R\000e\000s\000i\000d\000u\000a\000l\000\040\000E\000q\000u\000a\000t\000i\000o\000n\000s}{section.3}% 76
\BOOKMARK [2][-]{subsection.3.21}{\376\377\000S\000t\000i\000f\000f\000n\000e\000s\000s\000\040\000M\000a\000t\000r\000i\000c\000e\000s}{section.3}% 77
\BOOKMARK [2][-]{subsection.3.22}{\376\377\000C\000y\000c\000l\000e\000-\000J\000u\000m\000p\000\040\000V\000a\000r\000i\000a\000b\000l\000e\000\040\000V\000e\000c\000t\000o\000r}{section.3}% 78
\BOOKMARK [2][-]{subsection.3.23}{\376\377\000W\000h\000y\000\040\000T\000h\000e\000s\000e\000\040\000V\000a\000r\000i\000a\000b\000l\000e\000s\000\040\000A\000r\000e\000\040\000S\000e\000l\000e\000c\000t\000e\000d}{section.3}% 79
\BOOKMARK [2][-]{subsection.3.24}{\376\377\000E\000v\000o\000l\000u\000t\000i\000o\000n\000\040\000R\000a\000t\000e\000\040\000o\000f\000\040}{section.3}% 80
\BOOKMARK [2][-]{subsection.3.25}{\376\377\000T\000r\000a\000p\000e\000z\000o\000i\000d\000a\000l\000\040\000E\000s\000t\000i\000m\000a\000t\000e\000\040\000o\000f\000\040\000V\000a\000r\000i\000a\000b\000l\000e\000\040\000C\000h\000a\000n\000g\000e}{section.3}% 81
\BOOKMARK [2][-]{subsection.3.26}{\376\377\000E\000a\000r\000l\000i\000e\000r\000\040\000S\000e\000c\000o\000n\000d\000-\000O\000r\000d\000e\000r\000\040\000T\000a\000y\000l\000o\000r\000\040\000F\000o\000r\000m}{section.3}% 82
\BOOKMARK [2][-]{subsection.3.27}{\376\377\000M\000o\000d\000i\000f\000i\000e\000d\000\040\000E\000v\000o\000l\000u\000t\000i\000o\000n\000\040\000R\000a\000t\000e\000\040\000f\000o\000r\000\040\000N\000o\000n\000l\000i\000n\000e\000a\000r\000\040\000E\000v\000o\000l\000u\000t\000i\000o\000n}{section.3}% 83
\BOOKMARK [2][-]{subsection.3.28}{\376\377\000E\000x\000p\000r\000e\000s\000s\000i\000o\000n\000\040\000U\000s\000i\000n\000g\000\040\000P\000r\000e\000v\000i\000o\000u\000s\000\040\000C\000y\000c\000l\000e\000\040\000V\000a\000l\000u\000e\000s}{section.3}% 84
\BOOKMARK [2][-]{subsection.3.29}{\376\377\000A\000d\000a\000p\000t\000e\000d\000\040\000F\000o\000r\000m\000u\000l\000a\000\040\000U\000s\000i\000n\000g\000\040\000T\000h\000r\000e\000e\000\040\000C\000o\000m\000p\000l\000e\000t\000e\000\040\000C\000y\000c\000l\000e\000s}{section.3}% 85
\BOOKMARK [2][-]{subsection.3.30}{\376\377\000I\000n\000c\000r\000e\000m\000e\000n\000t\000a\000l\000\040\000U\000p\000d\000a\000t\000e\000\040\000F\000o\000r\000m}{section.3}% 86
\BOOKMARK [2][-]{subsection.3.31}{\376\377\000A\000d\000a\000p\000t\000i\000v\000e\000\040\000C\000y\000c\000l\000e\000-\000J\000u\000m\000p\000\040\000S\000i\000z\000e}{section.3}% 87
\BOOKMARK [2][-]{subsection.3.32}{\376\377\000T\000h\000r\000e\000s\000h\000o\000l\000d\000\040\000f\000o\000r\000\040\000P\000h\000a\000s\000e\000-\000F\000i\000e\000l\000d\000\040\000E\000v\000o\000l\000u\000t\000i\000o\000n}{section.3}% 88
\BOOKMARK [2][-]{subsection.3.33}{\376\377\000C\000o\000r\000r\000e\000c\000t\000i\000o\000n\000\040\000C\000o\000e\000f\000f\000i\000c\000i\000e\000n\000t}{section.3}% 89
\BOOKMARK [2][-]{subsection.3.34}{\376\377\000F\000i\000n\000a\000l\000\040\000A\000d\000a\000p\000t\000i\000v\000e\000\040\000C\000r\000i\000t\000e\000r\000i\000o\000n}{section.3}% 90
\BOOKMARK [2][-]{subsection.3.35}{\376\377\000E\000l\000e\000m\000e\000n\000t\000-\000W\000i\000s\000e\000\040\000J\000u\000m\000p\000\040\000S\000i\000z\000e\000\040\000a\000n\000d\000\040\000G\000l\000o\000b\000a\000l\000\040\000M\000i\000n\000i\000m\000u\000m}{section.3}% 91
\BOOKMARK [2][-]{subsection.3.36}{\376\377\000C\000o\000m\000p\000l\000e\000t\000e\000\040\000A\000d\000a\000p\000t\000i\000v\000e\000\040\000E\000x\000p\000l\000i\000c\000i\000t\000\040\000C\000y\000c\000l\000e\000-\000J\000u\000m\000p\000\040\000A\000l\000g\000o\000r\000i\000t\000h\000m}{section.3}% 92
\BOOKMARK [2][-]{subsection.3.37}{\376\377\000B\000e\000h\000a\000v\000i\000o\000r\000\040\000o\000f\000\040\000t\000h\000e\000\040\000A\000d\000a\000p\000t\000i\000v\000e\000\040\000J\000u\000m\000p\000\040\000S\000i\000z\000e}{section.3}% 93
\BOOKMARK [2][-]{subsection.3.38}{\376\377\000I\000m\000p\000l\000e\000m\000e\000n\000t\000a\000t\000i\000o\000n\000\040\000i\000n\000\040\000A\000b\000a\000q\000u\000s}{section.3}% 94
\BOOKMARK [2][-]{subsection.3.39}{\376\377\000N\000u\000m\000e\000r\000i\000c\000a\000l\000\040\000V\000a\000l\000i\000d\000a\000t\000i\000o\000n\000\040\000C\000a\000s\000e\000s}{section.3}% 95
\BOOKMARK [2][-]{subsection.3.40}{\376\377\000M\000a\000i\000n\000\040\000N\000u\000m\000e\000r\000i\000c\000a\000l\000\040\000R\000e\000s\000u\000l\000t\000s}{section.3}% 96
\BOOKMARK [2][-]{subsection.3.41}{\376\377\000P\000a\000r\000i\000s\000\040\000L\000a\000w\000\040\000V\000e\000r\000i\000f\000i\000c\000a\000t\000i\000o\000n}{section.3}% 97
\BOOKMARK [2][-]{subsection.3.42}{\376\377\000K\000e\000y\000\040\000T\000e\000c\000h\000n\000i\000c\000a\000l\000\040\000T\000a\000k\000e\000a\000w\000a\000y\000s}{section.3}% 98
\BOOKMARK [2][-]{subsection.3.43}{\376\377\000L\000i\000m\000i\000t\000a\000t\000i\000o\000n\000s}{section.3}% 99
\BOOKMARK [2][-]{subsection.3.44}{\376\377\000R\000e\000l\000e\000v\000a\000n\000c\000e\000\040\000f\000o\000r\000\040\000T\000h\000e\000s\000i\000s\000\040\000W\000o\000r\000k}{section.3}% 100
\BOOKMARK [2][-]{subsection.3.45}{\376\377\000O\000n\000e\000-\000S\000e\000n\000t\000e\000n\000c\000e\000\040\000S\000u\000m\000m\000a\000r\000y}{section.3}% 101
\BOOKMARK [1][-]{section.4}{\376\377\000C\000h\000e\000n\000g\000,\000\040\000H\000u\000\040\000a\000n\000d\000\040\000K\000i\000r\000k\000a\000\040\000\050\0002\0000\0002\0002\000\051\000:\000\040\000C\000y\000c\000l\000e\000-\000J\000u\000m\000p\000\040\000A\000c\000c\000e\000l\000e\000r\000a\000t\000i\000o\000n\000\040\000M\000e\000t\000h\000o\000d\000\040\000f\000o\000r\000\040\000C\000r\000y\000s\000t\000a\000l\000\040\000P\000l\000a\000s\000t\000i\000c\000i\000t\000y\000\040\000H\000i\000g\000h\000-\000C\000y\000c\000l\000e\000\040\000F\000a\000t\000i\000g\000u\000e}{}% 102
\BOOKMARK [2][-]{subsection.4.1}{\376\377\000F\000u\000l\000l\000\040\000R\000e\000f\000e\000r\000e\000n\000c\000e}{section.4}% 103
\BOOKMARK [2][-]{subsection.4.2}{\376\377\000M\000a\000i\000n\000\040\000P\000r\000o\000b\000l\000e\000m\000\040\000A\000d\000d\000r\000e\000s\000s\000e\000d}{section.4}% 104
\BOOKMARK [2][-]{subsection.4.3}{\376\377\000M\000a\000i\000n\000\040\000I\000d\000e\000a\000\040\000o\000f\000\040\000t\000h\000e\000\040\000M\000e\000t\000h\000o\000d}{section.4}% 105
\BOOKMARK [2][-]{subsection.4.4}{\376\377\000M\000i\000c\000r\000o\000s\000t\000r\000u\000c\000t\000u\000r\000e\000-\000B\000a\000s\000e\000d\000\040\000M\000o\000d\000e\000l}{section.4}% 106
\BOOKMARK [2][-]{subsection.4.5}{\376\377\000C\000r\000y\000s\000t\000a\000l\000\040\000P\000l\000a\000s\000t\000i\000c\000i\000t\000y\000\040\000K\000i\000n\000e\000m\000a\000t\000i\000c\000s}{section.4}% 107
\BOOKMARK [2][-]{subsection.4.6}{\376\377\000S\000t\000r\000e\000s\000s\000\040\000R\000e\000l\000a\000t\000i\000o\000n}{section.4}% 108
\BOOKMARK [2][-]{subsection.4.7}{\376\377\000P\000o\000w\000e\000r\000-\000L\000a\000w\000\040\000S\000l\000i\000p\000\040\000R\000u\000l\000e}{section.4}% 109
\BOOKMARK [2][-]{subsection.4.8}{\376\377\000A\000c\000c\000u\000m\000u\000l\000a\000t\000e\000d\000\040\000S\000l\000i\000p}{section.4}% 110
\BOOKMARK [2][-]{subsection.4.9}{\376\377\000S\000l\000i\000p\000\040\000R\000e\000s\000i\000s\000t\000a\000n\000c\000e\000\040\000H\000a\000r\000d\000e\000n\000i\000n\000g}{section.4}% 111
\BOOKMARK [2][-]{subsection.4.10}{\376\377\000H\000a\000l\000l\040\023\000P\000e\000t\000c\000h\000\040\000G\000r\000a\000i\000n\000-\000S\000i\000z\000e\000\040\000D\000e\000p\000e\000n\000d\000e\000n\000c\000e}{section.4}% 112
\BOOKMARK [2][-]{subsection.4.11}{\376\377\000A\000r\000m\000s\000t\000r\000o\000n\000g\040\023\000F\000r\000e\000d\000e\000r\000i\000c\000k\000\040\000B\000a\000c\000k\000s\000t\000r\000e\000s\000s\000\040\000E\000v\000o\000l\000u\000t\000i\000o\000n}{section.4}% 113
\BOOKMARK [2][-]{subsection.4.12}{\376\377\000I\000n\000t\000e\000r\000n\000a\000l\000\040\000V\000a\000r\000i\000a\000b\000l\000e\000\040\000S\000e\000t\000\040\000f\000o\000r\000\040\000C\000y\000c\000l\000e\000\040\000J\000u\000m\000p\000i\000n\000g}{section.4}% 114
\BOOKMARK [2][-]{subsection.4.13}{\376\377\000C\000o\000r\000e\000\040\000P\000r\000i\000n\000c\000i\000p\000l\000e\000\040\000o\000f\000\040\000t\000h\000e\000\040\000C\000y\000c\000l\000e\000-\000J\000u\000m\000p\000\040\000M\000e\000t\000h\000o\000d}{section.4}% 115
\BOOKMARK [2][-]{subsection.4.14}{\376\377\000T\000w\000o\000\040\000K\000e\000y\000\040\000P\000o\000s\000t\000u\000l\000a\000t\000i\000o\000n\000s}{section.4}% 116
\BOOKMARK [2][-]{subsection.4.15}{\376\377\000W\000h\000y\000\040\000R\000e\000-\000E\000q\000u\000i\000l\000i\000b\000r\000a\000t\000i\000o\000n\000\040\000I\000s\000\040\000N\000e\000e\000d\000e\000d}{section.4}% 117
\BOOKMARK [2][-]{subsection.4.16}{\376\377\000T\000a\000y\000l\000o\000r\000\040\000E\000x\000p\000a\000n\000s\000i\000o\000n\000\040\000o\000f\000\040\000I\000n\000t\000e\000r\000n\000a\000l\000\040\000V\000a\000r\000i\000a\000b\000l\000e\000s}{section.4}% 118
\BOOKMARK [2][-]{subsection.4.17}{\376\377\000B\000a\000c\000k\000w\000a\000r\000d\000\040\000D\000i\000f\000f\000e\000r\000e\000n\000c\000e\000\040\000A\000p\000p\000r\000o\000x\000i\000m\000a\000t\000i\000o\000n}{section.4}% 119
\BOOKMARK [2][-]{subsection.4.18}{\376\377\000L\000i\000n\000e\000a\000r\000\040\000E\000x\000t\000r\000a\000p\000o\000l\000a\000t\000i\000o\000n\000\040\000U\000s\000e\000d\000\040\000i\000n\000\040\000t\000h\000e\000\040\000P\000a\000p\000e\000r}{section.4}% 120
\BOOKMARK [2][-]{subsection.4.19}{\376\377\000A\000d\000a\000p\000t\000i\000v\000e\000\040\000E\000r\000r\000o\000r\000\040\000C\000r\000i\000t\000e\000r\000i\000o\000n}{section.4}% 121
\BOOKMARK [2][-]{subsection.4.20}{\376\377\000A\000l\000l\000o\000w\000e\000d\000\040\000L\000o\000c\000a\000l\000\040\000J\000u\000m\000p\000\040\000S\000i\000z\000e}{section.4}% 122
\BOOKMARK [2][-]{subsection.4.21}{\376\377\000G\000l\000o\000b\000a\000l\000\040\000C\000y\000c\000l\000e\000-\000J\000u\000m\000p\000\040\000S\000i\000z\000e}{section.4}% 123
\BOOKMARK [2][-]{subsection.4.22}{\376\377\000C\000o\000m\000p\000l\000e\000t\000e\000\040\000C\000y\000c\000l\000e\000-\000J\000u\000m\000p\000\040\000A\000l\000g\000o\000r\000i\000t\000h\000m}{section.4}% 124
\BOOKMARK [2][-]{subsection.4.23}{\376\377\000K\000n\000o\000w\000n\000-\000S\000t\000a\000t\000e\000-\000V\000a\000r\000i\000a\000b\000l\000e\000\040\000C\000y\000c\000l\000e\000-\000J\000u\000m\000p\000\040\000V\000a\000l\000i\000d\000a\000t\000i\000o\000n}{section.4}% 125
\BOOKMARK [2][-]{subsection.4.24}{\376\377\000I\000m\000p\000l\000e\000m\000e\000n\000t\000a\000t\000i\000o\000n\000\040\000i\000n\000\040\000A\000b\000a\000q\000u\000s\000/\000S\000t\000a\000n\000d\000a\000r\000d}{section.4}% 126
\BOOKMARK [2][-]{subsection.4.25}{\376\377\000R\000o\000l\000e\000\040\000o\000f\000\040\000U\000E\000X\000T\000E\000R\000N\000A\000L\000D\000B}{section.4}% 127
\BOOKMARK [2][-]{subsection.4.26}{\376\377\000R\000o\000l\000e\000\040\000o\000f\000\040\000U\000M\000A\000T}{section.4}% 128
\BOOKMARK [2][-]{subsection.4.27}{\376\377\000R\000o\000l\000e\000\040\000o\000f\000\040\000D\000L\000O\000A\000D\000\040\000a\000n\000d\000\040\000D\000I\000S\000P}{section.4}% 129
\BOOKMARK [2][-]{subsection.4.28}{\376\377\000E\000f\000f\000e\000c\000t\000i\000v\000e\000\040\000C\000y\000c\000l\000e\000\040\000N\000u\000m\000b\000e\000r\000\040\000a\000n\000d\000\040\000V\000i\000r\000t\000u\000a\000l\000\040\000T\000i\000m\000e}{section.4}% 130
\BOOKMARK [2][-]{subsection.4.29}{\376\377\000A\000c\000c\000e\000l\000e\000r\000a\000t\000i\000o\000n\000\040\000B\000e\000h\000a\000v\000i\000o\000r}{section.4}% 131
\BOOKMARK [2][-]{subsection.4.30}{\376\377\000V\000a\000l\000i\000d\000a\000t\000i\000o\000n\000\040\000C\000a\000s\000e\000s}{section.4}% 132
\BOOKMARK [2][-]{subsection.4.31}{\376\377\000I\000m\000p\000o\000r\000t\000a\000n\000t\000\040\000N\000u\000m\000e\000r\000i\000c\000a\000l\000\040\000F\000i\000n\000d\000i\000n\000g\000s}{section.4}% 133
\BOOKMARK [2][-]{subsection.4.32}{\376\377\000A\000c\000c\000u\000r\000a\000c\000y\000\040\000M\000e\000a\000s\000u\000r\000e\000s}{section.4}% 134
\BOOKMARK [2][-]{subsection.4.33}{\376\377\000K\000e\000y\000\040\000T\000e\000c\000h\000n\000i\000c\000a\000l\000\040\000T\000a\000k\000e\000a\000w\000a\000y\000s}{section.4}% 135
\BOOKMARK [2][-]{subsection.4.34}{\376\377\000L\000i\000m\000i\000t\000a\000t\000i\000o\000n\000s}{section.4}% 136
\BOOKMARK [2][-]{subsection.4.35}{\376\377\000R\000e\000l\000e\000v\000a\000n\000c\000e\000\040\000f\000o\000r\000\040\000T\000h\000e\000s\000i\000s\000\040\000W\000o\000r\000k}{section.4}% 137
\BOOKMARK [2][-]{subsection.4.36}{\376\377\000O\000n\000e\000-\000S\000e\000n\000t\000e\000n\000c\000e\000\040\000S\000u\000m\000m\000a\000r\000y}{section.4}% 138
\BOOKMARK [1][-]{section.5}{\376\377\000C\000o\000m\000p\000a\000r\000a\000t\000i\000v\000e\000\040\000S\000u\000m\000m\000a\000r\000y\000\040\000o\000f\000\040\000C\000y\000c\000l\000e\000-\000J\000u\000m\000p\000\040\000T\000e\000c\000h\000n\000i\000q\000u\000e\000s}{}% 139
\BOOKMARK [1][-]{section.6}{\376\377\000N\000e\000x\000t\000\040\000P\000a\000p\000e\000r}{}% 140
