 Abaqus/Standard 2024                  DATE 20-Apr-2026 TIME 06:57:50
 SUMMARY OF JOB INFORMATION:
 STEP  INC ATT SEVERE EQUIL TOTAL  TOTAL      STEP       INC OF       DOF    IF
               DISCON ITERS ITERS  TIME/    TIME/LPF    TIME/LPF    MONITOR RIKS
               ITERS               FREQ
   1     1   1     0     6     6  0.0100     0.0100     0.01000   
   1     2   1     0     4     4  0.0200     0.0200     0.01000   
   1     3   1     0     2     2  0.0300     0.0300     0.01000   
   1     4   1     0     2     2  0.0450     0.0450     0.01500   
   1     5   1     0     2     2  0.0650     0.0650     0.02000   
   1     6   1     0     2     2  0.0850     0.0850     0.02000   
   1     7   1     0     2     2  0.105      0.105      0.02000   
   1     8   1     0     1     1  0.125      0.125      0.02000   
   1     9   1     0     1     1  0.145      0.145      0.02000   
   1    10   1     0     1     1  0.165      0.165      0.02000   
   1    11   1     0     1     1  0.185      0.185      0.02000   
   1    12   1     0     1     1  0.205      0.205      0.02000   
   1    13   1     0     1     1  0.225      0.225      0.02000   
   1    14   1     0     1     1  0.245      0.245      0.02000   
   1    15   1U    0     4     4  0.245      0.245      0.02000   
   1    15   2     0     1     1  0.250      0.250      0.005000  
   1    16   1     0     2     2  0.257      0.257      0.007500  
   1    17   1U    0     7     7  0.257      0.257      0.01125   
   1    17   2     0     1     1  0.260      0.260      0.002812  
   1    18   1     0     4     4  0.265      0.265      0.004219  
   1    19   1     0     5     5  0.271      0.271      0.006328  
   1    20   1     0     1     1  0.277      0.277      0.006328  
   1    21   1     0     1     1  0.284      0.284      0.006328  
   1    22   1     0     2     2  0.293      0.293      0.009492  
   1    23   1     0     2     2  0.307      0.307      0.01424   
   1    24   1     0     2     2  0.327      0.327      0.02000   
   1    25   1     0     2     2  0.347      0.347      0.02000   
   1    26   1     0     2     2  0.367      0.367      0.02000   
   1    27   1     0     1     1  0.387      0.387      0.02000   
   1    28   1     0     1     1  0.407      0.407      0.02000   
   1    29   1     0     1     1  0.427      0.427      0.02000   
   1    30   1     0     2     2  0.447      0.447      0.02000   
   1    31   1     0     2     2  0.467      0.467      0.02000   
   1    32   1     0     1     1  0.487      0.487      0.02000   
   1    33   1     0     1     1  0.507      0.507      0.02000   
   1    34   1     0     1     1  0.527      0.527      0.02000   
   1    35   1     0     1     1  0.547      0.547      0.02000   
   1    36   1     0     1     1  0.567      0.567      0.02000   
   1    37   1     0     1     1  0.587      0.587      0.02000   
   1    38   1     0     1     1  0.607      0.607      0.02000   
   1    39   1     0     1     1  0.627      0.627      0.02000   
   1    40   1     0     1     1  0.647      0.647      0.02000   
   1    41   1     0     1     1  0.667      0.667      0.02000   
   1    42   1     0     1     1  0.687      0.687      0.02000   
   1    43   1     0     1     1  0.707      0.707      0.02000   
   1    44   1     0     1     1  0.727      0.727      0.02000   
   1    45   1     0     1     1  0.747      0.747      0.02000   
   1    46   1     0     5     5  0.767      0.767      0.02000   
   1    47   1U    0     4     4  0.767      0.767      0.02000   
   1    47   2     0     5     5  0.772      0.772      0.005000  
   1    48   1     0     1     1  0.777      0.777      0.005000  
   1    49   1     0     1     1  0.782      0.782      0.005000  
   1    50   1     0     1     1  0.790      0.790      0.007500  
   1    51   1     0     2     2  0.801      0.801      0.01125   
   1    52   1     0     2     2  0.818      0.818      0.01688   
   1    53   1     0     2     2  0.838      0.838      0.02000   
   1    54   1     0     2     2  0.858      0.858      0.02000   
   1    55   1     0     2     2  0.878      0.878      0.02000   
   1    56   1     0     1     1  0.898      0.898      0.02000   
   1    57   1     0     1     1  0.918      0.918      0.02000   
   1    58   1     0     1     1  0.938      0.938      0.02000   
   1    59   1     0     2     2  0.958      0.958      0.02000   
   1    60   1     0     2     2  0.978      0.978      0.02000   
   1    61   1     0     1     1  0.998      0.998      0.02000   
   1    62   1     0     1     1  1.00       1.00       0.002129  
                          
 THE ANALYSIS HAS COMPLETED SUCCESSFULLY
