 Abaqus/Standard 2024                  DATE 20-Apr-2026 TIME 07:17:46
 SUMMARY OF JOB INFORMATION:
 STEP  INC ATT SEVERE EQUIL TOTAL  TOTAL      STEP       INC OF       DOF    IF
               DISCON ITERS ITERS  TIME/    TIME/LPF    TIME/LPF    MONITOR RIKS
               ITERS               FREQ
   1     1   1     0     6     6  0.0100     0.0100     0.01000   
   1     2   1     0     4     4  0.0200     0.0200     0.01000   
   1     3   1     0     2     2  0.0300     0.0300     0.01000   
   1     4   1     0     2     2  0.0450     0.0450     0.01500   
   1     5   1     0     2     2  0.0650     0.0650     0.02000   
   1     6   1     0     2     2  0.0850     0.0850     0.02000   
   1     7   1     0     2     2  0.105      0.105      0.02000   
   1     8   1     0     1     1  0.125      0.125      0.02000   
   1     9   1     0     1     1  0.145      0.145      0.02000   
   1    10   1     0     1     1  0.165      0.165      0.02000   
   1    11   1     0     1     1  0.185      0.185      0.02000   
   1    12   1     0     1     1  0.205      0.205      0.02000   
   1    13   1     0     1     1  0.225      0.225      0.02000   
   1    14   1     0     1     1  0.245      0.245      0.02000   
   1    15   1U    0     4     4  0.245      0.245      0.02000   
   1    15   2     0     1     1  0.250      0.250      0.005000  
   1    16   1     0     2     2  0.257      0.257      0.007500  
   1    17   1U    0     7     7  0.257      0.257      0.01125   
   1    17   2     0     1     1  0.260      0.260      0.002812  
   1    18   1     0     4     4  0.265      0.265      0.004219  
   1    19   1     0     5     5  0.271      0.271      0.006328  
   1    20   1     0     1     1  0.277      0.277      0.006328  
   1    21   1     0     1     1  0.284      0.284      0.006328  
   1    22   1     0     2     2  0.293      0.293      0.009492  
   1    23   1     0     2     2  0.307      0.307      0.01424   
   1    24   1     0     2     2  0.327      0.327      0.02000   
   1    25   1     0     2     2  0.347      0.347      0.02000   
   1    26   1     0     2     2  0.367      0.367      0.02000   
   1    27   1     0     1     1  0.387      0.387      0.02000   
   1    28   1     0     1     1  0.407      0.407      0.02000   
   1    29   1     0     1     1  0.427      0.427      0.02000   
   1    30   1     0     2     2  0.447      0.447      0.02000   
   1    31   1     0     2     2  0.467      0.467      0.02000   
   1    32   1     0     1     1  0.487      0.487      0.02000   
   1    33   1     0     1     1  0.507      0.507      0.02000   
   1    34   1     0     1     1  0.527      0.527      0.02000   
   1    35   1     0     1     1  0.547      0.547      0.02000   
   1    36   1     0     1     1  0.567      0.567      0.02000   
   1    37   1     0     1     1  0.587      0.587      0.02000   
   1    38   1     0     1     1  0.607      0.607      0.02000   
   1    39   1     0     1     1  0.627      0.627      0.02000   
   1    40   1     0     1     1  0.647      0.647      0.02000   
   1    41   1     0     1     1  0.667      0.667      0.02000   
   1    42   1     0     1     1  0.687      0.687      0.02000   
   1    43   1     0     1     1  0.707      0.707      0.02000   
   1    44   1     0     1     1  0.727      0.727      0.02000   
   1    45   1     0     1     1  0.747      0.747      0.02000   
   1    46   1     0     5     5  0.767      0.767      0.02000   
   1    47   1U    0     4     4  0.767      0.767      0.02000   
   1    47   2     0     5     5  0.772      0.772      0.005000  
   1    48   1     0     1     1  0.777      0.777      0.005000  
   1    49   1     0     1     1  0.782      0.782      0.005000  
   1    50   1     0     1     1  0.790      0.790      0.007500  
   1    51   1     0     2     2  0.801      0.801      0.01125   
   1    52   1     0     2     2  0.818      0.818      0.01688   
   1    53   1     0     2     2  0.838      0.838      0.02000   
   1    54   1     0     2     2  0.858      0.858      0.02000   
   1    55   1     0     2     2  0.878      0.878      0.02000   
   1    56   1     0     1     1  0.898      0.898      0.02000   
   1    57   1     0     1     1  0.918      0.918      0.02000   
   1    58   1     0     1     1  0.938      0.938      0.02000   
   1    59   1     0     2     2  0.958      0.958      0.02000   
   1    60   1     0     2     2  0.978      0.978      0.02000   
   1    61   1     0     1     1  0.998      0.998      0.02000   
   1    62   1     0     1     1  1.02       1.02       0.02000   
   1    63   1     0     1     1  1.04       1.04       0.02000   
   1    64   1     0     1     1  1.06       1.06       0.02000   
   1    65   1     0     1     1  1.08       1.08       0.02000   
   1    66   1     0     1     1  1.10       1.10       0.02000   
   1    67   1     0     1     1  1.12       1.12       0.02000   
   1    68   1     0     1     1  1.14       1.14       0.02000   
   1    69   1     0     1     1  1.16       1.16       0.02000   
   1    70   1     0     1     1  1.18       1.18       0.02000   
   1    71   1     0     1     1  1.20       1.20       0.02000   
   1    72   1     0     1     1  1.22       1.22       0.02000   
   1    73   1     0     1     1  1.24       1.24       0.02000   
   1    74   1     0     2     2  1.26       1.26       0.02000   
   1    75   1     0     5     5  1.28       1.28       0.02000   
   1    76   1U    0     4     4  1.28       1.28       0.02000   
   1    76   2     0     5     5  1.28       1.28       0.005000  
   1    77   1     0     1     1  1.29       1.29       0.005000  
   1    78   1     0     1     1  1.29       1.29       0.005000  
   1    79   1     0     1     1  1.30       1.30       0.007500  
   1    80   1     0     2     2  1.31       1.31       0.01125   
   1    81   1     0     2     2  1.33       1.33       0.01688   
   1    82   1     0     2     2  1.35       1.35       0.02000   
   1    83   1     0     2     2  1.37       1.37       0.02000   
   1    84   1     0     1     1  1.39       1.39       0.02000   
   1    85   1     0     1     1  1.41       1.41       0.02000   
   1    86   1     0     1     1  1.43       1.43       0.02000   
   1    87   1     0     1     1  1.45       1.45       0.02000   
   1    88   1     0     2     2  1.47       1.47       0.02000   
   1    89   1     0     1     1  1.49       1.49       0.02000   
   1    90   1     0     1     1  1.51       1.51       0.02000   
   1    91   1     0     1     1  1.53       1.53       0.02000   
   1    92   1     0     1     1  1.55       1.55       0.02000   
   1    93   1     0     1     1  1.57       1.57       0.02000   
   1    94   1     0     1     1  1.59       1.59       0.02000   
   1    95   1     0     1     1  1.61       1.61       0.02000   
   1    96   1     0     1     1  1.63       1.63       0.02000   
   1    97   1     0     1     1  1.65       1.65       0.02000   
   1    98   1     0     1     1  1.67       1.67       0.02000   
   1    99   1     0     1     1  1.69       1.69       0.02000   
   1   100   1     0     1     1  1.71       1.71       0.02000   
   1   101   1     0     1     1  1.73       1.73       0.02000   
   1   102   1     0     1     1  1.75       1.75       0.02000   
   1   103   1     0     5     5  1.77       1.77       0.02000   
   1   104   1U    0     6     6  1.77       1.77       0.02000   
   1   104   2     0     5     5  1.77       1.77       0.005000  
   1   105   1     0     1     1  1.78       1.78       0.005000  
   1   106   1     0     1     1  1.78       1.78       0.005000  
   1   107   1     0     1     1  1.79       1.79       0.007500  
   1   108   1     0     2     2  1.80       1.80       0.01125   
   1   109   1     0     2     2  1.82       1.82       0.01688   
   1   110   1     0     2     2  1.84       1.84       0.02000   
   1   111   1     0     2     2  1.86       1.86       0.02000   
   1   112   1     0     1     1  1.88       1.88       0.02000   
   1   113   1     0     1     1  1.90       1.90       0.02000   
   1   114   1     0     1     1  1.92       1.92       0.02000   
   1   115   1     0     1     1  1.94       1.94       0.02000   
   1   116   1     0     2     2  1.96       1.96       0.02000   
   1   117   1     0     2     2  1.98       1.98       0.02000   
   1   118   1     0     1     1  2.00       2.00       0.02000   
   1   119   1     0     1     1  2.00       2.00       0.0008789 
                          
 THE ANALYSIS HAS COMPLETED SUCCESSFULLY
