
============================================================
PHASE START: block 1 ODB extraction
TIME: Do 2. Jul 09:19:10 CEST 2026
============================================================
Wrote: stage16n_r4q_block01_250_to_271_solve_272_to_500_cycle_metrics.csv
Wrote: stage16n_r4q_block01_250_to_271_solve_272_to_500_selected_cycle_loops.csv
Wrote: stage16n_r4q_block01_250_to_271_solve_272_to_500_selected_cycle_local_states.csv
	Command being timed: "abaqus python stage16n_extract_hysteresis_and_local_states.py --job stage16n_r4q_block01_250_to_271_solve_272_to_500"
	User time (seconds): 19.03
	System time (seconds): 1.76
	Percent of CPU this job got: 88%
	Elapsed (wall clock) time (h:mm:ss or m:ss): 0:23.49
	Average shared text size (kbytes): 0
	Average unshared data size (kbytes): 0
	Average stack size (kbytes): 0
	Average total size (kbytes): 0
	Maximum resident set size (kbytes): 917480
	Average resident set size (kbytes): 0
	Major (requiring I/O) page faults: 76
	Minor (reclaiming a frame) page faults: 215810
	Voluntary context switches: 2544
	Involuntary context switches: 53
	Swaps: 0
	File system inputs: 8768
	File system outputs: 64
	Socket messages sent: 0
	Socket messages received: 0
	Signals delivered: 0
	Page size (bytes): 4096
	Exit status: 0
============================================================
PHASE END: block 1 ODB extraction
TIME: Do 2. Jul 09:19:33 CEST 2026
EXIT: 0
============================================================
