
============================================================
PHASE START: extract source state cycle 500 from stage16n_r4q_block01_250_to_271_solve_272_to_500
TIME: Do 2. Jul 09:19:33 CEST 2026
============================================================
Wrote _source_state/stage16n_exact_state_cycle0500.csv
Wrote _source_state/stage16n_exact_state_cycle0500_summary.md
	Command being timed: "abaqus python stage16n_extract_exact_state_for_reinjection.py --odb stage16n_r4q_block01_250_to_271_solve_272_to_500.odb --cycles 500 --outdir _source_state"
	User time (seconds): 8.50
	System time (seconds): 0.45
	Percent of CPU this job got: 93%
	Elapsed (wall clock) time (h:mm:ss or m:ss): 0:09.59
	Average shared text size (kbytes): 0
	Average unshared data size (kbytes): 0
	Average stack size (kbytes): 0
	Average total size (kbytes): 0
	Maximum resident set size (kbytes): 357716
	Average resident set size (kbytes): 0
	Major (requiring I/O) page faults: 0
	Minor (reclaiming a frame) page faults: 75779
	Voluntary context switches: 2149
	Involuntary context switches: 40
	Swaps: 0
	File system inputs: 0
	File system outputs: 39528
	Socket messages sent: 0
	Socket messages received: 0
	Signals delivered: 0
	Page size (bytes): 4096
	Exit status: 0
============================================================
PHASE END: extract source state cycle 500 from stage16n_r4q_block01_250_to_271_solve_272_to_500
TIME: Do 2. Jul 09:19:43 CEST 2026
EXIT: 0
============================================================
