
============================================================
PHASE START: compare block end 1000
TIME: Fr 3. Jul 18:09:19 CEST 2026
============================================================
Traceback (most recent call last):
  File "stage16n_compare_r3j_jump_against_reference.py", line 166, in <module>
    main()
  File "stage16n_compare_r3j_jump_against_reference.py", line 96, in main
    test_rows=jump_metrics,
  File "stage16n_compare_r3j_jump_against_reference.py", line 37, in compare_table
    raise KeyError(f"Cycle {cycle} missing from reference {kind} table")
KeyError: 'Cycle 1000 missing from reference global_cycle_metric table'
Command exited with non-zero status 1
	Command being timed: "python3 stage16n_compare_r3j_jump_against_reference.py --jump-metrics stage16n_r4q3_block03_750_to_771_solve_772_to_1000_cycle_metrics.csv --jump-local-states stage16n_r4q3_block03_750_to_771_solve_772_to_1000_selected_cycle_local_states.csv --ref-metrics reference_1000_cycle_metrics.csv --ref-local-states reference_1000_selected_cycle_local_states.csv --cycles 1000 --out-dir . --prefix stage16n_r4q3_block03_750_to_771_solve_772_to_1000"
	User time (seconds): 0.03
	System time (seconds): 0.00
	Percent of CPU this job got: 80%
	Elapsed (wall clock) time (h:mm:ss or m:ss): 0:00.05
	Average shared text size (kbytes): 0
	Average unshared data size (kbytes): 0
	Average stack size (kbytes): 0
	Average total size (kbytes): 0
	Maximum resident set size (kbytes): 12768
	Average resident set size (kbytes): 0
	Major (requiring I/O) page faults: 0
	Minor (reclaiming a frame) page faults: 1920
	Voluntary context switches: 19
	Involuntary context switches: 2
	Swaps: 0
	File system inputs: 0
	File system outputs: 0
	Socket messages sent: 0
	Socket messages received: 0
	Signals delivered: 0
	Page size (bytes): 4096
	Exit status: 1
============================================================
PHASE END: compare block end 1000
TIME: Fr 3. Jul 18:09:19 CEST 2026
EXIT: 1
============================================================
