
============================================================
PHASE START: R4Q3 ODB extraction
TIME: Fr 3. Jul 18:08:46 CEST 2026
============================================================
Wrote: stage16n_r4q3_block03_750_to_771_solve_772_to_1000_cycle_metrics.csv
Wrote: stage16n_r4q3_block03_750_to_771_solve_772_to_1000_selected_cycle_loops.csv
Wrote: stage16n_r4q3_block03_750_to_771_solve_772_to_1000_selected_cycle_local_states.csv
	Command being timed: "abaqus python stage16n_extract_hysteresis_and_local_states.py --job stage16n_r4q3_block03_750_to_771_solve_772_to_1000"
	User time (seconds): 19.28
	System time (seconds): 1.83
	Percent of CPU this job got: 92%
	Elapsed (wall clock) time (h:mm:ss or m:ss): 0:22.74
	Average shared text size (kbytes): 0
	Average unshared data size (kbytes): 0
	Average stack size (kbytes): 0
	Average total size (kbytes): 0
	Maximum resident set size (kbytes): 924928
	Average resident set size (kbytes): 0
	Major (requiring I/O) page faults: 144
	Minor (reclaiming a frame) page faults: 216657
	Voluntary context switches: 2883
	Involuntary context switches: 34
	Swaps: 0
	File system inputs: 20272
	File system outputs: 64
	Socket messages sent: 0
	Socket messages received: 0
	Signals delivered: 0
	Page size (bytes): 4096
	Exit status: 0
============================================================
PHASE END: R4Q3 ODB extraction
TIME: Fr 3. Jul 18:09:09 CEST 2026
EXIT: 0
============================================================
