
============================================================
PHASE START: extract source state cycle 1000 from stage16n_r4q3_block03_750_to_771_solve_772_to_1000
TIME: Fr 3. Jul 18:09:09 CEST 2026
============================================================
Wrote _source_state/stage16n_exact_state_cycle1000.csv
Wrote _source_state/stage16n_exact_state_cycle1000_summary.md
	Command being timed: "abaqus python stage16n_extract_exact_state_for_reinjection.py --odb stage16n_r4q3_block03_750_to_771_solve_772_to_1000.odb --cycles 1000 --outdir _source_state"
	User time (seconds): 8.78
	System time (seconds): 0.50
	Percent of CPU this job got: 93%
	Elapsed (wall clock) time (h:mm:ss or m:ss): 0:09.92
	Average shared text size (kbytes): 0
	Average unshared data size (kbytes): 0
	Average stack size (kbytes): 0
	Average total size (kbytes): 0
	Maximum resident set size (kbytes): 358000
	Average resident set size (kbytes): 0
	Major (requiring I/O) page faults: 3
	Minor (reclaiming a frame) page faults: 79060
	Voluntary context switches: 2244
	Involuntary context switches: 21
	Swaps: 0
	File system inputs: 312
	File system outputs: 39512
	Socket messages sent: 0
	Socket messages received: 0
	Signals delivered: 0
	Page size (bytes): 4096
	Exit status: 0
============================================================
PHASE END: extract source state cycle 1000 from stage16n_r4q3_block03_750_to_771_solve_772_to_1000
TIME: Fr 3. Jul 18:09:19 CEST 2026
EXIT: 0
============================================================
