
============================================================
PHASE START: block 2 datacheck
TIME: Do 2. Jul 09:19:49 CEST 2026
============================================================
Abaqus Error: The following file(s) could not be located: stage16n_r4q_block02_500_to_521_solve_522_to_750.inp
Abaqus/Datacheck exited with error(s).
Command exited with non-zero status 1
	Command being timed: "abaqus job=stage16n_r4q_block02_500_to_521_solve_522_to_750_datacheck input=stage16n_r4q_block02_500_to_521_solve_522_to_750.inp oldjob=stage16n_r4q_block01_250_to_271_solve_272_to_500 user=stage16n_r3_jump_umat.for datacheck interactive ask_delete=OFF scratch=/scratch/pr21vyci/stage16n_r4q_long_adaptive_chain_1cpu/1362114.mmaster02/tmp cpus=1 mp_mode=threads"
	User time (seconds): 0.11
	System time (seconds): 0.03
	Percent of CPU this job got: 86%
	Elapsed (wall clock) time (h:mm:ss or m:ss): 0:00.17
	Average shared text size (kbytes): 0
	Average unshared data size (kbytes): 0
	Average stack size (kbytes): 0
	Average total size (kbytes): 0
	Maximum resident set size (kbytes): 45224
	Average resident set size (kbytes): 0
	Major (requiring I/O) page faults: 1
	Minor (reclaiming a frame) page faults: 7225
	Voluntary context switches: 394
	Involuntary context switches: 4
	Swaps: 0
	File system inputs: 160
	File system outputs: 0
	Socket messages sent: 0
	Socket messages received: 0
	Signals delivered: 0
	Page size (bytes): 4096
	Exit status: 1
============================================================
PHASE END: block 2 datacheck
TIME: Do 2. Jul 09:19:49 CEST 2026
EXIT: 1
============================================================
