
============================================================
PHASE START: R4L2_1 ODB extraction
TIME: Mo 22. Jun 22:01:37 CEST 2026
============================================================
Wrote: stage16n_r4l2_1_r1b_jump_250_to_270_solve_271_to_500_cycle_metrics.csv
Wrote: stage16n_r4l2_1_r1b_jump_250_to_270_solve_271_to_500_selected_cycle_loops.csv
Wrote: stage16n_r4l2_1_r1b_jump_250_to_270_solve_271_to_500_selected_cycle_local_states.csv
	Command being timed: "abaqus python stage16n_extract_hysteresis_and_local_states.py --job stage16n_r4l2_1_r1b_jump_250_to_270_solve_271_to_500"
	User time (seconds): 0.28
	System time (seconds): 0.06
	Percent of CPU this job got: 77%
	Elapsed (wall clock) time (h:mm:ss or m:ss): 0:00.44
	Average shared text size (kbytes): 0
	Average unshared data size (kbytes): 0
	Average stack size (kbytes): 0
	Average total size (kbytes): 0
	Maximum resident set size (kbytes): 110744
	Average resident set size (kbytes): 0
	Major (requiring I/O) page faults: 97
	Minor (reclaiming a frame) page faults: 12657
	Voluntary context switches: 1003
	Involuntary context switches: 6
	Swaps: 0
	File system inputs: 14880
	File system outputs: 24
	Socket messages sent: 0
	Socket messages received: 0
	Signals delivered: 0
	Page size (bytes): 4096
	Exit status: 0
============================================================
PHASE END: R4L2_1 ODB extraction
TIME: Mo 22. Jun 22:01:37 CEST 2026
EXIT: 0
============================================================
