
============================================================
PHASE START: R4L2_1 continuation solve
TIME: Mo 22. Jun 22:01:24 CEST 2026
============================================================
Analysis initiated from SIMULIA established products
Abaqus JOB stage16n_r4l2_1_r1b_jump_250_to_270_solve_271_to_500
Abaqus 2023
Abaqus License Manager checked out the following licenses:
Abaqus/Standard checked out 16 tokens from Flexnet server license4.imfd.tu-freiberg.de.
<232 out of 300 licenses remain available>.
Begin Compiling Abaqus/Standard User Subroutines
Mon 22 Jun 2026 10:01:27 PM CEST
Intel(R) Fortran Intel(R) 64 Compiler Classic for applications running on Intel(R) 64, Version 2021.13.0 Build 20240602_000000
Copyright (C) 1985-2024 Intel Corporation.  All rights reserved.

ifort: remark #10448: Intel(R) Fortran Compiler Classic (ifort) is now deprecated and will be discontinued late 2024. Intel recommends that customers transition now to using the LLVM-based Intel(R) Fortran Compiler (ifx) for continued Windows* and Linux* support, new language support, new language features, and optimizations. Use '-diag-disable=10448' to disable this message.
ifort: command line warning #10434: option '-extend_source' use with underscore is deprecated; use '-extend-source' instead
 Intel(R) Fortran 2021.13.0-1693
stage16n_r3_jump_umat.for(23): remark #15009: umat_ has been targeted for automatic cpu dispatch
stage16n_r3_jump_umat.for(248): remark #15009: stage16n_r3j_jump_overwrite_ has been targeted for automatic cpu dispatch
End Compiling Abaqus/Standard User Subroutines
Begin Linking Abaqus/Standard User Subroutines
Intel(R) Fortran Intel(R) 64 Compiler Classic for applications running on Intel(R) 64, Version 2021.13.0 Build 20240602_000000
Copyright (C) 1985-2024 Intel Corporation.  All rights reserved.

ifort: remark #10448: Intel(R) Fortran Compiler Classic (ifort) is now deprecated and will be discontinued late 2024. Intel recommends that customers transition now to using the LLVM-based Intel(R) Fortran Compiler (ifx) for continued Windows* and Linux* support, new language support, new language features, and optimizations. Use '-diag-disable=10448' to disable this message.
GNU ld version 2.30-128.el8_10
End Linking Abaqus/Standard User Subroutines
Mon 22 Jun 2026 10:01:35 PM CEST
Begin Analysis Input File Processor
Mon 22 Jun 2026 10:01:35 PM CEST
Run pre
Mon 22 Jun 2026 10:01:36 PM CEST
Abaqus Error: Analysis Input File Processor exited with an error - Please see the 
stage16n_r4l2_1_r1b_jump_250_to_270_solve_271_to_500.dat file for possible error messages if the file exists.
Begin SIM Wrap-up
Mon 22 Jun 2026 10:01:36 PM CEST
Run SMASimUtility
Mon 22 Jun 2026 10:01:36 PM CEST
End SIM Wrap-up
Abaqus/Analysis exited with errors
Command exited with non-zero status 1
	Command being timed: "abaqus job=stage16n_r4l2_1_r1b_jump_250_to_270_solve_271_to_500 input=stage16n_r4l2_1_r1b_jump_250_to_270_solve_271_to_500.inp oldjob=stage16n_r1b_restart_ref_250cycles user=stage16n_r3_jump_umat.for interactive ask_delete=OFF scratch=/scratch/pr21vyci/stage16n_r4l2/R4L2_250branch_R1B_restart_storage_light_controller/1353909.mmaster02/tmp cpus=16 mp_mode=threads"
	User time (seconds): 6.20
	System time (seconds): 0.50
	Percent of CPU this job got: 55%
	Elapsed (wall clock) time (h:mm:ss or m:ss): 0:12.13
	Average shared text size (kbytes): 0
	Average unshared data size (kbytes): 0
	Average stack size (kbytes): 0
	Average total size (kbytes): 0
	Maximum resident set size (kbytes): 247772
	Average resident set size (kbytes): 0
	Major (requiring I/O) page faults: 0
	Minor (reclaiming a frame) page faults: 115147
	Voluntary context switches: 2719
	Involuntary context switches: 96
	Swaps: 0
	File system inputs: 0
	File system outputs: 8616
	Socket messages sent: 0
	Socket messages received: 0
	Signals delivered: 0
	Page size (bytes): 4096
	Exit status: 1
============================================================
PHASE END: R4L2_1 continuation solve
TIME: Mo 22. Jun 22:01:36 CEST 2026
EXIT: 1
============================================================
