Analysis initiated from SIMULIA established products
Abaqus JOB stage16n_r4ir6_deck_clone_500_to_506_restart_505_to_750_datacheck
Abaqus 2023
Abaqus License Manager checked out the following licenses:
Abaqus/Standard checked out 16 tokens from Flexnet server license4.imfd.tu-freiberg.de.
<258 out of 300 licenses remain available>.
Begin Compiling Abaqus/Standard User Subroutines
Sun 21 Jun 2026 06:31:37 PM CEST
Intel(R) Fortran Intel(R) 64 Compiler Classic for applications running on Intel(R) 64, Version 2021.13.0 Build 20240602_000000
Copyright (C) 1985-2024 Intel Corporation.  All rights reserved.

ifort: remark #10448: Intel(R) Fortran Compiler Classic (ifort) is now deprecated and will be discontinued late 2024. Intel recommends that customers transition now to using the LLVM-based Intel(R) Fortran Compiler (ifx) for continued Windows* and Linux* support, new language support, new language features, and optimizations. Use '-diag-disable=10448' to disable this message.
ifort: command line warning #10434: option '-extend_source' use with underscore is deprecated; use '-extend-source' instead
 Intel(R) Fortran 2021.13.0-1693
stage16n_neml_equivalent_chaboche_umat.for(23): remark #15009: umat_ has been targeted for automatic cpu dispatch
End Compiling Abaqus/Standard User Subroutines
Begin Linking Abaqus/Standard User Subroutines
Intel(R) Fortran Intel(R) 64 Compiler Classic for applications running on Intel(R) 64, Version 2021.13.0 Build 20240602_000000
Copyright (C) 1985-2024 Intel Corporation.  All rights reserved.

ifort: remark #10448: Intel(R) Fortran Compiler Classic (ifort) is now deprecated and will be discontinued late 2024. Intel recommends that customers transition now to using the LLVM-based Intel(R) Fortran Compiler (ifx) for continued Windows* and Linux* support, new language support, new language features, and optimizations. Use '-diag-disable=10448' to disable this message.
GNU ld version 2.30-128.el8_10
End Linking Abaqus/Standard User Subroutines
Sun 21 Jun 2026 06:31:46 PM CEST
Begin Analysis Input File Processor
Sun 21 Jun 2026 06:31:46 PM CEST
Run pre
Sun 21 Jun 2026 06:31:57 PM CEST
End Analysis Input File Processor
Begin Abaqus/Standard Datacheck
Begin Abaqus/Standard Analysis
Sun 21 Jun 2026 06:31:57 PM CEST
Run standard
Sun 21 Jun 2026 06:32:01 PM CEST
End Abaqus/Standard Analysis
Begin SIM Wrap-up
Sun 21 Jun 2026 06:32:01 PM CEST
Run SMASimUtility
Sun 21 Jun 2026 06:32:01 PM CEST
End SIM Wrap-up
Abaqus JOB stage16n_r4ir6_deck_clone_500_to_506_restart_505_to_750_datacheck COMPLETED
