
============================================================
PHASE START: source datacheck
TIME: Di 23. Jun 17:59:18 CEST 2026
============================================================
Analysis initiated from SIMULIA established products
Abaqus JOB stage16n_r1b_restart_ref_250cycles_datacheck
Abaqus 2023
Abaqus License Manager checked out the following licenses:
Abaqus/Standard checked out 16 tokens from Flexnet server license4.imfd.tu-freiberg.de.
<207 out of 300 licenses remain available>.
Begin Compiling Abaqus/Standard User Subroutines
Tue 23 Jun 2026 05:59:20 PM CEST
Intel(R) Fortran Intel(R) 64 Compiler Classic for applications running on Intel(R) 64, Version 2021.13.0 Build 20240602_000000
Copyright (C) 1985-2024 Intel Corporation.  All rights reserved.

ifort: remark #10448: Intel(R) Fortran Compiler Classic (ifort) is now deprecated and will be discontinued late 2024. Intel recommends that customers transition now to using the LLVM-based Intel(R) Fortran Compiler (ifx) for continued Windows* and Linux* support, new language support, new language features, and optimizations. Use '-diag-disable=10448' to disable this message.
ifort: command line warning #10434: option '-extend_source' use with underscore is deprecated; use '-extend-source' instead
 Intel(R) Fortran 2021.13.0-1693
stage16n_neml_equivalent_chaboche_umat.for(23): remark #15009: umat_ has been targeted for automatic cpu dispatch
End Compiling Abaqus/Standard User Subroutines
Begin Linking Abaqus/Standard User Subroutines
Intel(R) Fortran Intel(R) 64 Compiler Classic for applications running on Intel(R) 64, Version 2021.13.0 Build 20240602_000000
Copyright (C) 1985-2024 Intel Corporation.  All rights reserved.

ifort: remark #10448: Intel(R) Fortran Compiler Classic (ifort) is now deprecated and will be discontinued late 2024. Intel recommends that customers transition now to using the LLVM-based Intel(R) Fortran Compiler (ifx) for continued Windows* and Linux* support, new language support, new language features, and optimizations. Use '-diag-disable=10448' to disable this message.
GNU ld version 2.30-128.el8_10
End Linking Abaqus/Standard User Subroutines
Tue 23 Jun 2026 05:59:27 PM CEST
Begin Analysis Input File Processor
Tue 23 Jun 2026 05:59:27 PM CEST
Run pre
Tue 23 Jun 2026 05:59:58 PM CEST
End Analysis Input File Processor
Begin Abaqus/Standard Datacheck
Begin Abaqus/Standard Analysis
Tue 23 Jun 2026 05:59:58 PM CEST
Run standard
Tue 23 Jun 2026 06:00:10 PM CEST
End Abaqus/Standard Analysis
Begin SIM Wrap-up
Tue 23 Jun 2026 06:00:11 PM CEST
Run SMASimUtility
Tue 23 Jun 2026 06:00:11 PM CEST
End SIM Wrap-up
Abaqus JOB stage16n_r1b_restart_ref_250cycles_datacheck COMPLETED
	Command being timed: "abaqus job=stage16n_r1b_restart_ref_250cycles_datacheck input=stage16n_r1b_restart_ref_250cycles.inp user=stage16n_neml_equivalent_chaboche_umat.for datacheck interactive ask_delete=OFF scratch=/scratch/pr21vyci/stage16n_r4n/R4N_250branch_refinement_storage_light_controller/1355855.mmaster02/tmp cpus=16 mp_mode=threads"
	User time (seconds): 13.11
	System time (seconds): 2.40
	Percent of CPU this job got: 29%
	Elapsed (wall clock) time (h:mm:ss or m:ss): 0:53.17
	Average shared text size (kbytes): 0
	Average unshared data size (kbytes): 0
	Average stack size (kbytes): 0
	Average total size (kbytes): 0
	Maximum resident set size (kbytes): 747632
	Average resident set size (kbytes): 0
	Major (requiring I/O) page faults: 4125
	Minor (reclaiming a frame) page faults: 392188
	Voluntary context switches: 24203
	Involuntary context switches: 92
	Swaps: 0
	File system inputs: 691824
	File system outputs: 242152
	Socket messages sent: 0
	Socket messages received: 0
	Signals delivered: 0
	Page size (bytes): 4096
	Exit status: 0
============================================================
PHASE END: source datacheck
TIME: Di 23. Jun 18:00:11 CEST 2026
EXIT: 0
============================================================
