
============================================================
PHASE START: target-275 ODB extraction
TIME: Mi 24. Jun 02:31:45 CEST 2026
============================================================
Wrote: stage16n_r4n_target275_jump_250_to_275_solve_276_to_500_cycle_metrics.csv
Wrote: stage16n_r4n_target275_jump_250_to_275_solve_276_to_500_selected_cycle_loops.csv
Wrote: stage16n_r4n_target275_jump_250_to_275_solve_276_to_500_selected_cycle_local_states.csv
	Command being timed: "abaqus python stage16n_extract_hysteresis_and_local_states.py --job stage16n_r4n_target275_jump_250_to_275_solve_276_to_500"
	User time (seconds): 16.34
	System time (seconds): 1.48
	Percent of CPU this job got: 67%
	Elapsed (wall clock) time (h:mm:ss or m:ss): 0:26.50
	Average shared text size (kbytes): 0
	Average unshared data size (kbytes): 0
	Average stack size (kbytes): 0
	Average total size (kbytes): 0
	Maximum resident set size (kbytes): 904428
	Average resident set size (kbytes): 0
	Major (requiring I/O) page faults: 141
	Minor (reclaiming a frame) page faults: 212069
	Voluntary context switches: 1576
	Involuntary context switches: 34
	Swaps: 0
	File system inputs: 19544
	File system outputs: 64
	Socket messages sent: 0
	Socket messages received: 0
	Signals delivered: 0
	Page size (bytes): 4096
	Exit status: 0
============================================================
PHASE END: target-275 ODB extraction
TIME: Mi 24. Jun 02:32:12 CEST 2026
EXIT: 0
============================================================
