
============================================================
PHASE START: source state extraction
TIME: Di 23. Jun 21:43:56 CEST 2026
============================================================
Wrote _source_state/stage16n_exact_state_cycle0100.csv
Wrote _source_state/stage16n_exact_state_cycle0100_summary.md
Wrote _source_state/stage16n_exact_state_cycle0250.csv
Wrote _source_state/stage16n_exact_state_cycle0250_summary.md
	Command being timed: "abaqus python stage16n_extract_exact_state_for_reinjection.py --odb stage16n_r1b_restart_ref_250cycles.odb --cycles 100,250 --outdir _source_state"
	User time (seconds): 14.95
	System time (seconds): 0.99
	Percent of CPU this job got: 76%
	Elapsed (wall clock) time (h:mm:ss or m:ss): 0:20.76
	Average shared text size (kbytes): 0
	Average unshared data size (kbytes): 0
	Average stack size (kbytes): 0
	Average total size (kbytes): 0
	Maximum resident set size (kbytes): 362936
	Average resident set size (kbytes): 0
	Major (requiring I/O) page faults: 160
	Minor (reclaiming a frame) page faults: 119634
	Voluntary context switches: 8321
	Involuntary context switches: 31
	Swaps: 0
	File system inputs: 26032
	File system outputs: 80248
	Socket messages sent: 0
	Socket messages received: 0
	Signals delivered: 0
	Page size (bytes): 4096
	Exit status: 0
============================================================
PHASE END: source state extraction
TIME: Di 23. Jun 21:44:17 CEST 2026
EXIT: 0
============================================================
