[Stage16N-R4Q3] start: 2026-07-03 06:24:20
[Stage16N-R4Q3] PBS job: manual
[Stage16N-R4Q3] scratch: /scratch/pr21vyci/stage16n_r4q3_continue_from_cycle750_1cpu_preflight/manual_20260703_062415
[Stage16N-R4Q3] previous source: /scratch/pr21vyci/stage16n_r4q2_continue_from_cycle500_1cpu/1362597.mmaster02/stage16n_r4q2_block02_500_to_521_solve_522_to_750
Wrote stage16n_r4q3_block03_750_to_771_solve_772_to_1000.inp
sending incremental file list
./
R4Q3_CONTINUE_BLOCK_SUMMARY.csv
R4Q3_CONTINUE_CONTROLLER.log
R4Q3_CONTINUE_STATUS.txt
R4Q3_PREFLIGHT.log
R4Q3_PREFLIGHT_STATUS.txt
R4Q3_SOURCE750_TARGET771_EXTRAPOLATED_STATE.md
stage16n_r4q3_block03_750_to_771_solve_772_to_1000.inp
_source_state/
tmp/

sent 53,601 bytes  received 165 bytes  107,532.00 bytes/sec
total size is 89,562  speedup is 1.67
[Stage16N-R4Q3] preflight-only end: 2026-07-03 06:24:25
sending incremental file list
