[Stage16N-R4Q5F_continue_from_cycle1250_1cpu] start: 2026-07-04 01:52:29
[Stage16N-R4Q5F_continue_from_cycle1250_1cpu] PBS job: 1363410.mmaster02
[Stage16N-R4Q5F_continue_from_cycle1250_1cpu] scratch: /scratch/pr21vyci/stage16n_r4q5f_continue_from_cycle1250_1cpu/1363410.mmaster02
[Stage16N-R4Q5F_continue_from_cycle1250_1cpu] previous source: /scratch/pr21vyci/stage16n_r4q4f_continue_from_cycle1000_1cpu/1363409.mmaster02/stage16n_r4q4f_block04_1000_to_1021_solve_1022_to_1250
[gate] previous status=finished_or_safe_stopped summary_status=1000 scope=datacheck_failure ref=feasibility comparison=unknown detail=75108,"datacheck failed"
sending incremental file list
./
R4Q5F_continue_from_cycle1250_1cpu_BLOCK_SUMMARY.csv
R4Q5F_continue_from_cycle1250_1cpu_CONTROLLER.log
R4Q5F_continue_from_cycle1250_1cpu_STATUS.txt
tmp/

sent 3,171 bytes  received 86 bytes  2,171.33 bytes/sec
total size is 53,088  speedup is 16.30
sending incremental file list
[Stage16N-R4Q5F_continue_from_cycle1250_1cpu] start: 2026-07-04 01:54:55
[Stage16N-R4Q5F_continue_from_cycle1250_1cpu] PBS job: 1363436.mmaster02
[Stage16N-R4Q5F_continue_from_cycle1250_1cpu] scratch: /scratch/pr21vyci/stage16n_r4q5f_continue_from_cycle1250_1cpu/1363436.mmaster02
[Stage16N-R4Q5F_continue_from_cycle1250_1cpu] previous source: /scratch/pr21vyci/stage16n_r4q4f_continue_from_cycle1000_1cpu/1363435.mmaster02/stage16n_r4q4f_block04_1000_to_1021_solve_1022_to_1250
[gate] previous status=previous_not_completed summary_status=previous_not_completed scope=self_gate ref=yes comparison=comparison_error detail="previous status=passed block_status=completed"
sending incremental file list
./
R4Q5F_continue_from_cycle1250_1cpu.pbs.out
R4Q5F_continue_from_cycle1250_1cpu_BLOCK_SUMMARY.csv
R4Q5F_continue_from_cycle1250_1cpu_CONTROLLER.log
R4Q5F_continue_from_cycle1250_1cpu_STATUS.txt
tmp/

sent 5,513 bytes  received 105 bytes  11,236.00 bytes/sec
total size is 56,292  speedup is 10.02
sending incremental file list
[Stage16N-R4Q5F_continue_from_cycle1250_1cpu] start: 2026-07-04 01:56:11
[Stage16N-R4Q5F_continue_from_cycle1250_1cpu] PBS job: 1363513.mmaster02
[Stage16N-R4Q5F_continue_from_cycle1250_1cpu] scratch: /scratch/pr21vyci/stage16n_r4q5f_continue_from_cycle1250_1cpu/1363513.mmaster02
[Stage16N-R4Q5F_continue_from_cycle1250_1cpu] previous source: /scratch/pr21vyci/stage16n_r4q4f_continue_from_cycle1000_1cpu/1363512.mmaster02/stage16n_r4q4f_block04_1000_to_1021_solve_1022_to_1250
[gate] previous status=previous_not_completed summary_status=previous_not_completed scope=self_gate ref=yes comparison=comparison_error detail="previous status=passed block_status=completed"
sending incremental file list
./
R4Q5F_continue_from_cycle1250_1cpu.pbs.out
R4Q5F_continue_from_cycle1250_1cpu_BLOCK_SUMMARY.csv
R4Q5F_continue_from_cycle1250_1cpu_CONTROLLER.log
R4Q5F_continue_from_cycle1250_1cpu_STATUS.txt
tmp/

sent 6,764 bytes  received 105 bytes  4,579.33 bytes/sec
total size is 59,637  speedup is 8.68
sending incremental file list
[Stage16N-R4Q5F_continue_from_cycle1250_1cpu] start: 2026-07-04 13:31:06
[Stage16N-R4Q5F_continue_from_cycle1250_1cpu] PBS job: 1363630.mmaster02
[Stage16N-R4Q5F_continue_from_cycle1250_1cpu] scratch: /scratch/pr21vyci/stage16n_r4q5f_continue_from_cycle1250_1cpu/1363630.mmaster02
[Stage16N-R4Q5F_continue_from_cycle1250_1cpu] previous source: /scratch/pr21vyci/stage16n_r4q4f_continue_from_cycle1000_1cpu/1363629.mmaster02/stage16n_r4q4f_block04_1000_to_1021_solve_1022_to_1250
[gate] previous status=completed summary_status=completed scope=feasibility_only_after_cycle1000_accuracy_fail ref=no comparison=not_available detail="extraction=ok; cycle1250_state=ok"
Wrote stage16n_r4q5f_block05_1250_to_1271_solve_1272_to_1500.inp
sending incremental file list
./
R4Q5F_continue_from_cycle1250_1cpu.pbs.out
R4Q5F_continue_from_cycle1250_1cpu_BLOCK_SUMMARY.csv
R4Q5F_continue_from_cycle1250_1cpu_CONTROLLER.log
R4Q5F_continue_from_cycle1250_1cpu_SOURCE1250_TARGET1271_EXTRAPOLATED_STATE.md
R4Q5F_continue_from_cycle1250_1cpu_STATUS.txt
stage16n_r4q5f_block05_1250_to_1271_solve_1272_to_1500.inp
No configuration file found at /home/pr21vyci/.esmtprc or /etc/esmtprc
No configuration file found at /home/pr21vyci/.esmtprc or /etc/esmtprc
No configuration file found at /home/pr21vyci/.esmtprc or /etc/esmtprc
No configuration file found at /home/pr21vyci/.esmtprc or /etc/esmtprc
No configuration file found at /home/pr21vyci/.esmtprc or /etc/esmtprc
No configuration file found at /home/pr21vyci/.esmtprc or /etc/esmtprc
No configuration file found at /home/pr21vyci/.esmtprc or /etc/esmtprc
No configuration file found at /home/pr21vyci/.esmtprc or /etc/esmtprc
No configuration file found at /home/pr21vyci/.esmtprc or /etc/esmtprc
No configuration file found at /home/pr21vyci/.esmtprc or /etc/esmtprc
No configuration file found at /home/pr21vyci/.esmtprc or /etc/esmtprc
No configuration file found at /home/pr21vyci/.esmtprc or /etc/esmtprc
No configuration file found at /home/pr21vyci/.esmtprc or /etc/esmtprc
No configuration file found at /home/pr21vyci/.esmtprc or /etc/esmtprc
No configuration file found at /home/pr21vyci/.esmtprc or /etc/esmtprc
No configuration file found at /home/pr21vyci/.esmtprc or /etc/esmtprc
No configuration file found at /home/pr21vyci/.esmtprc or /etc/esmtprc
No configuration file found at /home/pr21vyci/.esmtprc or /etc/esmtprc
No configuration file found at /home/pr21vyci/.esmtprc or /etc/esmtprc
_source_state/
tmp/

sent 58,132 bytes  received 146 bytes  23,311.20 bytes/sec
total size is 123,121  speedup is 2.11

============================================================
PHASE START: R4Q5F_continue_from_cycle1250_1cpu datacheck
TIME: Sa 4. Jul 13:31:12 CEST 2026
============================================================
Analysis initiated from SIMULIA established products
Abaqus JOB stage16n_r4q5f_block05_1250_to_1271_solve_1272_to_1500_datacheck
Abaqus 2023
Abaqus License Manager checked out the following licenses:
Abaqus/Standard checked out 5 tokens from Flexnet server license4.imfd.tu-freiberg.de.
<275 out of 300 licenses remain available>.
Begin Compiling Abaqus/Standard User Subroutines
Sat 04 Jul 2026 01:31:20 PM CEST
Intel(R) Fortran Intel(R) 64 Compiler Classic for applications running on Intel(R) 64, Version 2021.13.0 Build 20240602_000000
Copyright (C) 1985-2024 Intel Corporation.  All rights reserved.

ifort: remark #10448: Intel(R) Fortran Compiler Classic (ifort) is now deprecated and will be discontinued late 2024. Intel recommends that customers transition now to using the LLVM-based Intel(R) Fortran Compiler (ifx) for continued Windows* and Linux* support, new language support, new language features, and optimizations. Use '-diag-disable=10448' to disable this message.
ifort: command line warning #10434: option '-extend_source' use with underscore is deprecated; use '-extend-source' instead
 Intel(R) Fortran 2021.13.0-1693
stage16n_r3_jump_umat.for(23): remark #15009: umat_ has been targeted for automatic cpu dispatch
stage16n_r3_jump_umat.for(248): remark #15009: stage16n_r3j_jump_overwrite_ has been targeted for automatic cpu dispatch
End Compiling Abaqus/Standard User Subroutines
Begin Linking Abaqus/Standard User Subroutines
Intel(R) Fortran Intel(R) 64 Compiler Classic for applications running on Intel(R) 64, Version 2021.13.0 Build 20240602_000000
Copyright (C) 1985-2024 Intel Corporation.  All rights reserved.

ifort: remark #10448: Intel(R) Fortran Compiler Classic (ifort) is now deprecated and will be discontinued late 2024. Intel recommends that customers transition now to using the LLVM-based Intel(R) Fortran Compiler (ifx) for continued Windows* and Linux* support, new language support, new language features, and optimizations. Use '-diag-disable=10448' to disable this message.
GNU ld version 2.30-128.el8_10
End Linking Abaqus/Standard User Subroutines
Sat 04 Jul 2026 01:31:27 PM CEST
Begin Analysis Input File Processor
Sat 04 Jul 2026 01:31:27 PM CEST
Run pre
Sat 04 Jul 2026 01:31:45 PM CEST
End Analysis Input File Processor
Begin Abaqus/Standard Datacheck
Begin Abaqus/Standard Analysis
Sat 04 Jul 2026 01:31:45 PM CEST
Run standard
Sat 04 Jul 2026 01:31:49 PM CEST
End Abaqus/Standard Analysis
Begin SIM Wrap-up
Sat 04 Jul 2026 01:31:50 PM CEST
Run SMASimUtility
Sat 04 Jul 2026 01:31:50 PM CEST
End SIM Wrap-up
Abaqus JOB stage16n_r4q5f_block05_1250_to_1271_solve_1272_to_1500_datacheck COMPLETED
	Command being timed: "abaqus job=stage16n_r4q5f_block05_1250_to_1271_solve_1272_to_1500_datacheck input=stage16n_r4q5f_block05_1250_to_1271_solve_1272_to_1500.inp oldjob=stage16n_r4q4f_block04_1000_to_1021_solve_1022_to_1250 user=stage16n_r3_jump_umat.for datacheck interactive ask_delete=OFF scratch=/scratch/pr21vyci/stage16n_r4q5f_continue_from_cycle1250_1cpu/1363630.mmaster02/tmp cpus=1 mp_mode=threads"
	User time (seconds): 15.29
	System time (seconds): 2.96
	Percent of CPU this job got: 47%
	Elapsed (wall clock) time (h:mm:ss or m:ss): 0:38.10
	Average shared text size (kbytes): 0
	Average unshared data size (kbytes): 0
	Average stack size (kbytes): 0
	Average total size (kbytes): 0
	Maximum resident set size (kbytes): 963408
	Average resident set size (kbytes): 0
	Major (requiring I/O) page faults: 3816
	Minor (reclaiming a frame) page faults: 582869
	Voluntary context switches: 23115
	Involuntary context switches: 136
	Swaps: 0
	File system inputs: 689152
	File system outputs: 365088
	Socket messages sent: 0
	Socket messages received: 0
	Signals delivered: 0
	Page size (bytes): 4096
	Exit status: 0
============================================================
PHASE END: R4Q5F_continue_from_cycle1250_1cpu datacheck
TIME: Sa 4. Jul 13:31:50 CEST 2026
EXIT: 0
============================================================

============================================================
PHASE START: R4Q5F_continue_from_cycle1250_1cpu solve
TIME: Sa 4. Jul 13:31:50 CEST 2026
============================================================
Analysis initiated from SIMULIA established products
Abaqus JOB stage16n_r4q5f_block05_1250_to_1271_solve_1272_to_1500
Abaqus 2023
Abaqus License Manager checked out the following licenses:
Abaqus/Standard checked out 5 tokens from Flexnet server license4.imfd.tu-freiberg.de.
<275 out of 300 licenses remain available>.
Begin Compiling Abaqus/Standard User Subroutines
Sat 04 Jul 2026 01:31:51 PM CEST
Intel(R) Fortran Intel(R) 64 Compiler Classic for applications running on Intel(R) 64, Version 2021.13.0 Build 20240602_000000
Copyright (C) 1985-2024 Intel Corporation.  All rights reserved.

ifort: remark #10448: Intel(R) Fortran Compiler Classic (ifort) is now deprecated and will be discontinued late 2024. Intel recommends that customers transition now to using the LLVM-based Intel(R) Fortran Compiler (ifx) for continued Windows* and Linux* support, new language support, new language features, and optimizations. Use '-diag-disable=10448' to disable this message.
ifort: command line warning #10434: option '-extend_source' use with underscore is deprecated; use '-extend-source' instead
 Intel(R) Fortran 2021.13.0-1693
stage16n_r3_jump_umat.for(23): remark #15009: umat_ has been targeted for automatic cpu dispatch
stage16n_r3_jump_umat.for(248): remark #15009: stage16n_r3j_jump_overwrite_ has been targeted for automatic cpu dispatch
End Compiling Abaqus/Standard User Subroutines
Begin Linking Abaqus/Standard User Subroutines
Intel(R) Fortran Intel(R) 64 Compiler Classic for applications running on Intel(R) 64, Version 2021.13.0 Build 20240602_000000
Copyright (C) 1985-2024 Intel Corporation.  All rights reserved.

ifort: remark #10448: Intel(R) Fortran Compiler Classic (ifort) is now deprecated and will be discontinued late 2024. Intel recommends that customers transition now to using the LLVM-based Intel(R) Fortran Compiler (ifx) for continued Windows* and Linux* support, new language support, new language features, and optimizations. Use '-diag-disable=10448' to disable this message.
GNU ld version 2.30-128.el8_10
End Linking Abaqus/Standard User Subroutines
Sat 04 Jul 2026 01:31:58 PM CEST
Begin Analysis Input File Processor
Sat 04 Jul 2026 01:31:58 PM CEST
Run pre
Sat 04 Jul 2026 01:32:10 PM CEST
End Analysis Input File Processor
Begin Abaqus/Standard Analysis
Sat 04 Jul 2026 01:32:10 PM CEST
Run standard
Sat 04 Jul 2026 10:43:30 PM CEST
End Abaqus/Standard Analysis
Begin SIM Wrap-up
Sat 04 Jul 2026 10:43:30 PM CEST
Run SMASimUtility
Sat 04 Jul 2026 10:43:30 PM CEST
End SIM Wrap-up
Abaqus JOB stage16n_r4q5f_block05_1250_to_1271_solve_1272_to_1500 COMPLETED
	Command being timed: "abaqus job=stage16n_r4q5f_block05_1250_to_1271_solve_1272_to_1500 input=stage16n_r4q5f_block05_1250_to_1271_solve_1272_to_1500.inp oldjob=stage16n_r4q4f_block04_1000_to_1021_solve_1022_to_1250 user=stage16n_r3_jump_umat.for interactive ask_delete=OFF scratch=/scratch/pr21vyci/stage16n_r4q5f_continue_from_cycle1250_1cpu/1363630.mmaster02/tmp cpus=1 mp_mode=threads"
	User time (seconds): 28304.16
	System time (seconds): 2597.52
	Percent of CPU this job got: 93%
	Elapsed (wall clock) time (h:mm:ss or m:ss): 9:11:40
	Average shared text size (kbytes): 0
	Average unshared data size (kbytes): 0
	Average stack size (kbytes): 0
	Average total size (kbytes): 0
	Maximum resident set size (kbytes): 1447772
	Average resident set size (kbytes): 0
	Major (requiring I/O) page faults: 270
	Minor (reclaiming a frame) page faults: 633997801
	Voluntary context switches: 2910318
	Involuntary context switches: 176757
	Swaps: 0
	File system inputs: 47416
	File system outputs: 1155724208
	Socket messages sent: 0
	Socket messages received: 0
	Signals delivered: 0
	Page size (bytes): 4096
	Exit status: 0
============================================================
PHASE END: R4Q5F_continue_from_cycle1250_1cpu solve
TIME: Sa 4. Jul 22:43:30 CEST 2026
EXIT: 0
============================================================

============================================================
PHASE START: R4Q5F_continue_from_cycle1250_1cpu ODB extraction
TIME: Sa 4. Jul 22:43:32 CEST 2026
============================================================
Wrote: stage16n_r4q5f_block05_1250_to_1271_solve_1272_to_1500_cycle_metrics.csv
Wrote: stage16n_r4q5f_block05_1250_to_1271_solve_1272_to_1500_selected_cycle_loops.csv
Wrote: stage16n_r4q5f_block05_1250_to_1271_solve_1272_to_1500_selected_cycle_local_states.csv
	Command being timed: "abaqus python stage16n_extract_hysteresis_and_local_states.py --job stage16n_r4q5f_block05_1250_to_1271_solve_1272_to_1500"
	User time (seconds): 12.95
	System time (seconds): 1.44
	Percent of CPU this job got: 90%
	Elapsed (wall clock) time (h:mm:ss or m:ss): 0:15.84
	Average shared text size (kbytes): 0
	Average unshared data size (kbytes): 0
	Average stack size (kbytes): 0
	Average total size (kbytes): 0
	Maximum resident set size (kbytes): 908076
	Average resident set size (kbytes): 0
	Major (requiring I/O) page faults: 148
	Minor (reclaiming a frame) page faults: 213334
	Voluntary context switches: 2157
	Involuntary context switches: 45
	Swaps: 0
	File system inputs: 20408
	File system outputs: 64
	Socket messages sent: 0
	Socket messages received: 0
	Signals delivered: 0
	Page size (bytes): 4096
	Exit status: 0
============================================================
PHASE END: R4Q5F_continue_from_cycle1250_1cpu ODB extraction
TIME: Sa 4. Jul 22:43:47 CEST 2026
EXIT: 0
============================================================

============================================================
PHASE START: extract source state cycle 1500 from stage16n_r4q5f_block05_1250_to_1271_solve_1272_to_1500
TIME: Sa 4. Jul 22:43:47 CEST 2026
============================================================
Wrote _source_state/stage16n_exact_state_cycle1500.csv
Wrote _source_state/stage16n_exact_state_cycle1500_summary.md
	Command being timed: "abaqus python stage16n_extract_exact_state_for_reinjection.py --odb stage16n_r4q5f_block05_1250_to_1271_solve_1272_to_1500.odb --cycles 1500 --outdir _source_state"
	User time (seconds): 7.68
	System time (seconds): 0.43
	Percent of CPU this job got: 92%
	Elapsed (wall clock) time (h:mm:ss or m:ss): 0:08.79
	Average shared text size (kbytes): 0
	Average unshared data size (kbytes): 0
	Average stack size (kbytes): 0
	Average total size (kbytes): 0
	Maximum resident set size (kbytes): 358040
	Average resident set size (kbytes): 0
	Major (requiring I/O) page faults: 3
	Minor (reclaiming a frame) page faults: 78646
	Voluntary context switches: 2146
	Involuntary context switches: 34
	Swaps: 0
	File system inputs: 376
	File system outputs: 39472
	Socket messages sent: 0
	Socket messages received: 0
	Signals delivered: 0
	Page size (bytes): 4096
	Exit status: 0
============================================================
PHASE END: extract source state cycle 1500 from stage16n_r4q5f_block05_1250_to_1271_solve_1272_to_1500
TIME: Sa 4. Jul 22:43:56 CEST 2026
EXIT: 0
============================================================
Dateisystem             Größe Benutzt Verf. Verw% Eingehängt auf
panfs://mpanfs/scratch9   33T    9,6T   24T   30% /scratch9
panfs://mpanfs/scratch   101T     85T   16T   85% /scratch
mnfs:/home                17T     14T  3,1T   82% /home
5,2T	/scratch9/pr21vyci
sending incremental file list
./
R4Q5F_continue_from_cycle1250_1cpu.pbs.out
R4Q5F_continue_from_cycle1250_1cpu_BLOCK_SUMMARY.csv
R4Q5F_continue_from_cycle1250_1cpu_CONTROLLER.log
R4Q5F_continue_from_cycle1250_1cpu_STATUS.txt
stage16n_r4q5f_block05_1250_to_1271_solve_1272_to_1500_cycle_metrics.csv
stage16n_r4q5f_block05_1250_to_1271_solve_1272_to_1500_dat_tail.txt
stage16n_r4q5f_block05_1250_to_1271_solve_1272_to_1500_datacheck_dat_tail.txt
stage16n_r4q5f_block05_1250_to_1271_solve_1272_to_1500_datacheck_msg_tail.txt
stage16n_r4q5f_block05_1250_to_1271_solve_1272_to_1500_msg_tail.txt
stage16n_r4q5f_block05_1250_to_1271_solve_1272_to_1500_selected_cycle_local_states.csv
stage16n_r4q5f_block05_1250_to_1271_solve_1272_to_1500_selected_cycle_loops.csv
stage16n_r4q5f_block05_1250_to_1271_solve_1272_to_1500_sta_tail.txt
_logs/
_logs/R4Q5F_continue_from_cycle1250_1cpu_storage_df_after.txt
_logs/R4Q5F_continue_from_cycle1250_1cpu_storage_scratch9_user_after.txt
_logs/stage16n_r4q5f_block05_1250_to_1271_solve_1272_to_1500.log
_logs/stage16n_r4q5f_block05_1250_to_1271_solve_1272_to_1500_datacheck.log
_logs/stage16n_r4q5f_block05_1250_to_1271_solve_1272_to_1500_extract.log
_logs/stage16n_r4q5f_block05_1250_to_1271_solve_1272_to_1500_extract_state_1500.log
_logs/stage16n_r4q5f_block05_1250_to_1271_solve_1272_to_1500_overwrite_trace.txt
_logs/stage16n_r4q5f_block05_1250_to_1271_solve_1272_to_1500_parallelism_check.log
_source_state/
_source_state/stage16n_exact_state_cycle1500_summary.md
tmp/

sent 103,860 bytes  received 438 bytes  69,532.00 bytes/sec
total size is 217,539  speedup is 2.09
[Stage16N-R4Q5F_continue_from_cycle1250_1cpu] end: 2026-07-04 22:44:03
sending incremental file list
R4Q5F_continue_from_cycle1250_1cpu.pbs.out
R4Q5F_continue_from_cycle1250_1cpu_CONTROLLER.log

sent 22,795 bytes  received 57 bytes  45,704.00 bytes/sec
total size is 219,214  speedup is 9.59
