[Stage16N-R4Q6F_continue_from_cycle1500_1cpu] start: 2026-07-04 01:52:42
[Stage16N-R4Q6F_continue_from_cycle1500_1cpu] PBS job: 1363411.mmaster02
[Stage16N-R4Q6F_continue_from_cycle1500_1cpu] scratch: /scratch/pr21vyci/stage16n_r4q6f_continue_from_cycle1500_1cpu/1363411.mmaster02
[Stage16N-R4Q6F_continue_from_cycle1500_1cpu] previous source: /scratch/pr21vyci/stage16n_r4q5f_continue_from_cycle1250_1cpu/1363410.mmaster02/stage16n_r4q5f_block05_1250_to_1271_solve_1272_to_1500
[gate] previous status=finished_or_safe_stopped summary_status=1000 scope=datacheck_failure ref=feasibility comparison=unknown detail=75108,"datacheck failed"
sending incremental file list
./
R4Q6F_continue_from_cycle1500_1cpu_BLOCK_SUMMARY.csv
R4Q6F_continue_from_cycle1500_1cpu_CONTROLLER.log
R4Q6F_continue_from_cycle1500_1cpu_STATUS.txt
tmp/

sent 3,171 bytes  received 86 bytes  6,514.00 bytes/sec
total size is 53,088  speedup is 16.30
sending incremental file list
[Stage16N-R4Q6F_continue_from_cycle1500_1cpu] start: 2026-07-04 01:55:07
[Stage16N-R4Q6F_continue_from_cycle1500_1cpu] PBS job: 1363437.mmaster02
[Stage16N-R4Q6F_continue_from_cycle1500_1cpu] scratch: /scratch/pr21vyci/stage16n_r4q6f_continue_from_cycle1500_1cpu/1363437.mmaster02
[Stage16N-R4Q6F_continue_from_cycle1500_1cpu] previous source: /scratch/pr21vyci/stage16n_r4q5f_continue_from_cycle1250_1cpu/1363436.mmaster02/stage16n_r4q5f_block05_1250_to_1271_solve_1272_to_1500
[gate] previous status=previous_not_completed summary_status=previous_not_completed scope=self_gate ref=yes comparison=comparison_error detail="previous status=previous_not_completed block_status=previous_not_completed"
sending incremental file list
./
R4Q6F_continue_from_cycle1500_1cpu.pbs.out
R4Q6F_continue_from_cycle1500_1cpu_BLOCK_SUMMARY.csv
R4Q6F_continue_from_cycle1500_1cpu_CONTROLLER.log
R4Q6F_continue_from_cycle1500_1cpu_STATUS.txt
tmp/

sent 5,597 bytes  received 105 bytes  11,404.00 bytes/sec
total size is 57,418  speedup is 10.07
sending incremental file list
[Stage16N-R4Q6F_continue_from_cycle1500_1cpu] start: 2026-07-04 01:56:23
[Stage16N-R4Q6F_continue_from_cycle1500_1cpu] PBS job: 1363515.mmaster02
[Stage16N-R4Q6F_continue_from_cycle1500_1cpu] scratch: /scratch/pr21vyci/stage16n_r4q6f_continue_from_cycle1500_1cpu/1363515.mmaster02
[Stage16N-R4Q6F_continue_from_cycle1500_1cpu] previous source: /scratch/pr21vyci/stage16n_r4q5f_continue_from_cycle1250_1cpu/1363513.mmaster02/stage16n_r4q5f_block05_1250_to_1271_solve_1272_to_1500
[gate] previous status=previous_not_completed summary_status=previous_not_completed scope=self_gate ref=yes comparison=comparison_error detail="previous status=previous_not_completed block_status=previous_not_completed"
sending incremental file list
./
R4Q6F_continue_from_cycle1500_1cpu.pbs.out
R4Q6F_continue_from_cycle1500_1cpu_BLOCK_SUMMARY.csv
R4Q6F_continue_from_cycle1500_1cpu_CONTROLLER.log
R4Q6F_continue_from_cycle1500_1cpu_STATUS.txt
tmp/

sent 6,850 bytes  received 105 bytes  13,910.00 bytes/sec
total size is 59,801  speedup is 8.60
sending incremental file list
[Stage16N-R4Q6F_continue_from_cycle1500_1cpu] start: 2026-07-04 22:44:15
[Stage16N-R4Q6F_continue_from_cycle1500_1cpu] PBS job: 1363631.mmaster02
[Stage16N-R4Q6F_continue_from_cycle1500_1cpu] scratch: /scratch/pr21vyci/stage16n_r4q6f_continue_from_cycle1500_1cpu/1363631.mmaster02
[Stage16N-R4Q6F_continue_from_cycle1500_1cpu] previous source: /scratch/pr21vyci/stage16n_r4q5f_continue_from_cycle1250_1cpu/1363630.mmaster02/stage16n_r4q5f_block05_1250_to_1271_solve_1272_to_1500
[gate] previous status=completed summary_status=completed scope=feasibility_only_after_cycle1000_accuracy_fail ref=no comparison=not_available detail="extraction=ok; cycle1500_state=ok"
Wrote stage16n_r4q6f_block06_1500_to_1521_solve_1522_to_1750.inp
sending incremental file list
./
R4Q6F_continue_from_cycle1500_1cpu.pbs.out
R4Q6F_continue_from_cycle1500_1cpu_BLOCK_SUMMARY.csv
R4Q6F_continue_from_cycle1500_1cpu_CONTROLLER.log
R4Q6F_continue_from_cycle1500_1cpu_SOURCE1500_TARGET1521_EXTRAPOLATED_STATE.md
R4Q6F_continue_from_cycle1500_1cpu_STATUS.txt
stage16n_r4q6f_block06_1500_to_1521_solve_1522_to_1750.inp
_source_state/
tmp/

sent 58,507 bytes  received 146 bytes  39,102.00 bytes/sec
total size is 135,646  speedup is 2.31

============================================================
PHASE START: R4Q6F_continue_from_cycle1500_1cpu datacheck
TIME: Sa 4. Jul 22:44:20 CEST 2026
============================================================
No configuration file found at /home/pr21vyci/.esmtprc or /etc/esmtprc
No configuration file found at /home/pr21vyci/.esmtprc or /etc/esmtprc
No configuration file found at /home/pr21vyci/.esmtprc or /etc/esmtprc
No configuration file found at /home/pr21vyci/.esmtprc or /etc/esmtprc
No configuration file found at /home/pr21vyci/.esmtprc or /etc/esmtprc
No configuration file found at /home/pr21vyci/.esmtprc or /etc/esmtprc
No configuration file found at /home/pr21vyci/.esmtprc or /etc/esmtprc
No configuration file found at /home/pr21vyci/.esmtprc or /etc/esmtprc
No configuration file found at /home/pr21vyci/.esmtprc or /etc/esmtprc
No configuration file found at /home/pr21vyci/.esmtprc or /etc/esmtprc
No configuration file found at /home/pr21vyci/.esmtprc or /etc/esmtprc
No configuration file found at /home/pr21vyci/.esmtprc or /etc/esmtprc
No configuration file found at /home/pr21vyci/.esmtprc or /etc/esmtprc
No configuration file found at /home/pr21vyci/.esmtprc or /etc/esmtprc
No configuration file found at /home/pr21vyci/.esmtprc or /etc/esmtprc
No configuration file found at /home/pr21vyci/.esmtprc or /etc/esmtprc
No configuration file found at /home/pr21vyci/.esmtprc or /etc/esmtprc
No configuration file found at /home/pr21vyci/.esmtprc or /etc/esmtprc
No configuration file found at /home/pr21vyci/.esmtprc or /etc/esmtprc
No configuration file found at /home/pr21vyci/.esmtprc or /etc/esmtprc
Analysis initiated from SIMULIA established products
Abaqus JOB stage16n_r4q6f_block06_1500_to_1521_solve_1522_to_1750_datacheck
Abaqus 2023
Abaqus License Manager checked out the following licenses:
Abaqus/Standard checked out 5 tokens from Flexnet server license4.imfd.tu-freiberg.de.
<290 out of 300 licenses remain available>.
Begin Compiling Abaqus/Standard User Subroutines
Sat 04 Jul 2026 10:44:21 PM CEST
Intel(R) Fortran Intel(R) 64 Compiler Classic for applications running on Intel(R) 64, Version 2021.13.0 Build 20240602_000000
Copyright (C) 1985-2024 Intel Corporation.  All rights reserved.

ifort: remark #10448: Intel(R) Fortran Compiler Classic (ifort) is now deprecated and will be discontinued late 2024. Intel recommends that customers transition now to using the LLVM-based Intel(R) Fortran Compiler (ifx) for continued Windows* and Linux* support, new language support, new language features, and optimizations. Use '-diag-disable=10448' to disable this message.
ifort: command line warning #10434: option '-extend_source' use with underscore is deprecated; use '-extend-source' instead
 Intel(R) Fortran 2021.13.0-1693
stage16n_r3_jump_umat.for(23): remark #15009: umat_ has been targeted for automatic cpu dispatch
stage16n_r3_jump_umat.for(248): remark #15009: stage16n_r3j_jump_overwrite_ has been targeted for automatic cpu dispatch
End Compiling Abaqus/Standard User Subroutines
Begin Linking Abaqus/Standard User Subroutines
Intel(R) Fortran Intel(R) 64 Compiler Classic for applications running on Intel(R) 64, Version 2021.13.0 Build 20240602_000000
Copyright (C) 1985-2024 Intel Corporation.  All rights reserved.

ifort: remark #10448: Intel(R) Fortran Compiler Classic (ifort) is now deprecated and will be discontinued late 2024. Intel recommends that customers transition now to using the LLVM-based Intel(R) Fortran Compiler (ifx) for continued Windows* and Linux* support, new language support, new language features, and optimizations. Use '-diag-disable=10448' to disable this message.
GNU ld version 2.30-128.el8_10
End Linking Abaqus/Standard User Subroutines
Sat 04 Jul 2026 10:44:28 PM CEST
Begin Analysis Input File Processor
Sat 04 Jul 2026 10:44:28 PM CEST
Run pre
Sat 04 Jul 2026 10:44:43 PM CEST
End Analysis Input File Processor
Begin Abaqus/Standard Datacheck
Begin Abaqus/Standard Analysis
Sat 04 Jul 2026 10:44:43 PM CEST
Run standard
Sat 04 Jul 2026 10:44:46 PM CEST
End Abaqus/Standard Analysis
Begin SIM Wrap-up
Sat 04 Jul 2026 10:44:47 PM CEST
Run SMASimUtility
Sat 04 Jul 2026 10:44:47 PM CEST
End SIM Wrap-up
Abaqus JOB stage16n_r4q6f_block06_1500_to_1521_solve_1522_to_1750_datacheck COMPLETED
	Command being timed: "abaqus job=stage16n_r4q6f_block06_1500_to_1521_solve_1522_to_1750_datacheck input=stage16n_r4q6f_block06_1500_to_1521_solve_1522_to_1750.inp oldjob=stage16n_r4q5f_block05_1250_to_1271_solve_1272_to_1500 user=stage16n_r3_jump_umat.for datacheck interactive ask_delete=OFF scratch=/scratch/pr21vyci/stage16n_r4q6f_continue_from_cycle1500_1cpu/1363631.mmaster02/tmp cpus=1 mp_mode=threads"
	User time (seconds): 15.70
	System time (seconds): 2.93
	Percent of CPU this job got: 68%
	Elapsed (wall clock) time (h:mm:ss or m:ss): 0:27.31
	Average shared text size (kbytes): 0
	Average unshared data size (kbytes): 0
	Average stack size (kbytes): 0
	Average total size (kbytes): 0
	Maximum resident set size (kbytes): 984412
	Average resident set size (kbytes): 0
	Major (requiring I/O) page faults: 499
	Minor (reclaiming a frame) page faults: 580598
	Voluntary context switches: 12640
	Involuntary context switches: 150
	Swaps: 0
	File system inputs: 81840
	File system outputs: 393136
	Socket messages sent: 0
	Socket messages received: 0
	Signals delivered: 0
	Page size (bytes): 4096
	Exit status: 0
============================================================
PHASE END: R4Q6F_continue_from_cycle1500_1cpu datacheck
TIME: Sa 4. Jul 22:44:47 CEST 2026
EXIT: 0
============================================================

============================================================
PHASE START: R4Q6F_continue_from_cycle1500_1cpu solve
TIME: Sa 4. Jul 22:44:47 CEST 2026
============================================================
Analysis initiated from SIMULIA established products
Abaqus JOB stage16n_r4q6f_block06_1500_to_1521_solve_1522_to_1750
Abaqus 2023
Abaqus License Manager checked out the following licenses:
Abaqus/Standard checked out 5 tokens from Flexnet server license4.imfd.tu-freiberg.de.
<290 out of 300 licenses remain available>.
Begin Compiling Abaqus/Standard User Subroutines
Sat 04 Jul 2026 10:44:48 PM CEST
Intel(R) Fortran Intel(R) 64 Compiler Classic for applications running on Intel(R) 64, Version 2021.13.0 Build 20240602_000000
Copyright (C) 1985-2024 Intel Corporation.  All rights reserved.

ifort: remark #10448: Intel(R) Fortran Compiler Classic (ifort) is now deprecated and will be discontinued late 2024. Intel recommends that customers transition now to using the LLVM-based Intel(R) Fortran Compiler (ifx) for continued Windows* and Linux* support, new language support, new language features, and optimizations. Use '-diag-disable=10448' to disable this message.
ifort: command line warning #10434: option '-extend_source' use with underscore is deprecated; use '-extend-source' instead
 Intel(R) Fortran 2021.13.0-1693
stage16n_r3_jump_umat.for(23): remark #15009: umat_ has been targeted for automatic cpu dispatch
stage16n_r3_jump_umat.for(248): remark #15009: stage16n_r3j_jump_overwrite_ has been targeted for automatic cpu dispatch
End Compiling Abaqus/Standard User Subroutines
Begin Linking Abaqus/Standard User Subroutines
Intel(R) Fortran Intel(R) 64 Compiler Classic for applications running on Intel(R) 64, Version 2021.13.0 Build 20240602_000000
Copyright (C) 1985-2024 Intel Corporation.  All rights reserved.

ifort: remark #10448: Intel(R) Fortran Compiler Classic (ifort) is now deprecated and will be discontinued late 2024. Intel recommends that customers transition now to using the LLVM-based Intel(R) Fortran Compiler (ifx) for continued Windows* and Linux* support, new language support, new language features, and optimizations. Use '-diag-disable=10448' to disable this message.
GNU ld version 2.30-128.el8_10
End Linking Abaqus/Standard User Subroutines
Sat 04 Jul 2026 10:44:55 PM CEST
Begin Analysis Input File Processor
Sat 04 Jul 2026 10:44:55 PM CEST
Run pre
Sat 04 Jul 2026 10:45:07 PM CEST
End Analysis Input File Processor
Begin Abaqus/Standard Analysis
Sat 04 Jul 2026 10:45:07 PM CEST
Run standard
Sun 05 Jul 2026 08:18:16 AM CEST
End Abaqus/Standard Analysis
Begin SIM Wrap-up
Sun 05 Jul 2026 08:18:17 AM CEST
Run SMASimUtility
Sun 05 Jul 2026 08:18:17 AM CEST
End SIM Wrap-up
Abaqus JOB stage16n_r4q6f_block06_1500_to_1521_solve_1522_to_1750 COMPLETED
	Command being timed: "abaqus job=stage16n_r4q6f_block06_1500_to_1521_solve_1522_to_1750 input=stage16n_r4q6f_block06_1500_to_1521_solve_1522_to_1750.inp oldjob=stage16n_r4q5f_block05_1250_to_1271_solve_1272_to_1500 user=stage16n_r3_jump_umat.for interactive ask_delete=OFF scratch=/scratch/pr21vyci/stage16n_r4q6f_continue_from_cycle1500_1cpu/1363631.mmaster02/tmp cpus=1 mp_mode=threads"
	User time (seconds): 28365.41
	System time (seconds): 2567.80
	Percent of CPU this job got: 89%
	Elapsed (wall clock) time (h:mm:ss or m:ss): 9:33:30
	Average shared text size (kbytes): 0
	Average unshared data size (kbytes): 0
	Average stack size (kbytes): 0
	Average total size (kbytes): 0
	Maximum resident set size (kbytes): 1537992
	Average resident set size (kbytes): 0
	Major (requiring I/O) page faults: 35
	Minor (reclaiming a frame) page faults: 632746739
	Voluntary context switches: 3009889
	Involuntary context switches: 179135
	Swaps: 0
	File system inputs: 7672
	File system outputs: 1161430864
	Socket messages sent: 0
	Socket messages received: 0
	Signals delivered: 0
	Page size (bytes): 4096
	Exit status: 0
============================================================
PHASE END: R4Q6F_continue_from_cycle1500_1cpu solve
TIME: So 5. Jul 08:18:17 CEST 2026
EXIT: 0
============================================================

============================================================
PHASE START: R4Q6F_continue_from_cycle1500_1cpu ODB extraction
TIME: So 5. Jul 08:18:18 CEST 2026
============================================================
Wrote: stage16n_r4q6f_block06_1500_to_1521_solve_1522_to_1750_cycle_metrics.csv
Wrote: stage16n_r4q6f_block06_1500_to_1521_solve_1522_to_1750_selected_cycle_loops.csv
Wrote: stage16n_r4q6f_block06_1500_to_1521_solve_1522_to_1750_selected_cycle_local_states.csv
	Command being timed: "abaqus python stage16n_extract_hysteresis_and_local_states.py --job stage16n_r4q6f_block06_1500_to_1521_solve_1522_to_1750"
	User time (seconds): 13.00
	System time (seconds): 1.45
	Percent of CPU this job got: 90%
	Elapsed (wall clock) time (h:mm:ss or m:ss): 0:15.95
	Average shared text size (kbytes): 0
	Average unshared data size (kbytes): 0
	Average stack size (kbytes): 0
	Average total size (kbytes): 0
	Maximum resident set size (kbytes): 907860
	Average resident set size (kbytes): 0
	Major (requiring I/O) page faults: 0
	Minor (reclaiming a frame) page faults: 213313
	Voluntary context switches: 3411
	Involuntary context switches: 46
	Swaps: 0
	File system inputs: 0
	File system outputs: 64
	Socket messages sent: 0
	Socket messages received: 0
	Signals delivered: 0
	Page size (bytes): 4096
	Exit status: 0
============================================================
PHASE END: R4Q6F_continue_from_cycle1500_1cpu ODB extraction
TIME: So 5. Jul 08:18:34 CEST 2026
EXIT: 0
============================================================

============================================================
PHASE START: extract source state cycle 1750 from stage16n_r4q6f_block06_1500_to_1521_solve_1522_to_1750
TIME: So 5. Jul 08:18:34 CEST 2026
============================================================
Wrote _source_state/stage16n_exact_state_cycle1750.csv
Wrote _source_state/stage16n_exact_state_cycle1750_summary.md
	Command being timed: "abaqus python stage16n_extract_exact_state_for_reinjection.py --odb stage16n_r4q6f_block06_1500_to_1521_solve_1522_to_1750.odb --cycles 1750 --outdir _source_state"
	User time (seconds): 7.90
	System time (seconds): 0.39
	Percent of CPU this job got: 93%
	Elapsed (wall clock) time (h:mm:ss or m:ss): 0:08.82
	Average shared text size (kbytes): 0
	Average unshared data size (kbytes): 0
	Average stack size (kbytes): 0
	Average total size (kbytes): 0
	Maximum resident set size (kbytes): 357988
	Average resident set size (kbytes): 0
	Major (requiring I/O) page faults: 0
	Minor (reclaiming a frame) page faults: 79103
	Voluntary context switches: 2105
	Involuntary context switches: 33
	Swaps: 0
	File system inputs: 0
	File system outputs: 39520
	Socket messages sent: 0
	Socket messages received: 0
	Signals delivered: 0
	Page size (bytes): 4096
	Exit status: 0
============================================================
PHASE END: extract source state cycle 1750 from stage16n_r4q6f_block06_1500_to_1521_solve_1522_to_1750
TIME: So 5. Jul 08:18:43 CEST 2026
EXIT: 0
============================================================
Dateisystem             Größe Benutzt Verf. Verw% Eingehängt auf
panfs://mpanfs/scratch9   33T     11T   23T   31% /scratch9
panfs://mpanfs/scratch   101T     85T   16T   85% /scratch
mnfs:/home                17T     14T  3,0T   82% /home
5,7T	/scratch9/pr21vyci
sending incremental file list
./
R4Q6F_continue_from_cycle1500_1cpu.pbs.out
R4Q6F_continue_from_cycle1500_1cpu_BLOCK_SUMMARY.csv
R4Q6F_continue_from_cycle1500_1cpu_CONTROLLER.log
R4Q6F_continue_from_cycle1500_1cpu_STATUS.txt
stage16n_r4q6f_block06_1500_to_1521_solve_1522_to_1750_cycle_metrics.csv
stage16n_r4q6f_block06_1500_to_1521_solve_1522_to_1750_dat_tail.txt
stage16n_r4q6f_block06_1500_to_1521_solve_1522_to_1750_datacheck_dat_tail.txt
stage16n_r4q6f_block06_1500_to_1521_solve_1522_to_1750_datacheck_msg_tail.txt
stage16n_r4q6f_block06_1500_to_1521_solve_1522_to_1750_msg_tail.txt
stage16n_r4q6f_block06_1500_to_1521_solve_1522_to_1750_selected_cycle_local_states.csv
stage16n_r4q6f_block06_1500_to_1521_solve_1522_to_1750_selected_cycle_loops.csv
stage16n_r4q6f_block06_1500_to_1521_solve_1522_to_1750_sta_tail.txt
_logs/
_logs/R4Q6F_continue_from_cycle1500_1cpu_storage_df_after.txt
_logs/R4Q6F_continue_from_cycle1500_1cpu_storage_scratch9_user_after.txt
_logs/stage16n_r4q6f_block06_1500_to_1521_solve_1522_to_1750.log
_logs/stage16n_r4q6f_block06_1500_to_1521_solve_1522_to_1750_datacheck.log
_logs/stage16n_r4q6f_block06_1500_to_1521_solve_1522_to_1750_extract.log
_logs/stage16n_r4q6f_block06_1500_to_1521_solve_1522_to_1750_extract_state_1750.log
_logs/stage16n_r4q6f_block06_1500_to_1521_solve_1522_to_1750_overwrite_trace.txt
_logs/stage16n_r4q6f_block06_1500_to_1521_solve_1522_to_1750_parallelism_check.log
_source_state/
_source_state/stage16n_exact_state_cycle1750_summary.md
tmp/

sent 104,303 bytes  received 438 bytes  69,827.33 bytes/sec
total size is 230,151  speedup is 2.20
[Stage16N-R4Q6F_continue_from_cycle1500_1cpu] end: 2026-07-05 08:19:00
sending incremental file list
R4Q6F_continue_from_cycle1500_1cpu.pbs.out
R4Q6F_continue_from_cycle1500_1cpu_CONTROLLER.log

sent 23,210 bytes  received 57 bytes  46,534.00 bytes/sec
total size is 231,826  speedup is 9.96
