[Stage16N-R4Q] start: 2026-07-01 12:28:04
[Stage16N-R4Q] PBS job: 1362114.mmaster02
[Stage16N-R4Q] scratch: /scratch/pr21vyci/stage16n_r4q_long_adaptive_chain_1cpu/1362114.mmaster02
[Stage16N-R4Q] cpus=1 mp_mode=threads

mmaster02: 
                                                            Req'd  Req'd   Elap
Job ID          Username Queue    Jobname    SessID NDS TSK Memory Time  S Time
--------------- -------- -------- ---------- ------ --- --- ------ ----- - -----
1362114.mmaste* pr21vyci mediumq  stage16n_* 739533   1   1   30gb 24:00 R 00:00
Dateisystem             Größe Benutzt Verf. Verw% Eingehängt auf
panfs://mpanfs/scratch9   33T    7,1T   26T   22% /scratch9
panfs://mpanfs/scratch   101T     84T   17T   84% /scratch
mnfs:/home                17T     13T  3,3T   80% /home
2,7T	/scratch9/pr21vyci

============================================================
PHASE START: initial source datacheck
TIME: Mi 1. Jul 12:28:38 CEST 2026
============================================================
Analysis initiated from SIMULIA established products
Abaqus JOB stage16n_r1b_restart_ref_250cycles_datacheck
Abaqus 2023
Abaqus License Manager checked out the following licenses:
Abaqus/Standard checked out 5 tokens from Flexnet server license4.imfd.tu-freiberg.de.
<218 out of 300 licenses remain available>.
Begin Compiling Abaqus/Standard User Subroutines
Wed 01 Jul 2026 12:28:40 PM CEST
Intel(R) Fortran Intel(R) 64 Compiler Classic for applications running on Intel(R) 64, Version 2021.13.0 Build 20240602_000000
Copyright (C) 1985-2024 Intel Corporation.  All rights reserved.

ifort: remark #10448: Intel(R) Fortran Compiler Classic (ifort) is now deprecated and will be discontinued late 2024. Intel recommends that customers transition now to using the LLVM-based Intel(R) Fortran Compiler (ifx) for continued Windows* and Linux* support, new language support, new language features, and optimizations. Use '-diag-disable=10448' to disable this message.
ifort: command line warning #10434: option '-extend_source' use with underscore is deprecated; use '-extend-source' instead
 Intel(R) Fortran 2021.13.0-1693
stage16n_neml_equivalent_chaboche_umat.for(23): remark #15009: umat_ has been targeted for automatic cpu dispatch
End Compiling Abaqus/Standard User Subroutines
Begin Linking Abaqus/Standard User Subroutines
Intel(R) Fortran Intel(R) 64 Compiler Classic for applications running on Intel(R) 64, Version 2021.13.0 Build 20240602_000000
Copyright (C) 1985-2024 Intel Corporation.  All rights reserved.

ifort: remark #10448: Intel(R) Fortran Compiler Classic (ifort) is now deprecated and will be discontinued late 2024. Intel recommends that customers transition now to using the LLVM-based Intel(R) Fortran Compiler (ifx) for continued Windows* and Linux* support, new language support, new language features, and optimizations. Use '-diag-disable=10448' to disable this message.
GNU ld version 2.30-128.el8_10
End Linking Abaqus/Standard User Subroutines
Wed 01 Jul 2026 12:28:50 PM CEST
Begin Analysis Input File Processor
Wed 01 Jul 2026 12:28:50 PM CEST
Run pre
Wed 01 Jul 2026 12:29:01 PM CEST
End Analysis Input File Processor
Begin Abaqus/Standard Datacheck
Begin Abaqus/Standard Analysis
Wed 01 Jul 2026 12:29:01 PM CEST
Run standard
Wed 01 Jul 2026 12:29:04 PM CEST
End Abaqus/Standard Analysis
Begin SIM Wrap-up
Wed 01 Jul 2026 12:29:04 PM CEST
Run SMASimUtility
Wed 01 Jul 2026 12:29:04 PM CEST
End SIM Wrap-up
Abaqus JOB stage16n_r1b_restart_ref_250cycles_datacheck COMPLETED
	Command being timed: "abaqus job=stage16n_r1b_restart_ref_250cycles_datacheck input=stage16n_r1b_restart_ref_250cycles.inp user=stage16n_neml_equivalent_chaboche_umat.for datacheck interactive ask_delete=OFF scratch=/scratch/pr21vyci/stage16n_r4q_long_adaptive_chain_1cpu/1362114.mmaster02/tmp cpus=1 mp_mode=threads"
	User time (seconds): 17.35
	System time (seconds): 2.08
	Percent of CPU this job got: 74%
	Elapsed (wall clock) time (h:mm:ss or m:ss): 0:26.14
	Average shared text size (kbytes): 0
	Average unshared data size (kbytes): 0
	Average stack size (kbytes): 0
	Average total size (kbytes): 0
	Maximum resident set size (kbytes): 763512
	Average resident set size (kbytes): 0
	Major (requiring I/O) page faults: 3865
	Minor (reclaiming a frame) page faults: 395442
	Voluntary context switches: 17781
	Involuntary context switches: 156
	Swaps: 0
	File system inputs: 691344
	File system outputs: 259720
	Socket messages sent: 0
	Socket messages received: 0
	Signals delivered: 0
	Page size (bytes): 4096
	Exit status: 0
============================================================
PHASE END: initial source datacheck
TIME: Mi 1. Jul 12:29:04 CEST 2026
EXIT: 0
============================================================

============================================================
PHASE START: initial source solve
TIME: Mi 1. Jul 12:29:04 CEST 2026
============================================================
Analysis initiated from SIMULIA established products
Abaqus JOB stage16n_r1b_restart_ref_250cycles
Abaqus 2023
Abaqus License Manager checked out the following licenses:
Abaqus/Standard checked out 5 tokens from Flexnet server license4.imfd.tu-freiberg.de.
<218 out of 300 licenses remain available>.
Begin Compiling Abaqus/Standard User Subroutines
Wed 01 Jul 2026 12:29:06 PM CEST
Intel(R) Fortran Intel(R) 64 Compiler Classic for applications running on Intel(R) 64, Version 2021.13.0 Build 20240602_000000
Copyright (C) 1985-2024 Intel Corporation.  All rights reserved.

ifort: remark #10448: Intel(R) Fortran Compiler Classic (ifort) is now deprecated and will be discontinued late 2024. Intel recommends that customers transition now to using the LLVM-based Intel(R) Fortran Compiler (ifx) for continued Windows* and Linux* support, new language support, new language features, and optimizations. Use '-diag-disable=10448' to disable this message.
ifort: command line warning #10434: option '-extend_source' use with underscore is deprecated; use '-extend-source' instead
 Intel(R) Fortran 2021.13.0-1693
stage16n_neml_equivalent_chaboche_umat.for(23): remark #15009: umat_ has been targeted for automatic cpu dispatch
End Compiling Abaqus/Standard User Subroutines
Begin Linking Abaqus/Standard User Subroutines
Intel(R) Fortran Intel(R) 64 Compiler Classic for applications running on Intel(R) 64, Version 2021.13.0 Build 20240602_000000
Copyright (C) 1985-2024 Intel Corporation.  All rights reserved.

ifort: remark #10448: Intel(R) Fortran Compiler Classic (ifort) is now deprecated and will be discontinued late 2024. Intel recommends that customers transition now to using the LLVM-based Intel(R) Fortran Compiler (ifx) for continued Windows* and Linux* support, new language support, new language features, and optimizations. Use '-diag-disable=10448' to disable this message.
