 Abaqus/Standard 2023                  DATE 08-Jun-2026 TIME 12:35:39
 SUMMARY OF JOB INFORMATION:
 STEP  INC ATT SEVERE EQUIL TOTAL  TOTAL      STEP       INC OF       DOF    IF
               DISCON ITERS ITERS  TIME/    TIME/LPF    TIME/LPF    MONITOR RIKS
               ITERS               FREQ
 251     1   1     0    10    10  250.       0.00500    0.005000  
 251     2   1     0     7     7  250.       0.0100     0.005000  
 251     3   1     0     7     7  250.       0.0150     0.005000  
 251     4   1     0     7     7  250.       0.0200     0.005000  
 251     5   1     0     4     4  250.       0.0250     0.005000  
 251     6   1     0     2     2  250.       0.0300     0.005000  
 251     7   1     0     8     8  250.       0.0375     0.007500  
 251     8   1     0     2     2  250.       0.0450     0.007500  
 251     9   1     0     4     4  250.       0.0525     0.007500  
 251    10   1     0     9     9  250.       0.0638     0.01125   
 251    11   1     0     4     4  250.       0.0750     0.01125   
 251    12   1     0     5     5  250.       0.0862     0.01125   
 251    13   1     0     3     3  250.       0.0975     0.01125   
 251    14   1     0     2     2  250.       0.109      0.01125   
 251    15   1     0     8     8  250.       0.126      0.01688   
 251    16   1     0     4     4  250.       0.142      0.01688   
 251    17   1     0     4     4  250.       0.159      0.01688   
 251    18   1     0     7     7  250.       0.184      0.02500   
 251    19   1     0     5     5  250.       0.209      0.02500   
 251    20   1     0     5     5  250.       0.234      0.02500   
 251    21   1     0    10    10  250.       0.250      0.01563   
 251    22   1     0     6     6  250.       0.275      0.02500   
 251    23   1     0     1     1  250.       0.300      0.02500   
 251    24   1     0    10    10  250.       0.325      0.02500   
 251    25   1     0    10    10  250.       0.350      0.02500   
 251    26   1     0    12    12  250.       0.375      0.02500   
 251    27   1     0    10    10  250.       0.394      0.01875   
 251    28   1     0    10    10  250.       0.413      0.01875   
 251    29   1     0     9     9  250.       0.431      0.01875   
 251    30   1     0     7     7  250.       0.450      0.01875   
 251    31   1     0     5     5  250.       0.469      0.01875   
 251    32   1     0     5     5  250.       0.488      0.01875   
 251    33   1     0    10    10  251.       0.500      0.01250   
 251    34   1     0    10    10  251.       0.519      0.01875   
 251    35   1     0     6     6  251.       0.538      0.01875   
 251    36   1     0     5     5  251.       0.556      0.01875   
 251    37   1     0     4     4  251.       0.575      0.01875   
 251    38   1     0     3     3  251.       0.594      0.01875   
 251    39   1     0     7     7  251.       0.619      0.02500   
 251    40   1     0     5     5  251.       0.644      0.02500   
 251    41   1     0     4     4  251.       0.669      0.02500   
 251    42   1     0     4     4  251.       0.694      0.02500   
 251    43   1     0     3     3  251.       0.719      0.02500   
 251    44   1     0     3     3  251.       0.744      0.02500   
 251    45   1     0    10    10  251.       0.750      0.006250  
 251    46   1     0     8     8  251.       0.775      0.02500   
 251    47   1     0     5     5  251.       0.800      0.02500   
 251    48   1     0     7     7  251.       0.825      0.02500   
 251    49   1     0    10    10  251.       0.850      0.02500   
 251    50   1     0    10    10  251.       0.875      0.02500   
 251    51   1     0    10    10  251.       0.900      0.02500   
 251    52   1     0    10    10  251.       0.925      0.02500   
 251    53   1     0     6     6  251.       0.950      0.02500   
 251    54   1     0     5     5  251.       0.975      0.02500   
 251    55   1     0     5     5  251.       1.00       0.02500   
                          
 THE ANALYSIS HAS COMPLETED SUCCESSFULLY
