 Abaqus/Standard 2023                  DATE 06-Jun-2026 TIME 06:54:41
 SUMMARY OF JOB INFORMATION:
 STEP  INC ATT SEVERE EQUIL TOTAL  TOTAL      STEP       INC OF       DOF    IF
               DISCON ITERS ITERS  TIME/    TIME/LPF    TIME/LPF    MONITOR RIKS
               ITERS               FREQ
   1     1   1     0    16    16  1.00e-09   1.00e-09   1.000e-09 
   1     2   1     0    13    13  1.75e-09   1.75e-09   7.500e-10 
   1     3   1     0    10    10  2.31e-09   2.31e-09   5.625e-10 
   1     4   1     0    10    10  2.88e-09   2.88e-09   5.625e-10 
   1     5   1     0    10    10  3.44e-09   3.44e-09   5.625e-10 
   1     6   1     0    10    10  4.00e-09   4.00e-09   5.625e-10 
   1     7   1     0    10    10  4.56e-09   4.56e-09   5.625e-10 
   1     8   1     0    10    10  5.13e-09   5.13e-09   5.625e-10 
   1     9   1     0    10    10  5.69e-09   5.69e-09   5.625e-10 
   1    10   1     0    10    10  6.25e-09   6.25e-09   5.625e-10 
   1    11   1     0    10    10  6.81e-09   6.81e-09   5.625e-10 
   1    12   1     0     4     4  7.38e-09   7.38e-09   5.625e-10 
   1    13   1     0     1     1  7.94e-09   7.94e-09   5.625e-10 
   1    14   1     0     1     1  8.78e-09   8.78e-09   8.438e-10 
   1    15   1     0     1     1  1.00e-08   1.00e-08   1.266e-09 
   1    16   1     0     1     1  1.19e-08   1.19e-08   1.898e-09 
   1    17   1     0     1     1  1.48e-08   1.48e-08   2.848e-09 
   1    18   1     0     1     1  1.91e-08   1.91e-08   4.271e-09 
   1    19   1     0     5     5  2.55e-08   2.55e-08   6.407e-09 
   1    20   1     0     4     4  3.19e-08   3.19e-08   6.407e-09 
   1    21   1     0     2     2  3.83e-08   3.83e-08   6.407e-09 
   1    22   1     0     1     1  4.79e-08   4.79e-08   9.611e-09 
   1    23   1     0     1     1  6.23e-08   6.23e-08   1.442e-08 
   1    24   1     0     1     1  8.39e-08   8.39e-08   2.162e-08 
   1    25   1     0     1     1  1.16e-07   1.16e-07   3.244e-08 
   1    26   1     0     1     1  1.65e-07   1.65e-07   4.865e-08 
   1    27   1     0     1     1  2.38e-07   2.38e-07   7.298e-08 
   1    28   1     0     1     1  3.47e-07   3.47e-07   1.095e-07 
   1    29   1     0     1     1  5.12e-07   5.12e-07   1.642e-07 
   1    30   1     0     1     1  7.58e-07   7.58e-07   2.463e-07 
   1    31   1     0     2     2  1.00e-06   1.00e-06   2.420e-07 
                          
 THE ANALYSIS HAS COMPLETED SUCCESSFULLY
