[Stage16N-R4I] start: 2026-06-20 07:01:32
[Stage16N-R4I] PBS job: 1350601.mmaster02
[Stage16N-R4I] job: stage16n_r4ir1_deck_clone_250_to_281_restart_280_to_500
[Stage16N-R4I] source style: deck_clone
[Stage16N-R4I] first solved cycle: 281
[Stage16N-R4I] purpose: R4I-R1 recovery rerun: clone/truncate the clean direct replay deck shape, solve 250--281, restart interior 280, continue 281--500
Linking R1A restart sources from: /home/pr21vyci/master_thesis/Abaqus_trial/runs/chaboche_umat/stage16_abaqus_inhomogeneous_cycle_jump_benchmark/stage16n_restart_control/R1A_restart_reference_500cycles
Analysis initiated from SIMULIA established products
Abaqus JOB stage16n_r4ir1_deck_clone_250_to_281_restart_280_to_500_source_250_to_281
Abaqus 2023
Abaqus License Manager checked out the following licenses:
Abaqus/Standard checked out 16 tokens from Flexnet server license4.imfd.tu-freiberg.de.
<188 out of 300 licenses remain available>.
Begin Compiling Abaqus/Standard User Subroutines
Sat 20 Jun 2026 07:01:40 AM CEST
Intel(R) Fortran Intel(R) 64 Compiler Classic for applications running on Intel(R) 64, Version 2021.13.0 Build 20240602_000000
Copyright (C) 1985-2024 Intel Corporation.  All rights reserved.

ifort: remark #10448: Intel(R) Fortran Compiler Classic (ifort) is now deprecated and will be discontinued late 2024. Intel recommends that customers transition now to using the LLVM-based Intel(R) Fortran Compiler (ifx) for continued Windows* and Linux* support, new language support, new language features, and optimizations. Use '-diag-disable=10448' to disable this message.
ifort: command line warning #10434: option '-extend_source' use with underscore is deprecated; use '-extend-source' instead
 Intel(R) Fortran 2021.13.0-1693
stage16n_neml_equivalent_chaboche_umat.for(23): remark #15009: umat_ has been targeted for automatic cpu dispatch
End Compiling Abaqus/Standard User Subroutines
Begin Linking Abaqus/Standard User Subroutines
Intel(R) Fortran Intel(R) 64 Compiler Classic for applications running on Intel(R) 64, Version 2021.13.0 Build 20240602_000000
Copyright (C) 1985-2024 Intel Corporation.  All rights reserved.

ifort: remark #10448: Intel(R) Fortran Compiler Classic (ifort) is now deprecated and will be discontinued late 2024. Intel recommends that customers transition now to using the LLVM-based Intel(R) Fortran Compiler (ifx) for continued Windows* and Linux* support, new language support, new language features, and optimizations. Use '-diag-disable=10448' to disable this message.
GNU ld version 2.30-128.el8_10
End Linking Abaqus/Standard User Subroutines
Sat 20 Jun 2026 07:01:51 AM CEST
Begin Analysis Input File Processor
Sat 20 Jun 2026 07:01:51 AM CEST
Run pre
Sat 20 Jun 2026 07:02:04 AM CEST
End Analysis Input File Processor
Begin Abaqus/Standard Analysis
Sat 20 Jun 2026 07:02:04 AM CEST
Run standard
Sat 20 Jun 2026 07:35:11 AM CEST
End Abaqus/Standard Analysis
Begin SIM Wrap-up
Sat 20 Jun 2026 07:35:11 AM CEST
Run SMASimUtility
Sat 20 Jun 2026 07:35:11 AM CEST
End SIM Wrap-up
Abaqus JOB stage16n_r4ir1_deck_clone_250_to_281_restart_280_to_500_source_250_to_281 COMPLETED
Wrote: stage16n_r4ir1_deck_clone_250_to_281_restart_280_to_500_source_250_to_281_cycle_metrics.csv
Wrote: stage16n_r4ir1_deck_clone_250_to_281_restart_280_to_500_source_250_to_281_selected_cycle_loops.csv
Wrote: stage16n_r4ir1_deck_clone_250_to_281_restart_280_to_500_source_250_to_281_selected_cycle_local_states.csv
[Stage16N-R4I] restart read: oldjob=stage16n_r4ir1_deck_clone_250_to_281_restart_280_to_500_source_250_to_281 step=280 inc=54
Analysis initiated from SIMULIA established products
Abaqus JOB stage16n_r4ir1_deck_clone_250_to_281_restart_280_to_500_datacheck
Abaqus 2023
Abaqus License Manager checked out the following licenses:
Abaqus/Standard checked out 16 tokens from Flexnet server license4.imfd.tu-freiberg.de.
<194 out of 300 licenses remain available>.
Begin Compiling Abaqus/Standard User Subroutines
Sat 20 Jun 2026 07:35:16 AM CEST
Intel(R) Fortran Intel(R) 64 Compiler Classic for applications running on Intel(R) 64, Version 2021.13.0 Build 20240602_000000
Copyright (C) 1985-2024 Intel Corporation.  All rights reserved.

ifort: remark #10448: Intel(R) Fortran Compiler Classic (ifort) is now deprecated and will be discontinued late 2024. Intel recommends that customers transition now to using the LLVM-based Intel(R) Fortran Compiler (ifx) for continued Windows* and Linux* support, new language support, new language features, and optimizations. Use '-diag-disable=10448' to disable this message.
ifort: command line warning #10434: option '-extend_source' use with underscore is deprecated; use '-extend-source' instead
 Intel(R) Fortran 2021.13.0-1693
stage16n_neml_equivalent_chaboche_umat.for(23): remark #15009: umat_ has been targeted for automatic cpu dispatch
End Compiling Abaqus/Standard User Subroutines
Begin Linking Abaqus/Standard User Subroutines
Intel(R) Fortran Intel(R) 64 Compiler Classic for applications running on Intel(R) 64, Version 2021.13.0 Build 20240602_000000
Copyright (C) 1985-2024 Intel Corporation.  All rights reserved.

ifort: remark #10448: Intel(R) Fortran Compiler Classic (ifort) is now deprecated and will be discontinued late 2024. Intel recommends that customers transition now to using the LLVM-based Intel(R) Fortran Compiler (ifx) for continued Windows* and Linux* support, new language support, new language features, and optimizations. Use '-diag-disable=10448' to disable this message.
GNU ld version 2.30-128.el8_10
End Linking Abaqus/Standard User Subroutines
Sat 20 Jun 2026 07:35:25 AM CEST
Begin Analysis Input File Processor
Sat 20 Jun 2026 07:35:25 AM CEST
Run pre
Sat 20 Jun 2026 07:35:36 AM CEST
End Analysis Input File Processor
Begin Abaqus/Standard Datacheck
Begin Abaqus/Standard Analysis
Sat 20 Jun 2026 07:35:36 AM CEST
Run standard
Sat 20 Jun 2026 07:35:41 AM CEST
End Abaqus/Standard Analysis
Begin SIM Wrap-up
Sat 20 Jun 2026 07:35:41 AM CEST
Run SMASimUtility
Sat 20 Jun 2026 07:35:41 AM CEST
End SIM Wrap-up
Abaqus JOB stage16n_r4ir1_deck_clone_250_to_281_restart_280_to_500_datacheck COMPLETED
Analysis initiated from SIMULIA established products
Abaqus JOB stage16n_r4ir1_deck_clone_250_to_281_restart_280_to_500
Abaqus 2023
Abaqus License Manager checked out the following licenses:
Abaqus/Standard checked out 16 tokens from Flexnet server license4.imfd.tu-freiberg.de.
<194 out of 300 licenses remain available>.
Begin Compiling Abaqus/Standard User Subroutines
Sat 20 Jun 2026 07:35:42 AM CEST
Intel(R) Fortran Intel(R) 64 Compiler Classic for applications running on Intel(R) 64, Version 2021.13.0 Build 20240602_000000
Copyright (C) 1985-2024 Intel Corporation.  All rights reserved.

ifort: remark #10448: Intel(R) Fortran Compiler Classic (ifort) is now deprecated and will be discontinued late 2024. Intel recommends that customers transition now to using the LLVM-based Intel(R) Fortran Compiler (ifx) for continued Windows* and Linux* support, new language support, new language features, and optimizations. Use '-diag-disable=10448' to disable this message.
ifort: command line warning #10434: option '-extend_source' use with underscore is deprecated; use '-extend-source' instead
 Intel(R) Fortran 2021.13.0-1693
stage16n_neml_equivalent_chaboche_umat.for(23): remark #15009: umat_ has been targeted for automatic cpu dispatch
End Compiling Abaqus/Standard User Subroutines
Begin Linking Abaqus/Standard User Subroutines
Intel(R) Fortran Intel(R) 64 Compiler Classic for applications running on Intel(R) 64, Version 2021.13.0 Build 20240602_000000
Copyright (C) 1985-2024 Intel Corporation.  All rights reserved.

ifort: remark #10448: Intel(R) Fortran Compiler Classic (ifort) is now deprecated and will be discontinued late 2024. Intel recommends that customers transition now to using the LLVM-based Intel(R) Fortran Compiler (ifx) for continued Windows* and Linux* support, new language support, new language features, and optimizations. Use '-diag-disable=10448' to disable this message.
GNU ld version 2.30-128.el8_10
End Linking Abaqus/Standard User Subroutines
Sat 20 Jun 2026 07:35:49 AM CEST
Begin Analysis Input File Processor
Sat 20 Jun 2026 07:35:49 AM CEST
Run pre
Sat 20 Jun 2026 07:36:00 AM CEST
End Analysis Input File Processor
Begin Abaqus/Standard Analysis
Sat 20 Jun 2026 07:36:00 AM CEST
Run standard
Sat 20 Jun 2026 12:53:38 PM CEST
End Abaqus/Standard Analysis
Begin SIM Wrap-up
Sat 20 Jun 2026 12:53:39 PM CEST
Run SMASimUtility
Sat 20 Jun 2026 12:53:39 PM CEST
End SIM Wrap-up
Abaqus JOB stage16n_r4ir1_deck_clone_250_to_281_restart_280_to_500 COMPLETED
Wrote: stage16n_r4ir1_deck_clone_250_to_281_restart_280_to_500_cycle_metrics.csv
Wrote: stage16n_r4ir1_deck_clone_250_to_281_restart_280_to_500_selected_cycle_loops.csv
Wrote: stage16n_r4ir1_deck_clone_250_to_281_restart_280_to_500_selected_cycle_local_states.csv
sending incremental file list
./
reference_1000_cycle_metrics.csv
reference_1000_selected_cycle_local_states.csv
reference_parallel_cycle_metrics.csv
reference_parallel_selected_cycle_local_states.csv
stage16n_r4ir1_deck_clone_250_to_281_restart_280_to_500.sta
stage16n_r4ir1_deck_clone_250_to_281_restart_280_to_500_cycle_metrics.csv
stage16n_r4ir1_deck_clone_250_to_281_restart_280_to_500_selected_cycle_local_states.csv
stage16n_r4ir1_deck_clone_250_to_281_restart_280_to_500_selected_cycle_loops.csv
stage16n_r4ir1_deck_clone_250_to_281_restart_280_to_500_source_250_to_281.sta
stage16n_r4ir1_deck_clone_250_to_281_restart_280_to_500_source_250_to_281_cycle_metrics.csv
stage16n_r4ir1_deck_clone_250_to_281_restart_280_to_500_source_250_to_281_selected_cycle_local_states.csv
stage16n_r4ir1_deck_clone_250_to_281_restart_280_to_500_source_250_to_281_selected_cycle_loops.csv
_logs/
_logs/stage16n_r4ir1_deck_clone_250_to_281_restart_280_to_500.log
_logs/stage16n_r4ir1_deck_clone_250_to_281_restart_280_to_500_datacheck.log
_logs/stage16n_r4ir1_deck_clone_250_to_281_restart_280_to_500_extract.log
_logs/stage16n_r4ir1_deck_clone_250_to_281_restart_280_to_500_source_250_to_281.log
_logs/stage16n_r4ir1_deck_clone_250_to_281_restart_280_to_500_source_250_to_281_extract.log
tmp/

sent 1,237,779 bytes  received 354 bytes  99,050.64 bytes/sec
total size is 1,235,962  speedup is 1.00
Wrote stage16n_r4ir1_deck_clone_250_to_281_restart_280_to_500_comparison_summary.csv
Wrote stage16n_r4ir1_deck_clone_250_to_281_restart_280_to_500_comparison_details.csv
sending incremental file list
./
STAGE16N_R4I_CASE_STATUS.md
stage16n_r4ir1_deck_clone_250_to_281_restart_280_to_500_comparison_details.csv
stage16n_r4ir1_deck_clone_250_to_281_restart_280_to_500_comparison_summary.csv
_logs/
_logs/stage16n_r4ir1_deck_clone_250_to_281_restart_280_to_500_compare.log

sent 2,949 bytes  received 108 bytes  165.24 bytes/sec
total size is 1,237,709  speedup is 404.88
[Stage16N-R4I] keeping scratch directory: /scratch/pr21vyci/stage16n_r4ir/R4I-R1_deck_clone_250_to_281_restart_280_to_500/1350601.mmaster02
[Stage16N-R4I] end: 2026-06-20 12:54:34
