============================================================
PBS job started: Sa 13. Jun 06:01:28 CEST 2026
Case: R4J2_500_to_550_solve_551_to_750
Running in scratch case:
/scratch/pr21vyci/stage16n_scratch_runs_r4j_v2/Abaqus_trial/runs/chaboche_umat/stage16_abaqus_inhomogeneous_cycle_jump_benchmark/stage16n_restart_control/restart_jump_cases/R4J2_500_to_550_solve_551_to_750
============================================================
Disk usage before Abaqus:
Dateisystem            Größe Benutzt Verf. Verw% Eingehängt auf
mnfs:/home               17T     11T  5,9T   64% /home
panfs://mpanfs/scratch  110T     81T   29T   74% /scratch
Linking native restart sources in scratch...
Running case runner from scratch:
./run_stage16n_r3j_jump_hpc.sh
[Stage16N-R3J] start: 2026-06-13 06:01:30
[Stage16N-R3J] PBS job: 1344947.mmaster02
[Stage16N-R3J] Abaqus job: stage16n_r4j2_jump_500_to_550_solve_551_to_750
[Stage16N-R3J] oldjob: stage16n_r1a_restart_ref_500cycles
[Stage16N-R3J] restart checkpoint: 500
[Stage16N-R3J] slope pair: 250 -> 500
[Stage16N-R3J] material jump: 500 -> 550
[Stage16N-R3J] solved continuation cycles: 551 -> 750
[Stage16N-R3J] target cycle: 750
[Stage16N-R3J] cpus=16 mp_mode=threads
[Stage16N-R3J] scratch=/home/pr21vyci/pbs.1344947.mmaster02.x8z
Wrote _jump_state/stage16n_exact_state_cycle0250.csv
Wrote _jump_state/stage16n_exact_state_cycle0250_summary.md
Wrote _jump_state/stage16n_exact_state_cycle0500.csv
Wrote _jump_state/stage16n_exact_state_cycle0500_summary.md
Analysis initiated from SIMULIA established products
Abaqus JOB stage16n_r4j2_jump_500_to_550_solve_551_to_750_datacheck
Abaqus 2023
Abaqus License Manager checked out the following licenses:
Abaqus/Standard checked out 16 tokens from Flexnet server license4.imfd.tu-freiberg.de.
<163 out of 300 licenses remain available>.
Begin Compiling Abaqus/Standard User Subroutines
Sat 13 Jun 2026 06:01:56 AM CEST
Intel(R) Fortran Intel(R) 64 Compiler Classic for applications running on Intel(R) 64, Version 2021.13.0 Build 20240602_000000
Copyright (C) 1985-2024 Intel Corporation.  All rights reserved.

ifort: remark #10448: Intel(R) Fortran Compiler Classic (ifort) is now deprecated and will be discontinued late 2024. Intel recommends that customers transition now to using the LLVM-based Intel(R) Fortran Compiler (ifx) for continued Windows* and Linux* support, new language support, new language features, and optimizations. Use '-diag-disable=10448' to disable this message.
ifort: command line warning #10434: option '-extend_source' use with underscore is deprecated; use '-extend-source' instead
 Intel(R) Fortran 2021.13.0-1693
stage16n_r3_jump_umat.for(23): remark #15009: umat_ has been targeted for automatic cpu dispatch
stage16n_r3_jump_umat.for(248): remark #15009: stage16n_r3j_jump_overwrite_ has been targeted for automatic cpu dispatch
End Compiling Abaqus/Standard User Subroutines
Begin Linking Abaqus/Standard User Subroutines
Intel(R) Fortran Intel(R) 64 Compiler Classic for applications running on Intel(R) 64, Version 2021.13.0 Build 20240602_000000
Copyright (C) 1985-2024 Intel Corporation.  All rights reserved.

ifort: remark #10448: Intel(R) Fortran Compiler Classic (ifort) is now deprecated and will be discontinued late 2024. Intel recommends that customers transition now to using the LLVM-based Intel(R) Fortran Compiler (ifx) for continued Windows* and Linux* support, new language support, new language features, and optimizations. Use '-diag-disable=10448' to disable this message.
GNU ld version 2.30-128.el8_10
End Linking Abaqus/Standard User Subroutines
Sat 13 Jun 2026 06:02:02 AM CEST
Begin Analysis Input File Processor
Sat 13 Jun 2026 06:02:02 AM CEST
Run pre
Sat 13 Jun 2026 06:02:12 AM CEST
End Analysis Input File Processor
Begin Abaqus/Standard Datacheck
Begin Abaqus/Standard Analysis
Sat 13 Jun 2026 06:02:12 AM CEST
Run standard
Sat 13 Jun 2026 06:02:16 AM CEST
End Abaqus/Standard Analysis
Begin SIM Wrap-up
Sat 13 Jun 2026 06:02:16 AM CEST
Run SMASimUtility
Sat 13 Jun 2026 06:02:17 AM CEST
End SIM Wrap-up
Abaqus JOB stage16n_r4j2_jump_500_to_550_solve_551_to_750_datacheck COMPLETED
Analysis initiated from SIMULIA established products
Abaqus JOB stage16n_r4j2_jump_500_to_550_solve_551_to_750
Abaqus 2023
Abaqus License Manager checked out the following licenses:
Abaqus/Standard checked out 16 tokens from Flexnet server license4.imfd.tu-freiberg.de.
<163 out of 300 licenses remain available>.
Begin Compiling Abaqus/Standard User Subroutines
Sat 13 Jun 2026 06:02:19 AM CEST
Intel(R) Fortran Intel(R) 64 Compiler Classic for applications running on Intel(R) 64, Version 2021.13.0 Build 20240602_000000
Copyright (C) 1985-2024 Intel Corporation.  All rights reserved.

ifort: remark #10448: Intel(R) Fortran Compiler Classic (ifort) is now deprecated and will be discontinued late 2024. Intel recommends that customers transition now to using the LLVM-based Intel(R) Fortran Compiler (ifx) for continued Windows* and Linux* support, new language support, new language features, and optimizations. Use '-diag-disable=10448' to disable this message.
ifort: command line warning #10434: option '-extend_source' use with underscore is deprecated; use '-extend-source' instead
 Intel(R) Fortran 2021.13.0-1693
stage16n_r3_jump_umat.for(23): remark #15009: umat_ has been targeted for automatic cpu dispatch
stage16n_r3_jump_umat.for(248): remark #15009: stage16n_r3j_jump_overwrite_ has been targeted for automatic cpu dispatch
End Compiling Abaqus/Standard User Subroutines
Begin Linking Abaqus/Standard User Subroutines
Intel(R) Fortran Intel(R) 64 Compiler Classic for applications running on Intel(R) 64, Version 2021.13.0 Build 20240602_000000
Copyright (C) 1985-2024 Intel Corporation.  All rights reserved.

ifort: remark #10448: Intel(R) Fortran Compiler Classic (ifort) is now deprecated and will be discontinued late 2024. Intel recommends that customers transition now to using the LLVM-based Intel(R) Fortran Compiler (ifx) for continued Windows* and Linux* support, new language support, new language features, and optimizations. Use '-diag-disable=10448' to disable this message.
GNU ld version 2.30-128.el8_10
End Linking Abaqus/Standard User Subroutines
Sat 13 Jun 2026 06:02:25 AM CEST
Begin Analysis Input File Processor
Sat 13 Jun 2026 06:02:25 AM CEST
Run pre
Sat 13 Jun 2026 06:02:35 AM CEST
End Analysis Input File Processor
Begin Abaqus/Standard Analysis
Sat 13 Jun 2026 06:02:35 AM CEST
Run standard
Sat 13 Jun 2026 10:12:13 AM CEST
End Abaqus/Standard Analysis
Begin SIM Wrap-up
Sat 13 Jun 2026 10:12:13 AM CEST
Run SMASimUtility
Sat 13 Jun 2026 10:12:13 AM CEST
End SIM Wrap-up
Abaqus JOB stage16n_r4j2_jump_500_to_550_solve_551_to_750 COMPLETED
	SYMMETRIC DIRECT SPARSE SOLVER RUNNING ON
 	1 HOST:        1 MPI RANK  x 16 THREADS
 	NUMBER OF EQUATIONS:     19704
 	NUMBER OF RHS:           1
--
	SYMMETRIC DIRECT SPARSE SOLVER RUNNING ON
 	1 HOST:        1 MPI RANK  x 16 THREADS
 	NUMBER OF EQUATIONS:     19704
 	NUMBER OF RHS:           1
--
	SYMMETRIC DIRECT SPARSE SOLVER RUNNING ON
 	1 HOST:        1 MPI RANK  x 16 THREADS
 	NUMBER OF EQUATIONS:     19704
 	NUMBER OF RHS:           1
--
	SYMMETRIC DIRECT SPARSE SOLVER RUNNING ON
 	1 HOST:        1 MPI RANK  x 16 THREADS
 	NUMBER OF EQUATIONS:     19704
 	NUMBER OF RHS:           1
--
	SYMMETRIC DIRECT SPARSE SOLVER RUNNING ON
 	1 HOST:        1 MPI RANK  x 16 THREADS
 	NUMBER OF EQUATIONS:     19704
 	NUMBER OF RHS:           1
Wrote: stage16n_r4j2_jump_500_to_550_solve_551_to_750_cycle_metrics.csv
Wrote: stage16n_r4j2_jump_500_to_550_solve_551_to_750_selected_cycle_loops.csv
Wrote: stage16n_r4j2_jump_500_to_550_solve_551_to_750_selected_cycle_local_states.csv
Wrote runs/chaboche_umat/stage16_abaqus_inhomogeneous_cycle_jump_benchmark/stage16n_restart_control/restart_jump_cases/R4J2_500_to_550_solve_551_to_750/stage16n_r4j2_jump_500_to_550_solve_551_to_750_comparison_summary.csv
Wrote runs/chaboche_umat/stage16_abaqus_inhomogeneous_cycle_jump_benchmark/stage16n_restart_control/restart_jump_cases/R4J2_500_to_550_solve_551_to_750/stage16n_r4j2_jump_500_to_550_solve_551_to_750_comparison_details.csv
[Stage16N-R3J] end: 2026-06-13 10:12:34
Case runner return code: 0
Staging lightweight evidence back to /home...
sending incremental file list
./
STAGE16N_R3J_CASE_STATUS.md
STAGE16N_R3J_EXTRAPOLATED_STATE.md
stage16n_r4j2_jump_500_to_550_solve_551_to_750.sta
stage16n_r4j2_jump_500_to_550_solve_551_to_750_comparison_details.csv
stage16n_r4j2_jump_500_to_550_solve_551_to_750_comparison_summary.csv
stage16n_r4j2_jump_500_to_550_solve_551_to_750_cycle_metrics.csv
stage16n_r4j2_jump_500_to_550_solve_551_to_750_selected_cycle_local_states.csv
stage16n_r4j2_jump_500_to_550_solve_551_to_750_selected_cycle_loops.csv
state.csv
_jump_state/
_jump_state/stage16n_exact_state_cycle0250.csv
_jump_state/stage16n_exact_state_cycle0250_summary.md
_jump_state/stage16n_exact_state_cycle0500.csv
_jump_state/stage16n_exact_state_cycle0500_summary.md
_logs/
_logs/stage16n_r4j2_jump_500_to_550_solve_551_to_750.log
_logs/stage16n_r4j2_jump_500_to_550_solve_551_to_750_compare.log
_logs/stage16n_r4j2_jump_500_to_550_solve_551_to_750_datacheck.log
_logs/stage16n_r4j2_jump_500_to_550_solve_551_to_750_extract.log
_logs/stage16n_r4j2_jump_500_to_550_solve_551_to_750_extract_slope_states.log
_logs/stage16n_r4j2_jump_500_to_550_solve_551_to_750_make_extrapolated_state.log
_logs/stage16n_r4j2_jump_500_to_550_solve_551_to_750_overwrite_trace.txt
_logs/stage16n_r4j2_jump_500_to_550_solve_551_to_750_parallelism_check.log
tmp/

sent 42,105,654 bytes  received 438 bytes  12,030,312.00 bytes/sec
total size is 42,094,407  speedup is 1.00
Disk usage after run:
Dateisystem            Größe Benutzt Verf. Verw% Eingehängt auf
mnfs:/home               17T     11T  5,9T   64% /home
panfs://mpanfs/scratch  110T     81T   29T   74% /scratch
PBS job finished: Sa 13. Jun 10:12:37 CEST 2026
