[Stage16N-R4I] start: 2026-06-20 07:01:32
[Stage16N-R4I] PBS job: 1350602.mmaster02
[Stage16N-R4I] job: stage16n_r4ir2_buffer_250_to_300_restart_280_to_500
[Stage16N-R4I] source style: buffered_generated
[Stage16N-R4I] first solved cycle: 281
[Stage16N-R4I] purpose: R4I-R2 recovery rerun: generated source solve 250--300, restart interior 280, continue 281--500
Linking R1A restart sources from: /home/pr21vyci/master_thesis/Abaqus_trial/runs/chaboche_umat/stage16_abaqus_inhomogeneous_cycle_jump_benchmark/stage16n_restart_control/R1A_restart_reference_500cycles
Analysis initiated from SIMULIA established products
Abaqus JOB stage16n_r4ir2_buffer_250_to_300_restart_280_to_500_source_250_to_300
Abaqus 2023
Abaqus License Manager checked out the following licenses:
Abaqus/Standard checked out 16 tokens from Flexnet server license4.imfd.tu-freiberg.de.
<188 out of 300 licenses remain available>.
Begin Compiling Abaqus/Standard User Subroutines
Sat 20 Jun 2026 07:01:40 AM CEST
Intel(R) Fortran Intel(R) 64 Compiler Classic for applications running on Intel(R) 64, Version 2021.13.0 Build 20240602_000000
Copyright (C) 1985-2024 Intel Corporation.  All rights reserved.

ifort: remark #10448: Intel(R) Fortran Compiler Classic (ifort) is now deprecated and will be discontinued late 2024. Intel recommends that customers transition now to using the LLVM-based Intel(R) Fortran Compiler (ifx) for continued Windows* and Linux* support, new language support, new language features, and optimizations. Use '-diag-disable=10448' to disable this message.
ifort: command line warning #10434: option '-extend_source' use with underscore is deprecated; use '-extend-source' instead
 Intel(R) Fortran 2021.13.0-1693
stage16n_neml_equivalent_chaboche_umat.for(23): remark #15009: umat_ has been targeted for automatic cpu dispatch
End Compiling Abaqus/Standard User Subroutines
Begin Linking Abaqus/Standard User Subroutines
Intel(R) Fortran Intel(R) 64 Compiler Classic for applications running on Intel(R) 64, Version 2021.13.0 Build 20240602_000000
Copyright (C) 1985-2024 Intel Corporation.  All rights reserved.

ifort: remark #10448: Intel(R) Fortran Compiler Classic (ifort) is now deprecated and will be discontinued late 2024. Intel recommends that customers transition now to using the LLVM-based Intel(R) Fortran Compiler (ifx) for continued Windows* and Linux* support, new language support, new language features, and optimizations. Use '-diag-disable=10448' to disable this message.
GNU ld version 2.30-128.el8_10
End Linking Abaqus/Standard User Subroutines
Sat 20 Jun 2026 07:01:51 AM CEST
Begin Analysis Input File Processor
Sat 20 Jun 2026 07:01:51 AM CEST
Run pre
Sat 20 Jun 2026 07:02:04 AM CEST
End Analysis Input File Processor
Begin Abaqus/Standard Analysis
Sat 20 Jun 2026 07:02:04 AM CEST
Run standard
Sat 20 Jun 2026 07:54:23 AM CEST
End Abaqus/Standard Analysis
Begin SIM Wrap-up
Sat 20 Jun 2026 07:54:23 AM CEST
Run SMASimUtility
Sat 20 Jun 2026 07:54:23 AM CEST
End SIM Wrap-up
Abaqus JOB stage16n_r4ir2_buffer_250_to_300_restart_280_to_500_source_250_to_300 COMPLETED
Wrote: stage16n_r4ir2_buffer_250_to_300_restart_280_to_500_source_250_to_300_cycle_metrics.csv
Wrote: stage16n_r4ir2_buffer_250_to_300_restart_280_to_500_source_250_to_300_selected_cycle_loops.csv
Wrote: stage16n_r4ir2_buffer_250_to_300_restart_280_to_500_source_250_to_300_selected_cycle_local_states.csv
[Stage16N-R4I] restart read: oldjob=stage16n_r4ir2_buffer_250_to_300_restart_280_to_500_source_250_to_300 step=280 inc=56
Analysis initiated from SIMULIA established products
Abaqus JOB stage16n_r4ir2_buffer_250_to_300_restart_280_to_500_datacheck
Abaqus 2023
Abaqus License Manager checked out the following licenses:
Abaqus/Standard checked out 16 tokens from Flexnet server license4.imfd.tu-freiberg.de.
<228 out of 300 licenses remain available>.
Begin Compiling Abaqus/Standard User Subroutines
Sat 20 Jun 2026 07:54:29 AM CEST
Intel(R) Fortran Intel(R) 64 Compiler Classic for applications running on Intel(R) 64, Version 2021.13.0 Build 20240602_000000
Copyright (C) 1985-2024 Intel Corporation.  All rights reserved.

ifort: remark #10448: Intel(R) Fortran Compiler Classic (ifort) is now deprecated and will be discontinued late 2024. Intel recommends that customers transition now to using the LLVM-based Intel(R) Fortran Compiler (ifx) for continued Windows* and Linux* support, new language support, new language features, and optimizations. Use '-diag-disable=10448' to disable this message.
ifort: command line warning #10434: option '-extend_source' use with underscore is deprecated; use '-extend-source' instead
 Intel(R) Fortran 2021.13.0-1693
stage16n_neml_equivalent_chaboche_umat.for(23): remark #15009: umat_ has been targeted for automatic cpu dispatch
End Compiling Abaqus/Standard User Subroutines
Begin Linking Abaqus/Standard User Subroutines
Intel(R) Fortran Intel(R) 64 Compiler Classic for applications running on Intel(R) 64, Version 2021.13.0 Build 20240602_000000
Copyright (C) 1985-2024 Intel Corporation.  All rights reserved.

ifort: remark #10448: Intel(R) Fortran Compiler Classic (ifort) is now deprecated and will be discontinued late 2024. Intel recommends that customers transition now to using the LLVM-based Intel(R) Fortran Compiler (ifx) for continued Windows* and Linux* support, new language support, new language features, and optimizations. Use '-diag-disable=10448' to disable this message.
GNU ld version 2.30-128.el8_10
End Linking Abaqus/Standard User Subroutines
Sat 20 Jun 2026 07:54:37 AM CEST
Begin Analysis Input File Processor
Sat 20 Jun 2026 07:54:37 AM CEST
Run pre
Sat 20 Jun 2026 07:54:51 AM CEST
End Analysis Input File Processor
Begin Abaqus/Standard Datacheck
Begin Abaqus/Standard Analysis
Sat 20 Jun 2026 07:54:51 AM CEST
Run standard
Sat 20 Jun 2026 07:54:54 AM CEST
End Abaqus/Standard Analysis
Begin SIM Wrap-up
Sat 20 Jun 2026 07:54:54 AM CEST
Run SMASimUtility
Sat 20 Jun 2026 07:54:54 AM CEST
End SIM Wrap-up
Abaqus JOB stage16n_r4ir2_buffer_250_to_300_restart_280_to_500_datacheck COMPLETED
Analysis initiated from SIMULIA established products
Abaqus JOB stage16n_r4ir2_buffer_250_to_300_restart_280_to_500
Abaqus 2023
Abaqus License Manager checked out the following licenses:
Abaqus/Standard checked out 16 tokens from Flexnet server license4.imfd.tu-freiberg.de.
<228 out of 300 licenses remain available>.
Begin Compiling Abaqus/Standard User Subroutines
Sat 20 Jun 2026 07:54:56 AM CEST
Intel(R) Fortran Intel(R) 64 Compiler Classic for applications running on Intel(R) 64, Version 2021.13.0 Build 20240602_000000
Copyright (C) 1985-2024 Intel Corporation.  All rights reserved.

ifort: remark #10448: Intel(R) Fortran Compiler Classic (ifort) is now deprecated and will be discontinued late 2024. Intel recommends that customers transition now to using the LLVM-based Intel(R) Fortran Compiler (ifx) for continued Windows* and Linux* support, new language support, new language features, and optimizations. Use '-diag-disable=10448' to disable this message.
ifort: command line warning #10434: option '-extend_source' use with underscore is deprecated; use '-extend-source' instead
 Intel(R) Fortran 2021.13.0-1693
stage16n_neml_equivalent_chaboche_umat.for(23): remark #15009: umat_ has been targeted for automatic cpu dispatch
End Compiling Abaqus/Standard User Subroutines
Begin Linking Abaqus/Standard User Subroutines
Intel(R) Fortran Intel(R) 64 Compiler Classic for applications running on Intel(R) 64, Version 2021.13.0 Build 20240602_000000
Copyright (C) 1985-2024 Intel Corporation.  All rights reserved.

ifort: remark #10448: Intel(R) Fortran Compiler Classic (ifort) is now deprecated and will be discontinued late 2024. Intel recommends that customers transition now to using the LLVM-based Intel(R) Fortran Compiler (ifx) for continued Windows* and Linux* support, new language support, new language features, and optimizations. Use '-diag-disable=10448' to disable this message.
GNU ld version 2.30-128.el8_10
End Linking Abaqus/Standard User Subroutines
Sat 20 Jun 2026 07:55:04 AM CEST
Begin Analysis Input File Processor
Sat 20 Jun 2026 07:55:04 AM CEST
Run pre
Sat 20 Jun 2026 07:55:16 AM CEST
End Analysis Input File Processor
Begin Abaqus/Standard Analysis
Sat 20 Jun 2026 07:55:16 AM CEST
Run standard
Sat 20 Jun 2026 01:28:19 PM CEST
End Abaqus/Standard Analysis
Begin SIM Wrap-up
Sat 20 Jun 2026 01:28:19 PM CEST
Run SMASimUtility
Sat 20 Jun 2026 01:28:19 PM CEST
End SIM Wrap-up
Abaqus JOB stage16n_r4ir2_buffer_250_to_300_restart_280_to_500 COMPLETED
Wrote: stage16n_r4ir2_buffer_250_to_300_restart_280_to_500_cycle_metrics.csv
Wrote: stage16n_r4ir2_buffer_250_to_300_restart_280_to_500_selected_cycle_loops.csv
Wrote: stage16n_r4ir2_buffer_250_to_300_restart_280_to_500_selected_cycle_local_states.csv
sending incremental file list
./
reference_1000_cycle_metrics.csv
reference_1000_selected_cycle_local_states.csv
reference_parallel_cycle_metrics.csv
reference_parallel_selected_cycle_local_states.csv
stage16n_r4ir2_buffer_250_to_300_restart_280_to_500.sta
stage16n_r4ir2_buffer_250_to_300_restart_280_to_500_cycle_metrics.csv
stage16n_r4ir2_buffer_250_to_300_restart_280_to_500_selected_cycle_local_states.csv
stage16n_r4ir2_buffer_250_to_300_restart_280_to_500_selected_cycle_loops.csv
stage16n_r4ir2_buffer_250_to_300_restart_280_to_500_source_250_to_300.sta
stage16n_r4ir2_buffer_250_to_300_restart_280_to_500_source_250_to_300_cycle_metrics.csv
stage16n_r4ir2_buffer_250_to_300_restart_280_to_500_source_250_to_300_selected_cycle_local_states.csv
stage16n_r4ir2_buffer_250_to_300_restart_280_to_500_source_250_to_300_selected_cycle_loops.csv
_logs/
_logs/stage16n_r4ir2_buffer_250_to_300_restart_280_to_500.log
_logs/stage16n_r4ir2_buffer_250_to_300_restart_280_to_500_datacheck.log
_logs/stage16n_r4ir2_buffer_250_to_300_restart_280_to_500_extract.log
_logs/stage16n_r4ir2_buffer_250_to_300_restart_280_to_500_source_250_to_300.log
_logs/stage16n_r4ir2_buffer_250_to_300_restart_280_to_500_source_250_to_300_extract.log
tmp/

sent 1,313,192 bytes  received 354 bytes  875,697.33 bytes/sec
total size is 1,311,334  speedup is 1.00
Wrote stage16n_r4ir2_buffer_250_to_300_restart_280_to_500_comparison_summary.csv
Wrote stage16n_r4ir2_buffer_250_to_300_restart_280_to_500_comparison_details.csv
sending incremental file list
./
STAGE16N_R4I_CASE_STATUS.md
stage16n_r4ir2_buffer_250_to_300_restart_280_to_500_comparison_details.csv
stage16n_r4ir2_buffer_250_to_300_restart_280_to_500_comparison_summary.csv
_logs/
_logs/stage16n_r4ir2_buffer_250_to_300_restart_280_to_500_compare.log

sent 3,030 bytes  received 108 bytes  6,276.00 bytes/sec
total size is 1,313,148  speedup is 418.47
[Stage16N-R4I] keeping scratch directory: /scratch/pr21vyci/stage16n_r4ir/R4I-R2_buffer_250_to_300_restart_280_to_500/1350602.mmaster02
[Stage16N-R4I] end: 2026-06-20 13:28:42
