	SYMMETRIC DIRECT SPARSE SOLVER RUNNING ON
 	1 HOST:        1 MPI RANK  x 16 THREADS
 	NUMBER OF EQUATIONS:     19704
 	NUMBER OF RHS:           1
--
	SYMMETRIC DIRECT SPARSE SOLVER RUNNING ON
 	1 HOST:        1 MPI RANK  x 16 THREADS
 	NUMBER OF EQUATIONS:     19704
 	NUMBER OF RHS:           1
--
	SYMMETRIC DIRECT SPARSE SOLVER RUNNING ON
 	1 HOST:        1 MPI RANK  x 16 THREADS
 	NUMBER OF EQUATIONS:     19704
 	NUMBER OF RHS:           1
--
	SYMMETRIC DIRECT SPARSE SOLVER RUNNING ON
 	1 HOST:        1 MPI RANK  x 16 THREADS
 	NUMBER OF EQUATIONS:     19704
 	NUMBER OF RHS:           1
--
	SYMMETRIC DIRECT SPARSE SOLVER RUNNING ON
 	1 HOST:        1 MPI RANK  x 16 THREADS
 	NUMBER OF EQUATIONS:     19704
 	NUMBER OF RHS:           1
