 Abaqus/Standard 2024                  DATE 09-May-2026 TIME 13:34:15
 SUMMARY OF JOB INFORMATION:
 STEP  INC ATT SEVERE EQUIL TOTAL  TOTAL      STEP       INC OF       DOF    IF
               DISCON ITERS ITERS  TIME/    TIME/LPF    TIME/LPF    MONITOR RIKS
               ITERS               FREQ
   1     1   1     0     1     1  0.00100    0.00100    0.001000  
   1     2   1     0     1     1  0.00200    0.00200    0.001000  
   1     3   1     0     1     1  0.00350    0.00350    0.001500  
   1     4   1     0     1     1  0.00575    0.00575    0.002250  
   1     5   1     0     1     1  0.00913    0.00913    0.003375  
   1     6   1     0     1     1  0.0142     0.0142     0.005063  
   1     7   1     0     1     1  0.0218     0.0218     0.007594  
   1     8   1     0     1     1  0.0332     0.0332     0.01139   
   1     9   1     0     1     1  0.0503     0.0503     0.01709   
   1    10   1     0     1     1  0.0703     0.0703     0.02000   
   1    11   1     0     1     1  0.0903     0.0903     0.02000   
   1    12   1     0     1     1  0.110      0.110      0.02000   
   1    13   1     0     2     2  0.130      0.130      0.02000   
   1    14   1     0     2     2  0.150      0.150      0.02000   
   1    15   1     0     1     1  0.170      0.170      0.02000   
   1    16   1     0     1     1  0.190      0.190      0.02000   
   1    17   1     0     1     1  0.210      0.210      0.02000   
   1    18   1     0     1     1  0.230      0.230      0.02000   
   1    19   1     0     2     2  0.250      0.250      0.02000   
   1    20   1     0     2     2  0.270      0.270      0.02000   
   1    21   1     0     1     1  0.290      0.290      0.02000   
   1    22   1     0     1     1  0.310      0.310      0.02000   
   1    23   1     0     1     1  0.330      0.330      0.02000   
   1    24   1     0     1     1  0.350      0.350      0.02000   
   1    25   1     0     1     1  0.370      0.370      0.02000   
   1    26   1     0     1     1  0.390      0.390      0.02000   
   1    27   1     0     1     1  0.410      0.410      0.02000   
   1    28   1     0     1     1  0.430      0.430      0.02000   
   1    29   1     0     1     1  0.450      0.450      0.02000   
   1    30   1     0     1     1  0.470      0.470      0.02000   
   1    31   1     0     1     1  0.490      0.490      0.02000   
   1    32   1     0     2     2  0.510      0.510      0.02000   
   1    33   1     0     2     2  0.530      0.530      0.02000   
   1    34   1     0     1     1  0.550      0.550      0.02000   
   1    35   1     0     1     1  0.570      0.570      0.02000   
   1    36   1     0     1     1  0.590      0.590      0.02000   
   1    37   1     0     1     1  0.610      0.610      0.02000   
   1    38   1     0     1     1  0.630      0.630      0.02000   
   1    39   1     0     1     1  0.650      0.650      0.02000   
   1    40   1     0     1     1  0.670      0.670      0.02000   
   1    41   1     0     1     1  0.690      0.690      0.02000   
   1    42   1     0     1     1  0.710      0.710      0.02000   
   1    43   1     0     1     1  0.730      0.730      0.02000   
   1    44   1     0     2     2  0.750      0.750      0.02000   
   1    45   1     0     2     2  0.770      0.770      0.02000   
   1    46   1     0     1     1  0.790      0.790      0.02000   
   1    47   1     0     1     1  0.810      0.810      0.02000   
   1    48   1     0     1     1  0.830      0.830      0.02000   
   1    49   1     0     1     1  0.850      0.850      0.02000   
   1    50   1     0     1     1  0.870      0.870      0.02000   
   1    51   1     0     1     1  0.890      0.890      0.02000   
   1    52   1     0     1     1  0.910      0.910      0.02000   
   1    53   1     0     1     1  0.930      0.930      0.02000   
   1    54   1     0     1     1  0.950      0.950      0.02000   
   1    55   1     0     1     1  0.970      0.970      0.02000   
   1    56   1     0     1     1  0.990      0.990      0.02000   
   1    57   1     0     1     1  1.00       1.00       0.009742  
                          
 THE ANALYSIS HAS COMPLETED SUCCESSFULLY
