 Abaqus/Standard 2024                  DATE 09-May-2026 TIME 06:20:43
 SUMMARY OF JOB INFORMATION:
 STEP  INC ATT SEVERE EQUIL TOTAL  TOTAL      STEP       INC OF       DOF    IF
               DISCON ITERS ITERS  TIME/    TIME/LPF    TIME/LPF    MONITOR RIKS
               ITERS               FREQ
   1     1   1     0     1     1  0.00100    0.00100    0.001000  
   1     2   1     0     1     1  0.00200    0.00200    0.001000  
   1     3   1     0     1     1  0.00350    0.00350    0.001500  
   1     4   1     0     1     1  0.00575    0.00575    0.002250  
   1     5   1     0     1     1  0.00913    0.00913    0.003375  
   1     6   1     0     1     1  0.0142     0.0142     0.005063  
   1     7   1     0     1     1  0.0218     0.0218     0.007594  
   1     8   1     0     1     1  0.0332     0.0332     0.01139   
   1     9   1     0     1     1  0.0503     0.0503     0.01709   
   1    10   1     0     1     1  0.0703     0.0703     0.02000   
   1    11   1     0     1     1  0.0903     0.0903     0.02000   
   1    12   1     0     1     1  0.110      0.110      0.02000   
   1    13   1     0     2     2  0.130      0.130      0.02000   
   1    14   1     0     2     2  0.150      0.150      0.02000   
   1    15   1     0     1     1  0.170      0.170      0.02000   
   1    16   1     0     1     1  0.190      0.190      0.02000   
   1    17   1     0     1     1  0.210      0.210      0.02000   
   1    18   1     0     1     1  0.230      0.230      0.02000   
   1    19   1     0     2     2  0.250      0.250      0.02000   
   1    20   1     0     2     2  0.270      0.270      0.02000   
   1    21   1     0     1     1  0.290      0.290      0.02000   
   1    22   1     0     1     1  0.310      0.310      0.02000   
   1    23   1     0     1     1  0.330      0.330      0.02000   
   1    24   1     0     1     1  0.350      0.350      0.02000   
   1    25   1     0     1     1  0.370      0.370      0.02000   
   1    26   1     0     1     1  0.390      0.390      0.02000   
   1    27   1     0     1     1  0.410      0.410      0.02000   
   1    28   1     0     1     1  0.430      0.430      0.02000   
   1    29   1     0     1     1  0.450      0.450      0.02000   
   1    30   1     0     1     1  0.470      0.470      0.02000   
   1    31   1     0     1     1  0.490      0.490      0.02000   
   1    32   1     0     2     2  0.510      0.510      0.02000   
   1    33   1     0     2     2  0.530      0.530      0.02000   
   1    34   1     0     1     1  0.550      0.550      0.02000   
   1    35   1     0     1     1  0.570      0.570      0.02000   
   1    36   1     0     1     1  0.590      0.590      0.02000   
   1    37   1     0     1     1  0.610      0.610      0.02000   
   1    38   1     0     1     1  0.630      0.630      0.02000   
   1    39   1     0     1     1  0.650      0.650      0.02000   
   1    40   1     0     1     1  0.670      0.670      0.02000   
   1    41   1     0     1     1  0.690      0.690      0.02000   
   1    42   1     0     1     1  0.710      0.710      0.02000   
   1    43   1     0     1     1  0.730      0.730      0.02000   
   1    44   1     0     2     2  0.750      0.750      0.02000   
   1    45   1     0     2     2  0.770      0.770      0.02000   
   1    46   1     0     1     1  0.790      0.790      0.02000   
   1    47   1     0     1     1  0.810      0.810      0.02000   
   1    48   1     0     1     1  0.830      0.830      0.02000   
   1    49   1     0     1     1  0.850      0.850      0.02000   
   1    50   1     0     1     1  0.870      0.870      0.02000   
   1    51   1     0     1     1  0.890      0.890      0.02000   
   1    52   1     0     1     1  0.910      0.910      0.02000   
   1    53   1     0     1     1  0.930      0.930      0.02000   
   1    54   1     0     1     1  0.950      0.950      0.02000   
   1    55   1     0     1     1  0.970      0.970      0.02000   
   1    56   1     0     1     1  0.990      0.990      0.02000   
   1    57   1     0     2     2  1.01       1.01       0.02000   
   1    58   1     0     2     2  1.03       1.03       0.02000   
   1    59   1     0     2     2  1.05       1.05       0.02000   
   1    60   1     0     1     1  1.07       1.07       0.02000   
   1    61   1     0     1     1  1.09       1.09       0.02000   
   1    62   1     0     1     1  1.11       1.11       0.02000   
   1    63   1     0     1     1  1.13       1.13       0.02000   
   1    64   1     0     1     1  1.15       1.15       0.02000   
   1    65   1     0     1     1  1.17       1.17       0.02000   
   1    66   1     0     1     1  1.19       1.19       0.02000   
   1    67   1     0     1     1  1.21       1.21       0.02000   
   1    68   1     0     1     1  1.23       1.23       0.02000   
   1    69   1     0     2     2  1.25       1.25       0.02000   
   1    70   1     0     2     2  1.27       1.27       0.02000   
   1    71   1     0     1     1  1.29       1.29       0.02000   
   1    72   1     0     1     1  1.31       1.31       0.02000   
   1    73   1     0     1     1  1.33       1.33       0.02000   
   1    74   1     0     1     1  1.35       1.35       0.02000   
   1    75   1     0     1     1  1.37       1.37       0.02000   
   1    76   1     0     1     1  1.39       1.39       0.02000   
   1    77   1     0     1     1  1.41       1.41       0.02000   
   1    78   1     0     1     1  1.43       1.43       0.02000   
   1    79   1     0     1     1  1.45       1.45       0.02000   
   1    80   1     0     1     1  1.47       1.47       0.02000   
   1    81   1     0     1     1  1.49       1.49       0.02000   
   1    82   1     0     2     2  1.51       1.51       0.02000   
   1    83   1     0     2     2  1.53       1.53       0.02000   
   1    84   1     0     2     2  1.55       1.55       0.02000   
   1    85   1     0     1     1  1.57       1.57       0.02000   
   1    86   1     0     1     1  1.59       1.59       0.02000   
   1    87   1     0     1     1  1.61       1.61       0.02000   
   1    88   1     0     1     1  1.63       1.63       0.02000   
   1    89   1     0     1     1  1.65       1.65       0.02000   
   1    90   1     0     1     1  1.67       1.67       0.02000   
   1    91   1     0     1     1  1.69       1.69       0.02000   
   1    92   1     0     1     1  1.71       1.71       0.02000   
   1    93   1     0     1     1  1.73       1.73       0.02000   
   1    94   1     0     2     2  1.75       1.75       0.02000   
   1    95   1     0     2     2  1.77       1.77       0.02000   
   1    96   1     0     1     1  1.79       1.79       0.02000   
   1    97   1     0     1     1  1.81       1.81       0.02000   
   1    98   1     0     1     1  1.83       1.83       0.02000   
   1    99   1     0     1     1  1.85       1.85       0.02000   
   1   100   1     0     1     1  1.87       1.87       0.02000   
   1   101   1     0     1     1  1.89       1.89       0.02000   
   1   102   1     0     1     1  1.91       1.91       0.02000   
   1   103   1     0     1     1  1.93       1.93       0.02000   
   1   104   1     0     1     1  1.95       1.95       0.02000   
   1   105   1     0     1     1  1.97       1.97       0.02000   
   1   106   1     0     1     1  1.99       1.99       0.02000   
   1   107   1     0     2     2  2.01       2.01       0.02000   
   1   108   1     0     2     2  2.03       2.03       0.02000   
   1   109   1     0     2     2  2.05       2.05       0.02000   
   1   110   1     0     1     1  2.07       2.07       0.02000   
   1   111   1     0     1     1  2.09       2.09       0.02000   
   1   112   1     0     1     1  2.11       2.11       0.02000   
   1   113   1     0     1     1  2.13       2.13       0.02000   
   1   114   1     0     1     1  2.15       2.15       0.02000   
   1   115   1     0     1     1  2.17       2.17       0.02000   
   1   116   1     0     1     1  2.19       2.19       0.02000   
   1   117   1     0     1     1  2.21       2.21       0.02000   
   1   118   1     0     1     1  2.23       2.23       0.02000   
   1   119   1     0     2     2  2.25       2.25       0.02000   
   1   120   1     0     2     2  2.27       2.27       0.02000   
   1   121   1     0     1     1  2.29       2.29       0.02000   
   1   122   1     0     1     1  2.31       2.31       0.02000   
   1   123   1     0     1     1  2.33       2.33       0.02000   
   1   124   1     0     1     1  2.35       2.35       0.02000   
   1   125   1     0     1     1  2.37       2.37       0.02000   
   1   126   1     0     1     1  2.39       2.39       0.02000   
   1   127   1     0     1     1  2.41       2.41       0.02000   
   1   128   1     0     1     1  2.43       2.43       0.02000   
   1   129   1     0     1     1  2.45       2.45       0.02000   
   1   130   1     0     1     1  2.47       2.47       0.02000   
   1   131   1     0     1     1  2.49       2.49       0.02000   
   1   132   1     0     2     2  2.51       2.51       0.02000   
   1   133   1     0     2     2  2.53       2.53       0.02000   
   1   134   1     0     2     2  2.55       2.55       0.02000   
   1   135   1     0     1     1  2.57       2.57       0.02000   
   1   136   1     0     1     1  2.59       2.59       0.02000   
   1   137   1     0     1     1  2.61       2.61       0.02000   
   1   138   1     0     1     1  2.63       2.63       0.02000   
   1   139   1     0     1     1  2.65       2.65       0.02000   
   1   140   1     0     1     1  2.67       2.67       0.02000   
   1   141   1     0     1     1  2.69       2.69       0.02000   
   1   142   1     0     1     1  2.71       2.71       0.02000   
   1   143   1     0     1     1  2.73       2.73       0.02000   
   1   144   1     0     2     2  2.75       2.75       0.02000   
   1   145   1     0     2     2  2.77       2.77       0.02000   
   1   146   1     0     1     1  2.79       2.79       0.02000   
   1   147   1     0     1     1  2.81       2.81       0.02000   
   1   148   1     0     1     1  2.83       2.83       0.02000   
   1   149   1     0     1     1  2.85       2.85       0.02000   
   1   150   1     0     1     1  2.87       2.87       0.02000   
   1   151   1     0     1     1  2.89       2.89       0.02000   
   1   152   1     0     1     1  2.91       2.91       0.02000   
   1   153   1     0     1     1  2.93       2.93       0.02000   
   1   154   1     0     1     1  2.95       2.95       0.02000   
   1   155   1     0     1     1  2.97       2.97       0.02000   
   1   156   1     0     1     1  2.99       2.99       0.02000   
   1   157   1     0     2     2  3.01       3.01       0.02000   
   1   158   1     0     2     2  3.03       3.03       0.02000   
   1   159   1     0     2     2  3.05       3.05       0.02000   
   1   160   1     0     1     1  3.07       3.07       0.02000   
   1   161   1     0     1     1  3.09       3.09       0.02000   
   1   162   1     0     1     1  3.11       3.11       0.02000   
   1   163   1     0     1     1  3.13       3.13       0.02000   
   1   164   1     0     1     1  3.15       3.15       0.02000   
   1   165   1     0     1     1  3.17       3.17       0.02000   
   1   166   1     0     1     1  3.19       3.19       0.02000   
   1   167   1     0     1     1  3.21       3.21       0.02000   
   1   168   1     0     1     1  3.23       3.23       0.02000   
   1   169   1     0     2     2  3.25       3.25       0.02000   
   1   170   1     0     2     2  3.27       3.27       0.02000   
   1   171   1     0     1     1  3.29       3.29       0.02000   
   1   172   1     0     1     1  3.31       3.31       0.02000   
   1   173   1     0     1     1  3.33       3.33       0.02000   
   1   174   1     0     1     1  3.35       3.35       0.02000   
   1   175   1     0     1     1  3.37       3.37       0.02000   
   1   176   1     0     1     1  3.39       3.39       0.02000   
   1   177   1     0     1     1  3.41       3.41       0.02000   
   1   178   1     0     1     1  3.43       3.43       0.02000   
   1   179   1     0     1     1  3.45       3.45       0.02000   
   1   180   1     0     1     1  3.47       3.47       0.02000   
   1   181   1     0     1     1  3.49       3.49       0.02000   
   1   182   1     0     2     2  3.51       3.51       0.02000   
   1   183   1     0     2     2  3.53       3.53       0.02000   
   1   184   1     0     2     2  3.55       3.55       0.02000   
   1   185   1     0     1     1  3.57       3.57       0.02000   
   1   186   1     0     1     1  3.59       3.59       0.02000   
   1   187   1     0     1     1  3.61       3.61       0.02000   
   1   188   1     0     1     1  3.63       3.63       0.02000   
   1   189   1     0     1     1  3.65       3.65       0.02000   
   1   190   1     0     1     1  3.67       3.67       0.02000   
   1   191   1     0     1     1  3.69       3.69       0.02000   
   1   192   1     0     1     1  3.71       3.71       0.02000   
   1   193   1     0     1     1  3.73       3.73       0.02000   
   1   194   1     0     2     2  3.75       3.75       0.02000   
   1   195   1     0     2     2  3.77       3.77       0.02000   
   1   196   1     0     1     1  3.79       3.79       0.02000   
   1   197   1     0     1     1  3.81       3.81       0.02000   
   1   198   1     0     1     1  3.83       3.83       0.02000   
   1   199   1     0     1     1  3.85       3.85       0.02000   
   1   200   1     0     1     1  3.87       3.87       0.02000   
   1   201   1     0     1     1  3.89       3.89       0.02000   
   1   202   1     0     1     1  3.91       3.91       0.02000   
   1   203   1     0     1     1  3.93       3.93       0.02000   
   1   204   1     0     1     1  3.95       3.95       0.02000   
   1   205   1     0     1     1  3.97       3.97       0.02000   
   1   206   1     0     1     1  3.99       3.99       0.02000   
   1   207   1     0     2     2  4.01       4.01       0.02000   
   1   208   1     0     2     2  4.03       4.03       0.02000   
   1   209   1     0     2     2  4.05       4.05       0.02000   
   1   210   1     0     1     1  4.07       4.07       0.02000   
   1   211   1     0     1     1  4.09       4.09       0.02000   
   1   212   1     0     1     1  4.11       4.11       0.02000   
   1   213   1     0     1     1  4.13       4.13       0.02000   
   1   214   1     0     1     1  4.15       4.15       0.02000   
   1   215   1     0     1     1  4.17       4.17       0.02000   
   1   216   1     0     1     1  4.19       4.19       0.02000   
   1   217   1     0     1     1  4.21       4.21       0.02000   
   1   218   1     0     1     1  4.23       4.23       0.02000   
   1   219   1     0     2     2  4.25       4.25       0.02000   
   1   220   1     0     2     2  4.27       4.27       0.02000   
   1   221   1     0     1     1  4.29       4.29       0.02000   
   1   222   1     0     1     1  4.31       4.31       0.02000   
   1   223   1     0     1     1  4.33       4.33       0.02000   
   1   224   1     0     1     1  4.35       4.35       0.02000   
   1   225   1     0     1     1  4.37       4.37       0.02000   
   1   226   1     0     1     1  4.39       4.39       0.02000   
   1   227   1     0     1     1  4.41       4.41       0.02000   
   1   228   1     0     1     1  4.43       4.43       0.02000   
   1   229   1     0     1     1  4.45       4.45       0.02000   
   1   230   1     0     1     1  4.47       4.47       0.02000   
   1   231   1     0     1     1  4.49       4.49       0.02000   
   1   232   1     0     2     2  4.51       4.51       0.02000   
   1   233   1     0     2     2  4.53       4.53       0.02000   
   1   234   1     0     2     2  4.55       4.55       0.02000   
   1   235   1     0     1     1  4.57       4.57       0.02000   
   1   236   1     0     1     1  4.59       4.59       0.02000   
   1   237   1     0     1     1  4.61       4.61       0.02000   
   1   238   1     0     1     1  4.63       4.63       0.02000   
   1   239   1     0     1     1  4.65       4.65       0.02000   
   1   240   1     0     1     1  4.67       4.67       0.02000   
   1   241   1     0     1     1  4.69       4.69       0.02000   
   1   242   1     0     1     1  4.71       4.71       0.02000   
   1   243   1     0     1     1  4.73       4.73       0.02000   
   1   244   1     0     2     2  4.75       4.75       0.02000   
   1   245   1     0     2     2  4.77       4.77       0.02000   
   1   246   1     0     1     1  4.79       4.79       0.02000   
   1   247   1     0     1     1  4.81       4.81       0.02000   
   1   248   1     0     1     1  4.83       4.83       0.02000   
   1   249   1     0     1     1  4.85       4.85       0.02000   
   1   250   1     0     1     1  4.87       4.87       0.02000   
   1   251   1     0     1     1  4.89       4.89       0.02000   
   1   252   1     0     1     1  4.91       4.91       0.02000   
   1   253   1     0     1     1  4.93       4.93       0.02000   
   1   254   1     0     1     1  4.95       4.95       0.02000   
   1   255   1     0     1     1  4.97       4.97       0.02000   
   1   256   1     0     1     1  4.99       4.99       0.02000   
   1   257   1     0     2     2  5.01       5.01       0.02000   
   1   258   1     0     2     2  5.03       5.03       0.02000   
   1   259   1     0     2     2  5.05       5.05       0.02000   
   1   260   1     0     1     1  5.07       5.07       0.02000   
   1   261   1     0     1     1  5.09       5.09       0.02000   
   1   262   1     0     1     1  5.11       5.11       0.02000   
   1   263   1     0     1     1  5.13       5.13       0.02000   
   1   264   1     0     1     1  5.15       5.15       0.02000   
   1   265   1     0     1     1  5.17       5.17       0.02000   
   1   266   1     0     1     1  5.19       5.19       0.02000   
   1   267   1     0     1     1  5.21       5.21       0.02000   
   1   268   1     0     1     1  5.23       5.23       0.02000   
   1   269   1     0     2     2  5.25       5.25       0.02000   
   1   270   1     0     2     2  5.27       5.27       0.02000   
   1   271   1     0     1     1  5.29       5.29       0.02000   
   1   272   1     0     1     1  5.31       5.31       0.02000   
   1   273   1     0     1     1  5.33       5.33       0.02000   
   1   274   1     0     1     1  5.35       5.35       0.02000   
   1   275   1     0     1     1  5.37       5.37       0.02000   
   1   276   1     0     1     1  5.39       5.39       0.02000   
   1   277   1     0     1     1  5.41       5.41       0.02000   
   1   278   1     0     1     1  5.43       5.43       0.02000   
   1   279   1     0     1     1  5.45       5.45       0.02000   
   1   280   1     0     1     1  5.47       5.47       0.02000   
   1   281   1     0     1     1  5.49       5.49       0.02000   
   1   282   1     0     2     2  5.51       5.51       0.02000   
   1   283   1     0     2     2  5.53       5.53       0.02000   
   1   284   1     0     2     2  5.55       5.55       0.02000   
   1   285   1     0     1     1  5.57       5.57       0.02000   
   1   286   1     0     1     1  5.59       5.59       0.02000   
   1   287   1     0     1     1  5.61       5.61       0.02000   
   1   288   1     0     1     1  5.63       5.63       0.02000   
   1   289   1     0     1     1  5.65       5.65       0.02000   
   1   290   1     0     1     1  5.67       5.67       0.02000   
   1   291   1     0     1     1  5.69       5.69       0.02000   
   1   292   1     0     1     1  5.71       5.71       0.02000   
   1   293   1     0     1     1  5.73       5.73       0.02000   
   1   294   1     0     2     2  5.75       5.75       0.02000   
   1   295   1     0     2     2  5.77       5.77       0.02000   
   1   296   1     0     1     1  5.79       5.79       0.02000   
   1   297   1     0     1     1  5.81       5.81       0.02000   
   1   298   1     0     1     1  5.83       5.83       0.02000   
   1   299   1     0     1     1  5.85       5.85       0.02000   
   1   300   1     0     1     1  5.87       5.87       0.02000   
   1   301   1     0     1     1  5.89       5.89       0.02000   
   1   302   1     0     1     1  5.91       5.91       0.02000   
   1   303   1     0     1     1  5.93       5.93       0.02000   
   1   304   1     0     1     1  5.95       5.95       0.02000   
   1   305   1     0     1     1  5.97       5.97       0.02000   
   1   306   1     0     1     1  5.99       5.99       0.02000   
   1   307   1     0     2     2  6.01       6.01       0.02000   
   1   308   1     0     2     2  6.03       6.03       0.02000   
   1   309   1     0     2     2  6.05       6.05       0.02000   
   1   310   1     0     1     1  6.07       6.07       0.02000   
   1   311   1     0     1     1  6.09       6.09       0.02000   
   1   312   1     0     1     1  6.11       6.11       0.02000   
   1   313   1     0     1     1  6.13       6.13       0.02000   
   1   314   1     0     1     1  6.15       6.15       0.02000   
   1   315   1     0     1     1  6.17       6.17       0.02000   
   1   316   1     0     1     1  6.19       6.19       0.02000   
   1   317   1     0     1     1  6.21       6.21       0.02000   
   1   318   1     0     1     1  6.23       6.23       0.02000   
   1   319   1     0     2     2  6.25       6.25       0.02000   
   1   320   1     0     2     2  6.27       6.27       0.02000   
   1   321   1     0     1     1  6.29       6.29       0.02000   
   1   322   1     0     1     1  6.31       6.31       0.02000   
   1   323   1     0     1     1  6.33       6.33       0.02000   
   1   324   1     0     1     1  6.35       6.35       0.02000   
   1   325   1     0     1     1  6.37       6.37       0.02000   
   1   326   1     0     1     1  6.39       6.39       0.02000   
   1   327   1     0     1     1  6.41       6.41       0.02000   
   1   328   1     0     1     1  6.43       6.43       0.02000   
   1   329   1     0     1     1  6.45       6.45       0.02000   
   1   330   1     0     1     1  6.47       6.47       0.02000   
   1   331   1     0     1     1  6.49       6.49       0.02000   
   1   332   1     0     2     2  6.51       6.51       0.02000   
   1   333   1     0     2     2  6.53       6.53       0.02000   
   1   334   1     0     2     2  6.55       6.55       0.02000   
   1   335   1     0     1     1  6.57       6.57       0.02000   
   1   336   1     0     1     1  6.59       6.59       0.02000   
   1   337   1     0     1     1  6.61       6.61       0.02000   
   1   338   1     0     1     1  6.63       6.63       0.02000   
   1   339   1     0     1     1  6.65       6.65       0.02000   
   1   340   1     0     1     1  6.67       6.67       0.02000   
   1   341   1     0     1     1  6.69       6.69       0.02000   
   1   342   1     0     1     1  6.71       6.71       0.02000   
   1   343   1     0     1     1  6.73       6.73       0.02000   
   1   344   1     0     2     2  6.75       6.75       0.02000   
   1   345   1     0     2     2  6.77       6.77       0.02000   
   1   346   1     0     1     1  6.79       6.79       0.02000   
   1   347   1     0     1     1  6.81       6.81       0.02000   
   1   348   1     0     1     1  6.83       6.83       0.02000   
   1   349   1     0     1     1  6.85       6.85       0.02000   
   1   350   1     0     1     1  6.87       6.87       0.02000   
   1   351   1     0     1     1  6.89       6.89       0.02000   
   1   352   1     0     1     1  6.91       6.91       0.02000   
   1   353   1     0     1     1  6.93       6.93       0.02000   
   1   354   1     0     1     1  6.95       6.95       0.02000   
   1   355   1     0     1     1  6.97       6.97       0.02000   
   1   356   1     0     1     1  6.99       6.99       0.02000   
   1   357   1     0     2     2  7.01       7.01       0.02000   
   1   358   1     0     2     2  7.03       7.03       0.02000   
   1   359   1     0     2     2  7.05       7.05       0.02000   
   1   360   1     0     1     1  7.07       7.07       0.02000   
   1   361   1     0     1     1  7.09       7.09       0.02000   
   1   362   1     0     1     1  7.11       7.11       0.02000   
   1   363   1     0     1     1  7.13       7.13       0.02000   
   1   364   1     0     1     1  7.15       7.15       0.02000   
   1   365   1     0     1     1  7.17       7.17       0.02000   
   1   366   1     0     1     1  7.19       7.19       0.02000   
   1   367   1     0     1     1  7.21       7.21       0.02000   
   1   368   1     0     1     1  7.23       7.23       0.02000   
   1   369   1     0     2     2  7.25       7.25       0.02000   
   1   370   1     0     2     2  7.27       7.27       0.02000   
   1   371   1     0     1     1  7.29       7.29       0.02000   
   1   372   1     0     1     1  7.31       7.31       0.02000   
   1   373   1     0     1     1  7.33       7.33       0.02000   
   1   374   1     0     1     1  7.35       7.35       0.02000   
   1   375   1     0     1     1  7.37       7.37       0.02000   
   1   376   1     0     1     1  7.39       7.39       0.02000   
   1   377   1     0     1     1  7.41       7.41       0.02000   
   1   378   1     0     1     1  7.43       7.43       0.02000   
   1   379   1     0     1     1  7.45       7.45       0.02000   
   1   380   1     0     1     1  7.47       7.47       0.02000   
   1   381   1     0     1     1  7.49       7.49       0.02000   
   1   382   1     0     2     2  7.51       7.51       0.02000   
   1   383   1     0     2     2  7.53       7.53       0.02000   
   1   384   1     0     2     2  7.55       7.55       0.02000   
   1   385   1     0     1     1  7.57       7.57       0.02000   
   1   386   1     0     1     1  7.59       7.59       0.02000   
   1   387   1     0     1     1  7.61       7.61       0.02000   
   1   388   1     0     1     1  7.63       7.63       0.02000   
   1   389   1     0     1     1  7.65       7.65       0.02000   
   1   390   1     0     1     1  7.67       7.67       0.02000   
   1   391   1     0     1     1  7.69       7.69       0.02000   
   1   392   1     0     1     1  7.71       7.71       0.02000   
   1   393   1     0     1     1  7.73       7.73       0.02000   
   1   394   1     0     2     2  7.75       7.75       0.02000   
   1   395   1     0     2     2  7.77       7.77       0.02000   
   1   396   1     0     1     1  7.79       7.79       0.02000   
   1   397   1     0     1     1  7.81       7.81       0.02000   
   1   398   1     0     1     1  7.83       7.83       0.02000   
   1   399   1     0     1     1  7.85       7.85       0.02000   
   1   400   1     0     1     1  7.87       7.87       0.02000   
   1   401   1     0     1     1  7.89       7.89       0.02000   
   1   402   1     0     1     1  7.91       7.91       0.02000   
   1   403   1     0     1     1  7.93       7.93       0.02000   
   1   404   1     0     1     1  7.95       7.95       0.02000   
   1   405   1     0     1     1  7.97       7.97       0.02000   
   1   406   1     0     1     1  7.99       7.99       0.02000   
   1   407   1     0     2     2  8.01       8.01       0.02000   
   1   408   1     0     2     2  8.03       8.03       0.02000   
   1   409   1     0     2     2  8.05       8.05       0.02000   
   1   410   1     0     1     1  8.07       8.07       0.02000   
   1   411   1     0     1     1  8.09       8.09       0.02000   
   1   412   1     0     1     1  8.11       8.11       0.02000   
   1   413   1     0     1     1  8.13       8.13       0.02000   
   1   414   1     0     1     1  8.15       8.15       0.02000   
   1   415   1     0     1     1  8.17       8.17       0.02000   
   1   416   1     0     1     1  8.19       8.19       0.02000   
   1   417   1     0     1     1  8.21       8.21       0.02000   
   1   418   1     0     1     1  8.23       8.23       0.02000   
   1   419   1     0     2     2  8.25       8.25       0.02000   
   1   420   1     0     2     2  8.27       8.27       0.02000   
   1   421   1     0     1     1  8.29       8.29       0.02000   
   1   422   1     0     1     1  8.31       8.31       0.02000   
   1   423   1     0     1     1  8.33       8.33       0.02000   
   1   424   1     0     1     1  8.35       8.35       0.02000   
   1   425   1     0     1     1  8.37       8.37       0.02000   
   1   426   1     0     1     1  8.39       8.39       0.02000   
   1   427   1     0     1     1  8.41       8.41       0.02000   
   1   428   1     0     1     1  8.43       8.43       0.02000   
   1   429   1     0     1     1  8.45       8.45       0.02000   
   1   430   1     0     1     1  8.47       8.47       0.02000   
   1   431   1     0     1     1  8.49       8.49       0.02000   
   1   432   1     0     2     2  8.51       8.51       0.02000   
   1   433   1     0     2     2  8.53       8.53       0.02000   
   1   434   1     0     2     2  8.55       8.55       0.02000   
   1   435   1     0     1     1  8.57       8.57       0.02000   
   1   436   1     0     1     1  8.59       8.59       0.02000   
   1   437   1     0     1     1  8.61       8.61       0.02000   
   1   438   1     0     1     1  8.63       8.63       0.02000   
   1   439   1     0     1     1  8.65       8.65       0.02000   
   1   440   1     0     1     1  8.67       8.67       0.02000   
   1   441   1     0     1     1  8.69       8.69       0.02000   
   1   442   1     0     1     1  8.71       8.71       0.02000   
   1   443   1     0     1     1  8.73       8.73       0.02000   
   1   444   1     0     2     2  8.75       8.75       0.02000   
   1   445   1     0     2     2  8.77       8.77       0.02000   
   1   446   1     0     1     1  8.79       8.79       0.02000   
   1   447   1     0     1     1  8.81       8.81       0.02000   
   1   448   1     0     1     1  8.83       8.83       0.02000   
   1   449   1     0     1     1  8.85       8.85       0.02000   
   1   450   1     0     1     1  8.87       8.87       0.02000   
   1   451   1     0     1     1  8.89       8.89       0.02000   
   1   452   1     0     1     1  8.91       8.91       0.02000   
   1   453   1     0     1     1  8.93       8.93       0.02000   
   1   454   1     0     1     1  8.95       8.95       0.02000   
   1   455   1     0     1     1  8.97       8.97       0.02000   
   1   456   1     0     1     1  8.99       8.99       0.02000   
   1   457   1     0     2     2  9.01       9.01       0.02000   
   1   458   1     0     2     2  9.03       9.03       0.02000   
   1   459   1     0     2     2  9.05       9.05       0.02000   
   1   460   1     0     1     1  9.07       9.07       0.02000   
   1   461   1     0     1     1  9.09       9.09       0.02000   
   1   462   1     0     1     1  9.11       9.11       0.02000   
   1   463   1     0     1     1  9.13       9.13       0.02000   
   1   464   1     0     1     1  9.15       9.15       0.02000   
   1   465   1     0     1     1  9.17       9.17       0.02000   
   1   466   1     0     1     1  9.19       9.19       0.02000   
   1   467   1     0     1     1  9.21       9.21       0.02000   
   1   468   1     0     1     1  9.23       9.23       0.02000   
   1   469   1     0     2     2  9.25       9.25       0.02000   
   1   470   1     0     2     2  9.27       9.27       0.02000   
   1   471   1     0     1     1  9.29       9.29       0.02000   
   1   472   1     0     1     1  9.31       9.31       0.02000   
   1   473   1     0     1     1  9.33       9.33       0.02000   
   1   474   1     0     1     1  9.35       9.35       0.02000   
   1   475   1     0     1     1  9.37       9.37       0.02000   
   1   476   1     0     1     1  9.39       9.39       0.02000   
   1   477   1     0     1     1  9.41       9.41       0.02000   
   1   478   1     0     1     1  9.43       9.43       0.02000   
   1   479   1     0     1     1  9.45       9.45       0.02000   
   1   480   1     0     1     1  9.47       9.47       0.02000   
   1   481   1     0     1     1  9.49       9.49       0.02000   
   1   482   1     0     2     2  9.51       9.51       0.02000   
   1   483   1     0     2     2  9.53       9.53       0.02000   
   1   484   1     0     2     2  9.55       9.55       0.02000   
   1   485   1     0     1     1  9.57       9.57       0.02000   
   1   486   1     0     1     1  9.59       9.59       0.02000   
   1   487   1     0     1     1  9.61       9.61       0.02000   
   1   488   1     0     1     1  9.63       9.63       0.02000   
   1   489   1     0     1     1  9.65       9.65       0.02000   
   1   490   1     0     1     1  9.67       9.67       0.02000   
   1   491   1     0     1     1  9.69       9.69       0.02000   
   1   492   1     0     1     1  9.71       9.71       0.02000   
   1   493   1     0     1     1  9.73       9.73       0.02000   
   1   494   1     0     2     2  9.75       9.75       0.02000   
   1   495   1     0     2     2  9.77       9.77       0.02000   
   1   496   1     0     1     1  9.79       9.79       0.02000   
   1   497   1     0     1     1  9.81       9.81       0.02000   
   1   498   1     0     1     1  9.83       9.83       0.02000   
   1   499   1     0     1     1  9.85       9.85       0.02000   
   1   500   1     0     1     1  9.87       9.87       0.02000   
   1   501   1     0     1     1  9.89       9.89       0.02000   
   1   502   1     0     1     1  9.91       9.91       0.02000   
   1   503   1     0     1     1  9.93       9.93       0.02000   
   1   504   1     0     1     1  9.95       9.95       0.02000   
   1   505   1     0     1     1  9.97       9.97       0.02000   
   1   506   1     0     1     1  9.99       9.99       0.02000   
   1   507   1     0     2     2  10.0       10.0       0.02000   
   1   508   1     0     2     2  10.0       10.0       0.02000   
   1   509   1     0     2     2  10.1       10.1       0.02000   
   1   510   1     0     1     1  10.1       10.1       0.02000   
   1   511   1     0     1     1  10.1       10.1       0.02000   
   1   512   1     0     1     1  10.1       10.1       0.02000   
   1   513   1     0     1     1  10.1       10.1       0.02000   
   1   514   1     0     1     1  10.2       10.2       0.02000   
   1   515   1     0     1     1  10.2       10.2       0.02000   
   1   516   1     0     1     1  10.2       10.2       0.02000   
   1   517   1     0     1     1  10.2       10.2       0.02000   
   1   518   1     0     1     1  10.2       10.2       0.02000   
   1   519   1     0     2     2  10.3       10.3       0.02000   
   1   520   1     0     2     2  10.3       10.3       0.02000   
   1   521   1     0     1     1  10.3       10.3       0.02000   
   1   522   1     0     1     1  10.3       10.3       0.02000   
   1   523   1     0     1     1  10.3       10.3       0.02000   
   1   524   1     0     1     1  10.4       10.4       0.02000   
   1   525   1     0     1     1  10.4       10.4       0.02000   
   1   526   1     0     1     1  10.4       10.4       0.02000   
   1   527   1     0     1     1  10.4       10.4       0.02000   
   1   528   1     0     1     1  10.4       10.4       0.02000   
   1   529   1     0     1     1  10.5       10.5       0.02000   
   1   530   1     0     1     1  10.5       10.5       0.02000   
   1   531   1     0     1     1  10.5       10.5       0.02000   
   1   532   1     0     2     2  10.5       10.5       0.02000   
   1   533   1     0     2     2  10.5       10.5       0.02000   
   1   534   1     0     2     2  10.6       10.6       0.02000   
   1   535   1     0     1     1  10.6       10.6       0.02000   
   1   536   1     0     1     1  10.6       10.6       0.02000   
   1   537   1     0     1     1  10.6       10.6       0.02000   
   1   538   1     0     1     1  10.6       10.6       0.02000   
   1   539   1     0     1     1  10.7       10.7       0.02000   
   1   540   1     0     1     1  10.7       10.7       0.02000   
   1   541   1     0     1     1  10.7       10.7       0.02000   
   1   542   1     0     1     1  10.7       10.7       0.02000   
   1   543   1     0     1     1  10.7       10.7       0.02000   
   1   544   1     0     2     2  10.8       10.8       0.02000   
   1   545   1     0     2     2  10.8       10.8       0.02000   
   1   546   1     0     1     1  10.8       10.8       0.02000   
   1   547   1     0     1     1  10.8       10.8       0.02000   
   1   548   1     0     1     1  10.8       10.8       0.02000   
   1   549   1     0     1     1  10.9       10.9       0.02000   
   1   550   1     0     1     1  10.9       10.9       0.02000   
   1   551   1     0     1     1  10.9       10.9       0.02000   
   1   552   1     0     1     1  10.9       10.9       0.02000   
   1   553   1     0     1     1  10.9       10.9       0.02000   
   1   554   1     0     1     1  11.0       11.0       0.02000   
   1   555   1     0     1     1  11.0       11.0       0.02000   
   1   556   1     0     1     1  11.0       11.0       0.02000   
   1   557   1     0     2     2  11.0       11.0       0.02000   
   1   558   1     0     2     2  11.0       11.0       0.02000   
   1   559   1     0     2     2  11.1       11.1       0.02000   
   1   560   1     0     1     1  11.1       11.1       0.02000   
   1   561   1     0     1     1  11.1       11.1       0.02000   
   1   562   1     0     1     1  11.1       11.1       0.02000   
   1   563   1     0     1     1  11.1       11.1       0.02000   
   1   564   1     0     1     1  11.2       11.2       0.02000   
   1   565   1     0     1     1  11.2       11.2       0.02000   
   1   566   1     0     1     1  11.2       11.2       0.02000   
   1   567   1     0     1     1  11.2       11.2       0.02000   
   1   568   1     0     1     1  11.2       11.2       0.02000   
   1   569   1     0     2     2  11.3       11.3       0.02000   
   1   570   1     0     2     2  11.3       11.3       0.02000   
   1   571   1     0     1     1  11.3       11.3       0.02000   
   1   572   1     0     1     1  11.3       11.3       0.02000   
   1   573   1     0     1     1  11.3       11.3       0.02000   
   1   574   1     0     1     1  11.4       11.4       0.02000   
   1   575   1     0     1     1  11.4       11.4       0.02000   
   1   576   1     0     1     1  11.4       11.4       0.02000   
   1   577   1     0     1     1  11.4       11.4       0.02000   
   1   578   1     0     1     1  11.4       11.4       0.02000   
   1   579   1     0     1     1  11.5       11.5       0.02000   
   1   580   1     0     1     1  11.5       11.5       0.02000   
   1   581   1     0     1     1  11.5       11.5       0.02000   
   1   582   1     0     2     2  11.5       11.5       0.02000   
   1   583   1     0     2     2  11.5       11.5       0.02000   
   1   584   1     0     2     2  11.6       11.6       0.02000   
   1   585   1     0     1     1  11.6       11.6       0.02000   
   1   586   1     0     1     1  11.6       11.6       0.02000   
   1   587   1     0     1     1  11.6       11.6       0.02000   
   1   588   1     0     1     1  11.6       11.6       0.02000   
   1   589   1     0     1     1  11.7       11.7       0.02000   
   1   590   1     0     1     1  11.7       11.7       0.02000   
   1   591   1     0     1     1  11.7       11.7       0.02000   
   1   592   1     0     1     1  11.7       11.7       0.02000   
   1   593   1     0     1     1  11.7       11.7       0.02000   
   1   594   1     0     2     2  11.8       11.8       0.02000   
   1   595   1     0     2     2  11.8       11.8       0.02000   
   1   596   1     0     1     1  11.8       11.8       0.02000   
   1   597   1     0     1     1  11.8       11.8       0.02000   
   1   598   1     0     1     1  11.8       11.8       0.02000   
   1   599   1     0     1     1  11.9       11.9       0.02000   
   1   600   1     0     1     1  11.9       11.9       0.02000   
   1   601   1     0     1     1  11.9       11.9       0.02000   
   1   602   1     0     1     1  11.9       11.9       0.02000   
   1   603   1     0     1     1  11.9       11.9       0.02000   
   1   604   1     0     1     1  12.0       12.0       0.02000   
   1   605   1     0     1     1  12.0       12.0       0.02000   
   1   606   1     0     1     1  12.0       12.0       0.02000   
   1   607   1     0     2     2  12.0       12.0       0.02000   
   1   608   1     0     2     2  12.0       12.0       0.02000   
   1   609   1     0     2     2  12.1       12.1       0.02000   
   1   610   1     0     1     1  12.1       12.1       0.02000   
   1   611   1     0     1     1  12.1       12.1       0.02000   
   1   612   1     0     1     1  12.1       12.1       0.02000   
   1   613   1     0     1     1  12.1       12.1       0.02000   
   1   614   1     0     1     1  12.2       12.2       0.02000   
   1   615   1     0     1     1  12.2       12.2       0.02000   
   1   616   1     0     1     1  12.2       12.2       0.02000   
   1   617   1     0     1     1  12.2       12.2       0.02000   
   1   618   1     0     1     1  12.2       12.2       0.02000   
   1   619   1     0     2     2  12.3       12.3       0.02000   
   1   620   1     0     2     2  12.3       12.3       0.02000   
   1   621   1     0     1     1  12.3       12.3       0.02000   
   1   622   1     0     1     1  12.3       12.3       0.02000   
   1   623   1     0     1     1  12.3       12.3       0.02000   
   1   624   1     0     1     1  12.4       12.4       0.02000   
   1   625   1     0     1     1  12.4       12.4       0.02000   
   1   626   1     0     1     1  12.4       12.4       0.02000   
   1   627   1     0     1     1  12.4       12.4       0.02000   
   1   628   1     0     1     1  12.4       12.4       0.02000   
   1   629   1     0     1     1  12.5       12.5       0.02000   
   1   630   1     0     1     1  12.5       12.5       0.02000   
   1   631   1     0     1     1  12.5       12.5       0.02000   
   1   632   1     0     2     2  12.5       12.5       0.02000   
   1   633   1     0     2     2  12.5       12.5       0.02000   
   1   634   1     0     2     2  12.6       12.6       0.02000   
   1   635   1     0     1     1  12.6       12.6       0.02000   
   1   636   1     0     1     1  12.6       12.6       0.02000   
   1   637   1     0     1     1  12.6       12.6       0.02000   
   1   638   1     0     1     1  12.6       12.6       0.02000   
   1   639   1     0     1     1  12.7       12.7       0.02000   
   1   640   1     0     1     1  12.7       12.7       0.02000   
   1   641   1     0     1     1  12.7       12.7       0.02000   
   1   642   1     0     1     1  12.7       12.7       0.02000   
   1   643   1     0     1     1  12.7       12.7       0.02000   
   1   644   1     0     2     2  12.8       12.8       0.02000   
   1   645   1     0     2     2  12.8       12.8       0.02000   
   1   646   1     0     1     1  12.8       12.8       0.02000   
   1   647   1     0     1     1  12.8       12.8       0.02000   
   1   648   1     0     1     1  12.8       12.8       0.02000   
   1   649   1     0     1     1  12.9       12.9       0.02000   
   1   650   1     0     1     1  12.9       12.9       0.02000   
   1   651   1     0     1     1  12.9       12.9       0.02000   
   1   652   1     0     1     1  12.9       12.9       0.02000   
   1   653   1     0     1     1  12.9       12.9       0.02000   
   1   654   1     0     1     1  13.0       13.0       0.02000   
   1   655   1     0     1     1  13.0       13.0       0.02000   
   1   656   1     0     1     1  13.0       13.0       0.02000   
   1   657   1     0     2     2  13.0       13.0       0.02000   
   1   658   1     0     2     2  13.0       13.0       0.02000   
   1   659   1     0     2     2  13.1       13.1       0.02000   
   1   660   1     0     1     1  13.1       13.1       0.02000   
   1   661   1     0     1     1  13.1       13.1       0.02000   
   1   662   1     0     1     1  13.1       13.1       0.02000   
   1   663   1     0     1     1  13.1       13.1       0.02000   
   1   664   1     0     1     1  13.2       13.2       0.02000   
   1   665   1     0     1     1  13.2       13.2       0.02000   
   1   666   1     0     1     1  13.2       13.2       0.02000   
   1   667   1     0     1     1  13.2       13.2       0.02000   
   1   668   1     0     1     1  13.2       13.2       0.02000   
   1   669   1     0     2     2  13.3       13.3       0.02000   
   1   670   1     0     2     2  13.3       13.3       0.02000   
   1   671   1     0     1     1  13.3       13.3       0.02000   
   1   672   1     0     1     1  13.3       13.3       0.02000   
   1   673   1     0     1     1  13.3       13.3       0.02000   
   1   674   1     0     1     1  13.4       13.4       0.02000   
   1   675   1     0     1     1  13.4       13.4       0.02000   
   1   676   1     0     1     1  13.4       13.4       0.02000   
   1   677   1     0     1     1  13.4       13.4       0.02000   
   1   678   1     0     1     1  13.4       13.4       0.02000   
   1   679   1     0     1     1  13.5       13.5       0.02000   
   1   680   1     0     1     1  13.5       13.5       0.02000   
   1   681   1     0     1     1  13.5       13.5       0.02000   
   1   682   1     0     2     2  13.5       13.5       0.02000   
   1   683   1     0     2     2  13.5       13.5       0.02000   
   1   684   1     0     2     2  13.6       13.6       0.02000   
   1   685   1     0     1     1  13.6       13.6       0.02000   
   1   686   1     0     1     1  13.6       13.6       0.02000   
   1   687   1     0     1     1  13.6       13.6       0.02000   
   1   688   1     0     1     1  13.6       13.6       0.02000   
   1   689   1     0     1     1  13.7       13.7       0.02000   
   1   690   1     0     1     1  13.7       13.7       0.02000   
   1   691   1     0     1     1  13.7       13.7       0.02000   
   1   692   1     0     1     1  13.7       13.7       0.02000   
   1   693   1     0     1     1  13.7       13.7       0.02000   
   1   694   1     0     2     2  13.8       13.8       0.02000   
   1   695   1     0     2     2  13.8       13.8       0.02000   
   1   696   1     0     1     1  13.8       13.8       0.02000   
   1   697   1     0     1     1  13.8       13.8       0.02000   
   1   698   1     0     1     1  13.8       13.8       0.02000   
   1   699   1     0     1     1  13.9       13.9       0.02000   
   1   700   1     0     1     1  13.9       13.9       0.02000   
   1   701   1     0     1     1  13.9       13.9       0.02000   
   1   702   1     0     1     1  13.9       13.9       0.02000   
   1   703   1     0     1     1  13.9       13.9       0.02000   
   1   704   1     0     1     1  14.0       14.0       0.02000   
   1   705   1     0     1     1  14.0       14.0       0.02000   
   1   706   1     0     1     1  14.0       14.0       0.02000   
   1   707   1     0     2     2  14.0       14.0       0.02000   
   1   708   1     0     2     2  14.0       14.0       0.02000   
   1   709   1     0     2     2  14.1       14.1       0.02000   
   1   710   1     0     1     1  14.1       14.1       0.02000   
   1   711   1     0     1     1  14.1       14.1       0.02000   
   1   712   1     0     1     1  14.1       14.1       0.02000   
   1   713   1     0     1     1  14.1       14.1       0.02000   
   1   714   1     0     1     1  14.2       14.2       0.02000   
   1   715   1     0     1     1  14.2       14.2       0.02000   
   1   716   1     0     1     1  14.2       14.2       0.02000   
   1   717   1     0     1     1  14.2       14.2       0.02000   
   1   718   1     0     1     1  14.2       14.2       0.02000   
   1   719   1     0     2     2  14.3       14.3       0.02000   
   1   720   1     0     2     2  14.3       14.3       0.02000   
   1   721   1     0     1     1  14.3       14.3       0.02000   
   1   722   1     0     1     1  14.3       14.3       0.02000   
   1   723   1     0     1     1  14.3       14.3       0.02000   
   1   724   1     0     1     1  14.4       14.4       0.02000   
   1   725   1     0     1     1  14.4       14.4       0.02000   
   1   726   1     0     1     1  14.4       14.4       0.02000   
   1   727   1     0     1     1  14.4       14.4       0.02000   
   1   728   1     0     1     1  14.4       14.4       0.02000   
   1   729   1     0     1     1  14.5       14.5       0.02000   
   1   730   1     0     1     1  14.5       14.5       0.02000   
   1   731   1     0     1     1  14.5       14.5       0.02000   
   1   732   1     0     2     2  14.5       14.5       0.02000   
   1   733   1     0     2     2  14.5       14.5       0.02000   
   1   734   1     0     2     2  14.6       14.6       0.02000   
   1   735   1     0     1     1  14.6       14.6       0.02000   
   1   736   1     0     1     1  14.6       14.6       0.02000   
   1   737   1     0     1     1  14.6       14.6       0.02000   
   1   738   1     0     1     1  14.6       14.6       0.02000   
   1   739   1     0     1     1  14.7       14.7       0.02000   
   1   740   1     0     1     1  14.7       14.7       0.02000   
   1   741   1     0     1     1  14.7       14.7       0.02000   
   1   742   1     0     1     1  14.7       14.7       0.02000   
   1   743   1     0     1     1  14.7       14.7       0.02000   
   1   744   1     0     2     2  14.8       14.8       0.02000   
   1   745   1     0     2     2  14.8       14.8       0.02000   
   1   746   1     0     1     1  14.8       14.8       0.02000   
   1   747   1     0     1     1  14.8       14.8       0.02000   
   1   748   1     0     1     1  14.8       14.8       0.02000   
   1   749   1     0     1     1  14.9       14.9       0.02000   
   1   750   1     0     1     1  14.9       14.9       0.02000   
   1   751   1     0     1     1  14.9       14.9       0.02000   
   1   752   1     0     1     1  14.9       14.9       0.02000   
   1   753   1     0     1     1  14.9       14.9       0.02000   
   1   754   1     0     1     1  15.0       15.0       0.02000   
   1   755   1     0     1     1  15.0       15.0       0.02000   
   1   756   1     0     1     1  15.0       15.0       0.02000   
   1   757   1     0     2     2  15.0       15.0       0.02000   
   1   758   1     0     2     2  15.0       15.0       0.02000   
   1   759   1     0     2     2  15.1       15.1       0.02000   
   1   760   1     0     1     1  15.1       15.1       0.02000   
   1   761   1     0     1     1  15.1       15.1       0.02000   
   1   762   1     0     1     1  15.1       15.1       0.02000   
   1   763   1     0     1     1  15.1       15.1       0.02000   
   1   764   1     0     1     1  15.2       15.2       0.02000   
   1   765   1     0     1     1  15.2       15.2       0.02000   
   1   766   1     0     1     1  15.2       15.2       0.02000   
   1   767   1     0     1     1  15.2       15.2       0.02000   
   1   768   1     0     1     1  15.2       15.2       0.02000   
   1   769   1     0     2     2  15.3       15.3       0.02000   
   1   770   1     0     2     2  15.3       15.3       0.02000   
   1   771   1     0     1     1  15.3       15.3       0.02000   
   1   772   1     0     1     1  15.3       15.3       0.02000   
   1   773   1     0     1     1  15.3       15.3       0.02000   
   1   774   1     0     1     1  15.4       15.4       0.02000   
   1   775   1     0     1     1  15.4       15.4       0.02000   
   1   776   1     0     1     1  15.4       15.4       0.02000   
   1   777   1     0     1     1  15.4       15.4       0.02000   
   1   778   1     0     1     1  15.4       15.4       0.02000   
   1   779   1     0     1     1  15.5       15.5       0.02000   
   1   780   1     0     1     1  15.5       15.5       0.02000   
   1   781   1     0     1     1  15.5       15.5       0.02000   
   1   782   1     0     2     2  15.5       15.5       0.02000   
   1   783   1     0     2     2  15.5       15.5       0.02000   
   1   784   1     0     2     2  15.6       15.6       0.02000   
   1   785   1     0     1     1  15.6       15.6       0.02000   
   1   786   1     0     1     1  15.6       15.6       0.02000   
   1   787   1     0     1     1  15.6       15.6       0.02000   
   1   788   1     0     1     1  15.6       15.6       0.02000   
   1   789   1     0     1     1  15.7       15.7       0.02000   
   1   790   1     0     1     1  15.7       15.7       0.02000   
   1   791   1     0     1     1  15.7       15.7       0.02000   
   1   792   1     0     1     1  15.7       15.7       0.02000   
   1   793   1     0     1     1  15.7       15.7       0.02000   
   1   794   1     0     2     2  15.8       15.8       0.02000   
   1   795   1     0     2     2  15.8       15.8       0.02000   
   1   796   1     0     1     1  15.8       15.8       0.02000   
   1   797   1     0     1     1  15.8       15.8       0.02000   
   1   798   1     0     1     1  15.8       15.8       0.02000   
   1   799   1     0     1     1  15.9       15.9       0.02000   
   1   800   1     0     1     1  15.9       15.9       0.02000   
   1   801   1     0     1     1  15.9       15.9       0.02000   
   1   802   1     0     1     1  15.9       15.9       0.02000   
   1   803   1     0     1     1  15.9       15.9       0.02000   
   1   804   1     0     1     1  16.0       16.0       0.02000   
   1   805   1     0     1     1  16.0       16.0       0.02000   
   1   806   1     0     1     1  16.0       16.0       0.02000   
   1   807   1     0     2     2  16.0       16.0       0.02000   
   1   808   1     0     2     2  16.0       16.0       0.02000   
   1   809   1     0     2     2  16.1       16.1       0.02000   
   1   810   1     0     1     1  16.1       16.1       0.02000   
   1   811   1     0     1     1  16.1       16.1       0.02000   
   1   812   1     0     1     1  16.1       16.1       0.02000   
   1   813   1     0     1     1  16.1       16.1       0.02000   
   1   814   1     0     1     1  16.2       16.2       0.02000   
   1   815   1     0     1     1  16.2       16.2       0.02000   
   1   816   1     0     1     1  16.2       16.2       0.02000   
   1   817   1     0     1     1  16.2       16.2       0.02000   
   1   818   1     0     1     1  16.2       16.2       0.02000   
   1   819   1     0     2     2  16.3       16.3       0.02000   
   1   820   1     0     2     2  16.3       16.3       0.02000   
   1   821   1     0     1     1  16.3       16.3       0.02000   
   1   822   1     0     1     1  16.3       16.3       0.02000   
   1   823   1     0     1     1  16.3       16.3       0.02000   
   1   824   1     0     1     1  16.4       16.4       0.02000   
   1   825   1     0     1     1  16.4       16.4       0.02000   
   1   826   1     0     1     1  16.4       16.4       0.02000   
   1   827   1     0     1     1  16.4       16.4       0.02000   
   1   828   1     0     1     1  16.4       16.4       0.02000   
   1   829   1     0     1     1  16.5       16.5       0.02000   
   1   830   1     0     1     1  16.5       16.5       0.02000   
   1   831   1     0     1     1  16.5       16.5       0.02000   
   1   832   1     0     2     2  16.5       16.5       0.02000   
   1   833   1     0     2     2  16.5       16.5       0.02000   
   1   834   1     0     2     2  16.6       16.6       0.02000   
   1   835   1     0     1     1  16.6       16.6       0.02000   
   1   836   1     0     1     1  16.6       16.6       0.02000   
   1   837   1     0     1     1  16.6       16.6       0.02000   
   1   838   1     0     1     1  16.6       16.6       0.02000   
   1   839   1     0     1     1  16.7       16.7       0.02000   
   1   840   1     0     1     1  16.7       16.7       0.02000   
   1   841   1     0     1     1  16.7       16.7       0.02000   
   1   842   1     0     1     1  16.7       16.7       0.02000   
   1   843   1     0     1     1  16.7       16.7       0.02000   
   1   844   1     0     2     2  16.8       16.8       0.02000   
   1   845   1     0     2     2  16.8       16.8       0.02000   
   1   846   1     0     1     1  16.8       16.8       0.02000   
   1   847   1     0     1     1  16.8       16.8       0.02000   
   1   848   1     0     1     1  16.8       16.8       0.02000   
   1   849   1     0     1     1  16.9       16.9       0.02000   
   1   850   1     0     1     1  16.9       16.9       0.02000   
   1   851   1     0     1     1  16.9       16.9       0.02000   
   1   852   1     0     1     1  16.9       16.9       0.02000   
   1   853   1     0     1     1  16.9       16.9       0.02000   
   1   854   1     0     1     1  17.0       17.0       0.02000   
   1   855   1     0     1     1  17.0       17.0       0.02000   
   1   856   1     0     1     1  17.0       17.0       0.02000   
   1   857   1     0     2     2  17.0       17.0       0.02000   
   1   858   1     0     2     2  17.0       17.0       0.02000   
   1   859   1     0     2     2  17.1       17.1       0.02000   
   1   860   1     0     1     1  17.1       17.1       0.02000   
   1   861   1     0     1     1  17.1       17.1       0.02000   
   1   862   1     0     1     1  17.1       17.1       0.02000   
   1   863   1     0     1     1  17.1       17.1       0.02000   
   1   864   1     0     1     1  17.2       17.2       0.02000   
   1   865   1     0     1     1  17.2       17.2       0.02000   
   1   866   1     0     1     1  17.2       17.2       0.02000   
   1   867   1     0     1     1  17.2       17.2       0.02000   
   1   868   1     0     1     1  17.2       17.2       0.02000   
   1   869   1     0     2     2  17.3       17.3       0.02000   
   1   870   1     0     2     2  17.3       17.3       0.02000   
   1   871   1     0     1     1  17.3       17.3       0.02000   
   1   872   1     0     1     1  17.3       17.3       0.02000   
   1   873   1     0     1     1  17.3       17.3       0.02000   
   1   874   1     0     1     1  17.4       17.4       0.02000   
   1   875   1     0     1     1  17.4       17.4       0.02000   
   1   876   1     0     1     1  17.4       17.4       0.02000   
   1   877   1     0     1     1  17.4       17.4       0.02000   
   1   878   1     0     1     1  17.4       17.4       0.02000   
   1   879   1     0     1     1  17.5       17.5       0.02000   
   1   880   1     0     1     1  17.5       17.5       0.02000   
   1   881   1     0     1     1  17.5       17.5       0.02000   
   1   882   1     0     2     2  17.5       17.5       0.02000   
   1   883   1     0     2     2  17.5       17.5       0.02000   
   1   884   1     0     2     2  17.6       17.6       0.02000   
   1   885   1     0     1     1  17.6       17.6       0.02000   
   1   886   1     0     1     1  17.6       17.6       0.02000   
   1   887   1     0     1     1  17.6       17.6       0.02000   
   1   888   1     0     1     1  17.6       17.6       0.02000   
   1   889   1     0     1     1  17.7       17.7       0.02000   
   1   890   1     0     1     1  17.7       17.7       0.02000   
   1   891   1     0     1     1  17.7       17.7       0.02000   
   1   892   1     0     1     1  17.7       17.7       0.02000   
   1   893   1     0     1     1  17.7       17.7       0.02000   
   1   894   1     0     2     2  17.8       17.8       0.02000   
   1   895   1     0     2     2  17.8       17.8       0.02000   
   1   896   1     0     1     1  17.8       17.8       0.02000   
   1   897   1     0     1     1  17.8       17.8       0.02000   
   1   898   1     0     1     1  17.8       17.8       0.02000   
   1   899   1     0     1     1  17.9       17.9       0.02000   
   1   900   1     0     1     1  17.9       17.9       0.02000   
   1   901   1     0     1     1  17.9       17.9       0.02000   
   1   902   1     0     1     1  17.9       17.9       0.02000   
   1   903   1     0     1     1  17.9       17.9       0.02000   
   1   904   1     0     1     1  18.0       18.0       0.02000   
   1   905   1     0     1     1  18.0       18.0       0.02000   
   1   906   1     0     1     1  18.0       18.0       0.02000   
   1   907   1     0     2     2  18.0       18.0       0.02000   
   1   908   1     0     2     2  18.0       18.0       0.02000   
   1   909   1     0     2     2  18.1       18.1       0.02000   
   1   910   1     0     1     1  18.1       18.1       0.02000   
   1   911   1     0     1     1  18.1       18.1       0.02000   
   1   912   1     0     1     1  18.1       18.1       0.02000   
   1   913   1     0     1     1  18.1       18.1       0.02000   
   1   914   1     0     1     1  18.2       18.2       0.02000   
   1   915   1     0     1     1  18.2       18.2       0.02000   
   1   916   1     0     1     1  18.2       18.2       0.02000   
   1   917   1     0     1     1  18.2       18.2       0.02000   
   1   918   1     0     1     1  18.2       18.2       0.02000   
   1   919   1     0     2     2  18.3       18.3       0.02000   
   1   920   1     0     2     2  18.3       18.3       0.02000   
   1   921   1     0     1     1  18.3       18.3       0.02000   
   1   922   1     0     1     1  18.3       18.3       0.02000   
   1   923   1     0     1     1  18.3       18.3       0.02000   
   1   924   1     0     1     1  18.4       18.4       0.02000   
   1   925   1     0     1     1  18.4       18.4       0.02000   
   1   926   1     0     1     1  18.4       18.4       0.02000   
   1   927   1     0     1     1  18.4       18.4       0.02000   
   1   928   1     0     1     1  18.4       18.4       0.02000   
   1   929   1     0     1     1  18.5       18.5       0.02000   
   1   930   1     0     1     1  18.5       18.5       0.02000   
   1   931   1     0     1     1  18.5       18.5       0.02000   
   1   932   1     0     2     2  18.5       18.5       0.02000   
   1   933   1     0     2     2  18.5       18.5       0.02000   
   1   934   1     0     2     2  18.6       18.6       0.02000   
   1   935   1     0     1     1  18.6       18.6       0.02000   
   1   936   1     0     1     1  18.6       18.6       0.02000   
   1   937   1     0     1     1  18.6       18.6       0.02000   
   1   938   1     0     1     1  18.6       18.6       0.02000   
   1   939   1     0     1     1  18.7       18.7       0.02000   
   1   940   1     0     1     1  18.7       18.7       0.02000   
   1   941   1     0     1     1  18.7       18.7       0.02000   
   1   942   1     0     1     1  18.7       18.7       0.02000   
   1   943   1     0     1     1  18.7       18.7       0.02000   
   1   944   1     0     2     2  18.8       18.8       0.02000   
   1   945   1     0     2     2  18.8       18.8       0.02000   
   1   946   1     0     1     1  18.8       18.8       0.02000   
   1   947   1     0     1     1  18.8       18.8       0.02000   
   1   948   1     0     1     1  18.8       18.8       0.02000   
   1   949   1     0     1     1  18.9       18.9       0.02000   
   1   950   1     0     1     1  18.9       18.9       0.02000   
   1   951   1     0     1     1  18.9       18.9       0.02000   
   1   952   1     0     1     1  18.9       18.9       0.02000   
   1   953   1     0     1     1  18.9       18.9       0.02000   
   1   954   1     0     1     1  19.0       19.0       0.02000   
   1   955   1     0     1     1  19.0       19.0       0.02000   
   1   956   1     0     1     1  19.0       19.0       0.02000   
   1   957   1     0     2     2  19.0       19.0       0.02000   
   1   958   1     0     2     2  19.0       19.0       0.02000   
   1   959   1     0     2     2  19.1       19.1       0.02000   
   1   960   1     0     1     1  19.1       19.1       0.02000   
   1   961   1     0     1     1  19.1       19.1       0.02000   
   1   962   1     0     1     1  19.1       19.1       0.02000   
   1   963   1     0     1     1  19.1       19.1       0.02000   
   1   964   1     0     1     1  19.2       19.2       0.02000   
   1   965   1     0     1     1  19.2       19.2       0.02000   
   1   966   1     0     1     1  19.2       19.2       0.02000   
   1   967   1     0     1     1  19.2       19.2       0.02000   
   1   968   1     0     1     1  19.2       19.2       0.02000   
   1   969   1     0     2     2  19.3       19.3       0.02000   
   1   970   1     0     2     2  19.3       19.3       0.02000   
   1   971   1     0     1     1  19.3       19.3       0.02000   
   1   972   1     0     1     1  19.3       19.3       0.02000   
   1   973   1     0     1     1  19.3       19.3       0.02000   
   1   974   1     0     1     1  19.4       19.4       0.02000   
   1   975   1     0     1     1  19.4       19.4       0.02000   
   1   976   1     0     1     1  19.4       19.4       0.02000   
   1   977   1     0     1     1  19.4       19.4       0.02000   
   1   978   1     0     1     1  19.4       19.4       0.02000   
   1   979   1     0     1     1  19.5       19.5       0.02000   
   1   980   1     0     1     1  19.5       19.5       0.02000   
   1   981   1     0     1     1  19.5       19.5       0.02000   
   1   982   1     0     2     2  19.5       19.5       0.02000   
   1   983   1     0     2     2  19.5       19.5       0.02000   
   1   984   1     0     2     2  19.6       19.6       0.02000   
   1   985   1     0     1     1  19.6       19.6       0.02000   
   1   986   1     0     1     1  19.6       19.6       0.02000   
   1   987   1     0     1     1  19.6       19.6       0.02000   
   1   988   1     0     1     1  19.6       19.6       0.02000   
   1   989   1     0     1     1  19.7       19.7       0.02000   
   1   990   1     0     1     1  19.7       19.7       0.02000   
   1   991   1     0     1     1  19.7       19.7       0.02000   
   1   992   1     0     1     1  19.7       19.7       0.02000   
   1   993   1     0     1     1  19.7       19.7       0.02000   
   1   994   1     0     2     2  19.8       19.8       0.02000   
   1   995   1     0     2     2  19.8       19.8       0.02000   
   1   996   1     0     1     1  19.8       19.8       0.02000   
   1   997   1     0     1     1  19.8       19.8       0.02000   
   1   998   1     0     1     1  19.8       19.8       0.02000   
   1   999   1     0     1     1  19.9       19.9       0.02000   
   1  1000   1     0     1     1  19.9       19.9       0.02000   
   1  1001   1     0     1     1  19.9       19.9       0.02000   
   1  1002   1     0     1     1  19.9       19.9       0.02000   
   1  1003   1     0     1     1  19.9       19.9       0.02000   
   1  1004   1     0     1     1  20.0       20.0       0.02000   
   1  1005   1     0     1     1  20.0       20.0       0.02000   
   1  1006   1     0     1     1  20.0       20.0       0.02000   
   1  1007   1     0     1     1  20.0       20.0       0.009742  
                          
 THE ANALYSIS HAS COMPLETED SUCCESSFULLY
