PBS job started: Mo 15. Jun 14:42:01 CEST 2026
Case: R4E2_500_to_505_exact_solve_506_to_750
Scratch case: /scratch/pr21vyci/stage16n_scratch_runs_r4e_exact_controls/Abaqus_trial/runs/chaboche_umat/stage16_abaqus_inhomogeneous_cycle_jump_benchmark/stage16n_restart_control/restart_jump_cases/R4E2_500_to_505_exact_solve_506_to_750
Dateisystem            Größe Benutzt Verf. Verw% Eingehängt auf
mnfs:/home               17T     11T  5,8T   65% /home
panfs://mpanfs/scratch  110T     81T   29T   75% /scratch
Linking restart sources from: ../../R1A_restart_reference_500cycles
[Stage16N-R3J] start: 2026-06-15 14:42:04
[Stage16N-R3J] PBS job: 1345656.mmaster02
[Stage16N-R3J] Abaqus job: stage16n_r4e2_exact_500_to_505_solve_506_to_750
[Stage16N-R3J] oldjob: stage16n_r1a_restart_ref_500cycles
[Stage16N-R3J] restart checkpoint: 500
[Stage16N-R3J] slope pair: 250 -> 500
[Stage16N-R3J] material jump: 500 -> 505
[Stage16N-R3J] state mode: exact_target
[Stage16N-R3J] solved continuation cycles: 506 -> 750
[Stage16N-R3J] target cycle: 750
[Stage16N-R3J] cpus=16 mp_mode=threads
[Stage16N-R3J] scratch=/home/pr21vyci/pbs.1345656.mmaster02.x8z
Analysis initiated from SIMULIA established products
Abaqus JOB stage16n_r4e2_exact_500_to_505_solve_506_to_750_exact_target_source
Abaqus 2023
Abaqus License Manager checked out the following licenses:
Abaqus/Standard checked out 16 tokens from Flexnet server license4.imfd.tu-freiberg.de.
<57 out of 300 licenses remain available>.
Begin Compiling Abaqus/Standard User Subroutines
Mon 15 Jun 2026 02:42:06 PM CEST
Intel(R) Fortran Intel(R) 64 Compiler Classic for applications running on Intel(R) 64, Version 2021.13.0 Build 20240602_000000
Copyright (C) 1985-2024 Intel Corporation.  All rights reserved.

ifort: remark #10448: Intel(R) Fortran Compiler Classic (ifort) is now deprecated and will be discontinued late 2024. Intel recommends that customers transition now to using the LLVM-based Intel(R) Fortran Compiler (ifx) for continued Windows* and Linux* support, new language support, new language features, and optimizations. Use '-diag-disable=10448' to disable this message.
ifort: command line warning #10434: option '-extend_source' use with underscore is deprecated; use '-extend-source' instead
 Intel(R) Fortran 2021.13.0-1693
stage16n_r3_jump_umat.for(23): remark #15009: umat_ has been targeted for automatic cpu dispatch
stage16n_r3_jump_umat.for(248): remark #15009: stage16n_r3j_jump_overwrite_ has been targeted for automatic cpu dispatch
End Compiling Abaqus/Standard User Subroutines
Begin Linking Abaqus/Standard User Subroutines
Intel(R) Fortran Intel(R) 64 Compiler Classic for applications running on Intel(R) 64, Version 2021.13.0 Build 20240602_000000
Copyright (C) 1985-2024 Intel Corporation.  All rights reserved.

ifort: remark #10448: Intel(R) Fortran Compiler Classic (ifort) is now deprecated and will be discontinued late 2024. Intel recommends that customers transition now to using the LLVM-based Intel(R) Fortran Compiler (ifx) for continued Windows* and Linux* support, new language support, new language features, and optimizations. Use '-diag-disable=10448' to disable this message.
GNU ld version 2.30-128.el8_10
End Linking Abaqus/Standard User Subroutines
Mon 15 Jun 2026 02:42:12 PM CEST
Begin Analysis Input File Processor
Mon 15 Jun 2026 02:42:12 PM CEST
Run pre
Mon 15 Jun 2026 02:42:18 PM CEST
End Analysis Input File Processor
Begin Abaqus/Standard Analysis
Mon 15 Jun 2026 02:42:18 PM CEST
Run standard
Mon 15 Jun 2026 02:49:20 PM CEST
End Abaqus/Standard Analysis
Begin SIM Wrap-up
Mon 15 Jun 2026 02:49:21 PM CEST
Run SMASimUtility
Mon 15 Jun 2026 02:49:21 PM CEST
End SIM Wrap-up
Abaqus JOB stage16n_r4e2_exact_500_to_505_solve_506_to_750_exact_target_source COMPLETED
Wrote _jump_state/stage16n_exact_state_cycle0505.csv
Wrote _jump_state/stage16n_exact_state_cycle0505_summary.md
Analysis initiated from SIMULIA established products
Abaqus JOB stage16n_r4e2_exact_500_to_505_solve_506_to_750_datacheck
Abaqus 2023
Abaqus License Manager checked out the following licenses:
Abaqus/Standard checked out 16 tokens from Flexnet server license4.imfd.tu-freiberg.de.
<67 out of 300 licenses remain available>.
Begin Compiling Abaqus/Standard User Subroutines
Mon 15 Jun 2026 02:49:32 PM CEST
Intel(R) Fortran Intel(R) 64 Compiler Classic for applications running on Intel(R) 64, Version 2021.13.0 Build 20240602_000000
Copyright (C) 1985-2024 Intel Corporation.  All rights reserved.

ifort: remark #10448: Intel(R) Fortran Compiler Classic (ifort) is now deprecated and will be discontinued late 2024. Intel recommends that customers transition now to using the LLVM-based Intel(R) Fortran Compiler (ifx) for continued Windows* and Linux* support, new language support, new language features, and optimizations. Use '-diag-disable=10448' to disable this message.
ifort: command line warning #10434: option '-extend_source' use with underscore is deprecated; use '-extend-source' instead
 Intel(R) Fortran 2021.13.0-1693
stage16n_r3_jump_umat.for(23): remark #15009: umat_ has been targeted for automatic cpu dispatch
stage16n_r3_jump_umat.for(248): remark #15009: stage16n_r3j_jump_overwrite_ has been targeted for automatic cpu dispatch
End Compiling Abaqus/Standard User Subroutines
Begin Linking Abaqus/Standard User Subroutines
Intel(R) Fortran Intel(R) 64 Compiler Classic for applications running on Intel(R) 64, Version 2021.13.0 Build 20240602_000000
Copyright (C) 1985-2024 Intel Corporation.  All rights reserved.

ifort: remark #10448: Intel(R) Fortran Compiler Classic (ifort) is now deprecated and will be discontinued late 2024. Intel recommends that customers transition now to using the LLVM-based Intel(R) Fortran Compiler (ifx) for continued Windows* and Linux* support, new language support, new language features, and optimizations. Use '-diag-disable=10448' to disable this message.
GNU ld version 2.30-128.el8_10
End Linking Abaqus/Standard User Subroutines
Mon 15 Jun 2026 02:49:39 PM CEST
Begin Analysis Input File Processor
Mon 15 Jun 2026 02:49:39 PM CEST
Run pre
Mon 15 Jun 2026 02:49:55 PM CEST
End Analysis Input File Processor
Begin Abaqus/Standard Datacheck
Begin Abaqus/Standard Analysis
Mon 15 Jun 2026 02:49:55 PM CEST
Run standard
Mon 15 Jun 2026 02:50:00 PM CEST
End Abaqus/Standard Analysis
Begin SIM Wrap-up
Mon 15 Jun 2026 02:50:00 PM CEST
Run SMASimUtility
Mon 15 Jun 2026 02:50:00 PM CEST
End SIM Wrap-up
Abaqus JOB stage16n_r4e2_exact_500_to_505_solve_506_to_750_datacheck COMPLETED
Analysis initiated from SIMULIA established products
Abaqus JOB stage16n_r4e2_exact_500_to_505_solve_506_to_750
Abaqus 2023
Abaqus License Manager checked out the following licenses:
Abaqus/Standard checked out 16 tokens from Flexnet server license4.imfd.tu-freiberg.de.
<67 out of 300 licenses remain available>.
Begin Compiling Abaqus/Standard User Subroutines
Mon 15 Jun 2026 02:50:04 PM CEST
Intel(R) Fortran Intel(R) 64 Compiler Classic for applications running on Intel(R) 64, Version 2021.13.0 Build 20240602_000000
Copyright (C) 1985-2024 Intel Corporation.  All rights reserved.

ifort: remark #10448: Intel(R) Fortran Compiler Classic (ifort) is now deprecated and will be discontinued late 2024. Intel recommends that customers transition now to using the LLVM-based Intel(R) Fortran Compiler (ifx) for continued Windows* and Linux* support, new language support, new language features, and optimizations. Use '-diag-disable=10448' to disable this message.
ifort: command line warning #10434: option '-extend_source' use with underscore is deprecated; use '-extend-source' instead
 Intel(R) Fortran 2021.13.0-1693
stage16n_r3_jump_umat.for(23): remark #15009: umat_ has been targeted for automatic cpu dispatch
stage16n_r3_jump_umat.for(248): remark #15009: stage16n_r3j_jump_overwrite_ has been targeted for automatic cpu dispatch
End Compiling Abaqus/Standard User Subroutines
Begin Linking Abaqus/Standard User Subroutines
Intel(R) Fortran Intel(R) 64 Compiler Classic for applications running on Intel(R) 64, Version 2021.13.0 Build 20240602_000000
Copyright (C) 1985-2024 Intel Corporation.  All rights reserved.

ifort: remark #10448: Intel(R) Fortran Compiler Classic (ifort) is now deprecated and will be discontinued late 2024. Intel recommends that customers transition now to using the LLVM-based Intel(R) Fortran Compiler (ifx) for continued Windows* and Linux* support, new language support, new language features, and optimizations. Use '-diag-disable=10448' to disable this message.
GNU ld version 2.30-128.el8_10
End Linking Abaqus/Standard User Subroutines
Mon 15 Jun 2026 02:50:11 PM CEST
Begin Analysis Input File Processor
Mon 15 Jun 2026 02:50:11 PM CEST
Run pre
Mon 15 Jun 2026 02:50:23 PM CEST
End Analysis Input File Processor
Begin Abaqus/Standard Analysis
Mon 15 Jun 2026 02:50:23 PM CEST
Run standard
Mon 15 Jun 2026 07:59:20 PM CEST
End Abaqus/Standard Analysis
Begin SIM Wrap-up
Mon 15 Jun 2026 07:59:20 PM CEST
Run SMASimUtility
Mon 15 Jun 2026 07:59:20 PM CEST
End SIM Wrap-up
Abaqus JOB stage16n_r4e2_exact_500_to_505_solve_506_to_750 COMPLETED
	SYMMETRIC DIRECT SPARSE SOLVER RUNNING ON
 	1 HOST:        1 MPI RANK  x 16 THREADS
 	NUMBER OF EQUATIONS:     19704
 	NUMBER OF RHS:           1
--
	SYMMETRIC DIRECT SPARSE SOLVER RUNNING ON
 	1 HOST:        1 MPI RANK  x 16 THREADS
 	NUMBER OF EQUATIONS:     19704
 	NUMBER OF RHS:           1
--
	SYMMETRIC DIRECT SPARSE SOLVER RUNNING ON
 	1 HOST:        1 MPI RANK  x 16 THREADS
 	NUMBER OF EQUATIONS:     19704
 	NUMBER OF RHS:           1
--
	SYMMETRIC DIRECT SPARSE SOLVER RUNNING ON
 	1 HOST:        1 MPI RANK  x 16 THREADS
 	NUMBER OF EQUATIONS:     19704
 	NUMBER OF RHS:           1
--
	SYMMETRIC DIRECT SPARSE SOLVER RUNNING ON
 	1 HOST:        1 MPI RANK  x 16 THREADS
 	NUMBER OF EQUATIONS:     19704
 	NUMBER OF RHS:           1
Wrote: stage16n_r4e2_exact_500_to_505_solve_506_to_750_cycle_metrics.csv
Wrote: stage16n_r4e2_exact_500_to_505_solve_506_to_750_selected_cycle_loops.csv
Wrote: stage16n_r4e2_exact_500_to_505_solve_506_to_750_selected_cycle_local_states.csv
Wrote runs/chaboche_umat/stage16_abaqus_inhomogeneous_cycle_jump_benchmark/stage16n_restart_control/restart_jump_cases/R4E2_500_to_505_exact_solve_506_to_750/stage16n_r4e2_exact_500_to_505_solve_506_to_750_comparison_summary.csv
Wrote runs/chaboche_umat/stage16_abaqus_inhomogeneous_cycle_jump_benchmark/stage16n_restart_control/restart_jump_cases/R4E2_500_to_505_exact_solve_506_to_750/stage16n_r4e2_exact_500_to_505_solve_506_to_750_comparison_details.csv
[Stage16N-R3J] end: 2026-06-15 19:59:40
sending incremental file list
./
STAGE16N_R3J_CASE_STATUS.md
STAGE16N_R4E_EXACT_TARGET_STATE.md
stage16n_r4e2_exact_500_to_505_solve_506_to_750.sta
stage16n_r4e2_exact_500_to_505_solve_506_to_750_comparison_details.csv
stage16n_r4e2_exact_500_to_505_solve_506_to_750_comparison_summary.csv
stage16n_r4e2_exact_500_to_505_solve_506_to_750_cycle_metrics.csv
stage16n_r4e2_exact_500_to_505_solve_506_to_750_exact_target_source.sta
stage16n_r4e2_exact_500_to_505_solve_506_to_750_selected_cycle_local_states.csv
stage16n_r4e2_exact_500_to_505_solve_506_to_750_selected_cycle_loops.csv
state.csv
_jump_state/
_jump_state/stage16n_exact_state_cycle0505.csv
_jump_state/stage16n_exact_state_cycle0505_summary.md
_logs/
_logs/stage16n_r4e2_exact_500_to_505_solve_506_to_750.log
_logs/stage16n_r4e2_exact_500_to_505_solve_506_to_750_compare.log
_logs/stage16n_r4e2_exact_500_to_505_solve_506_to_750_datacheck.log
_logs/stage16n_r4e2_exact_500_to_505_solve_506_to_750_exact_target_source.log
_logs/stage16n_r4e2_exact_500_to_505_solve_506_to_750_extract.log
_logs/stage16n_r4e2_exact_500_to_505_solve_506_to_750_extract_exact_target_state.log
_logs/stage16n_r4e2_exact_500_to_505_solve_506_to_750_overwrite_trace.txt
_logs/stage16n_r4e2_exact_500_to_505_solve_506_to_750_parallelism_check.log
tmp/

sent 28,240,816 bytes  received 419 bytes  18,827,490.00 bytes/sec
total size is 28,233,031  speedup is 1.00
Dateisystem            Größe Benutzt Verf. Verw% Eingehängt auf
mnfs:/home               17T     11T  5,7T   65% /home
panfs://mpanfs/scratch  110T     81T   29T   75% /scratch
PBS job finished: Mo 15. Jun 19:59:41 CEST 2026
