 Abaqus/Standard 2023                  DATE 16-Jun-2026 TIME 17:02:43
 SUMMARY OF JOB INFORMATION:
 STEP  INC ATT SEVERE EQUIL TOTAL  TOTAL      STEP       INC OF       DOF    IF
               DISCON ITERS ITERS  TIME/    TIME/LPF    TIME/LPF    MONITOR RIKS
               ITERS               FREQ
 501     1   1     0    10    10  500.       0.00500    0.005000  
 501     2   1     0    10    10  500.       0.0100     0.005000  
 501     3   1     0    10    10  500.       0.0150     0.005000  
 501     4   1     0     8     8  500.       0.0200     0.005000  
 501     5   1     0     6     6  500.       0.0250     0.005000  
 501     6   1     0     6     6  500.       0.0300     0.005000  
 501     7   1     0     4     4  500.       0.0350     0.005000  
 501     8   1     0     2     2  500.       0.0400     0.005000  
 501     9   1     0     8     8  500.       0.0475     0.007500  
 501    10   1     0     2     2  500.       0.0550     0.007500  
 501    11   1     0     3     3  500.       0.0625     0.007500  
 501    12   1U    0     4     4  500.       0.0625     0.01125   
 501    12   2     0     9     9  500.       0.0653     0.002812  
 501    13   1     0     4     4  500.       0.0681     0.002812  
 501    14   1     0     4     4  500.       0.0709     0.002812  
 501    15   1     0     8     8  500.       0.0752     0.004219  
 501    16   1     0     1     1  500.       0.0794     0.004219  
 501    17   1     0     1     1  500.       0.0836     0.004219  
 501    18   1     0     7     7  500.       0.0899     0.006328  
 501    19   1     0     1     1  500.       0.0962     0.006328  
 501    20   1     0     2     2  500.       0.103      0.006328  
 501    21   1     0     4     4  500.       0.112      0.009492  
 501    22   1     0     7     7  500.       0.126      0.01424   
 501    23   1     0     4     4  500.       0.141      0.01424   
 501    24   1     0     5     5  500.       0.155      0.01424   
 501    25   1     0     3     3  500.       0.169      0.01424   
 501    26   1     0     2     2  500.       0.183      0.01424   
 501    27   1     0     8     8  500.       0.205      0.02136   
 501    28   1     0     4     4  500.       0.226      0.02136   
 501    29   1     0     4     4  500.       0.247      0.02136   
 501    30   1     0     6     6  500.       0.272      0.02500   
 501    31   1     0     1     1  500.       0.297      0.02500   
 501    32   1     0     9     9  500.       0.322      0.02500   
 501    33   1     0    10    10  500.       0.347      0.02500   
 501    34   1     0    12    12  500.       0.372      0.02500   
 501    35   1     0    11    11  500.       0.391      0.01875   
 501    36   1U    0     6     6  500.       0.391      0.01406   
 501    36   2     0    10    10  500.       0.395      0.003516  
 501    37   1     0    10    10  500.       0.398      0.003516  
 501    38   1     0     8     8  500.       0.402      0.003516  
 501    39   1     0     9     9  500.       0.405      0.003516  
 501    40   1     0     5     5  500.       0.409      0.003516  
 501    41   1     0     8     8  500.       0.412      0.003516  
 501    42   1     0     5     5  500.       0.416      0.003516  
 501    43   1     0     4     4  500.       0.419      0.003516  
 501    44   1     0     4     4  500.       0.423      0.003516  
 501    45   1     0    10    10  500.       0.428      0.005273  
 501    46   1     0     9     9  500.       0.433      0.005273  
 501    47   1     0     6     6  500.       0.439      0.005273  
 501    48   1     0     5     5  500.       0.444      0.005273  
 501    49   1     0     5     5  500.       0.449      0.005273  
 501    50   1     0     4     4  500.       0.454      0.005273  
 501    51   1     0     4     4  500.       0.460      0.005273  
 501    52   1     0    10    10  500.       0.468      0.007910  
 501    53   1     0     7     7  500.       0.475      0.007910  
 501    54   1     0     8     8  500.       0.483      0.007910  
 501    55   1     0     6     6  500.       0.491      0.007910  
 501    56   1     0     5     5  500.       0.499      0.007910  
 501    57   1     0     4     4  501.       0.507      0.007910  
 501    58   1     0     4     4  501.       0.515      0.007910  
 501    59   1     0    10    10  501.       0.527      0.01187   
 501    60   1     0     7     7  501.       0.539      0.01187   
 501    61   1     0     7     7  501.       0.551      0.01187   
 501    62   1     0     5     5  501.       0.562      0.01187   
 501    63   1     0     4     4  501.       0.574      0.01187   
 501    64   1     0     4     4  501.       0.586      0.01187   
 501    65   1     0    10    10  501.       0.604      0.01780   
 501    66   1     0     6     6  501.       0.622      0.01780   
 501    67   1     0     5     5  501.       0.640      0.01780   
 501    68   1     0     3     3  501.       0.657      0.01780   
 501    69   1     0     3     3  501.       0.675      0.01780   
 501    70   1     0     8     8  501.       0.700      0.02500   
 501    71   1     0     6     6  501.       0.725      0.02500   
 501    72   1     0     4     4  501.       0.750      0.02500   
 501    73   1     0     6     6  501.       0.775      0.02500   
 501    74   1     0     3     3  501.       0.800      0.02500   
 501    75   1     0     6     6  501.       0.825      0.02500   
 501    76   1     0    10    10  501.       0.850      0.02500   
 501    77   1     0    12    12  501.       0.875      0.02500   
 501    78   1     0    11    11  501.       0.894      0.01875   
 501    79   1     0    10    10  501.       0.908      0.01406   
 501    80   1     0     8     8  501.       0.922      0.01406   
 501    81   1     0     8     8  501.       0.936      0.01406   
 501    82   1     0     7     7  501.       0.950      0.01406   
 501    83   1     0     7     7  501.       0.964      0.01406   
 501    84   1     0     7     7  501.       0.978      0.01406   
 501    85   1     0     6     6  501.       0.992      0.01406   
 501    86   1     0    10    10  501.       1.00       0.007622  
 502     1   1     0    10    10  501.       0.00500    0.005000  
 502     2   1     0     7     7  501.       0.0100     0.005000  
 502     3   1     0     9     9  501.       0.0150     0.005000  
 502     4   1     0     7     7  501.       0.0200     0.005000  
 502     5   1     0     6     6  501.       0.0250     0.005000  
 502     6   1     0     4     4  501.       0.0300     0.005000  
 502     7   1     0     4     4  501.       0.0350     0.005000  
 502     8   1     0    10    10  501.       0.0425     0.007500  
 502     9   1     0     3     3  501.       0.0500     0.007500  
 502    10   1     0     5     5  501.       0.0575     0.007500  
 502    11   1     0     3     3  501.       0.0650     0.007500  
 502    12   1     0     3     3  501.       0.0725     0.007500  
 502    13   1     0    10    10  501.       0.0838     0.01125   
 502    14   1     0     4     4  501.       0.0950     0.01125   
 502    15   1     0     5     5  501.       0.106      0.01125   
 502    16   1     0     3     3  501.       0.117      0.01125   
 502    17   1     0     2     2  501.       0.129      0.01125   
 502    18   1     0     9     9  501.       0.146      0.01688   
 502    19   1     0     4     4  501.       0.163      0.01688   
 502    20   1     0     4     4  501.       0.179      0.01688   
 502    21   1     0     7     7  501.       0.204      0.02500   
 502    22   1     0     5     5  501.       0.229      0.02500   
 502    23   1     0    10    10  501.       0.254      0.02500   
 502    24   1     0     5     5  501.       0.279      0.02500   
 502    25   1     0     2     2  501.       0.304      0.02500   
 502    26   1     0    10    10  501.       0.329      0.02500   
 502    27   1     0    10    10  501.       0.354      0.02500   
 502    28   1     0    11    11  501.       0.379      0.02500   
 502    29   1     0    10    10  501.       0.398      0.01875   
 502    30   1     0    10    10  501.       0.417      0.01875   
 502    31   1     0     9     9  501.       0.436      0.01875   
 502    32   1     0     7     7  501.       0.454      0.01875   
 502    33   1     0     6     6  501.       0.473      0.01875   
 502    34   1     0     5     5  501.       0.492      0.01875   
 502    35   1     0     5     5  502.       0.511      0.01875   
 502    36   1     0     5     5  502.       0.529      0.01875   
 502    37   1     0     4     4  502.       0.548      0.01875   
 502    38   1     0     4     4  502.       0.567      0.01875   
 502    39   1     0     7     7  502.       0.592      0.02500   
 502    40   1     0     5     5  502.       0.617      0.02500   
 502    41   1     0     4     4  502.       0.642      0.02500   
 502    42   1     0     4     4  502.       0.667      0.02500   
 502    43   1     0     4     4  502.       0.692      0.02500   
 502    44   1     0     3     3  502.       0.717      0.02500   
 502    45   1     0     3     3  502.       0.742      0.02500   
 502    46   1     0    10    10  502.       0.767      0.02500   
 502    47   1     0     7     7  502.       0.792      0.02500   
 502    48   1     0     4     4  502.       0.817      0.02500   
 502    49   1     0     9     9  502.       0.842      0.02500   
 502    50   1     0    10    10  502.       0.867      0.02500   
 502    51   1     0    10    10  502.       0.892      0.02500   
 502    52   1     0    10    10  502.       0.917      0.02500   
 502    53   1     0     9     9  502.       0.942      0.02500   
 502    54   1     0     6     6  502.       0.967      0.02500   
 502    55   1     0     5     5  502.       0.992      0.02500   
 502    56   1     0    10    10  502.       1.00       0.008125  
 503     1   1     0    11    11  502.       0.00500    0.005000  
 503     2   1     0     7     7  502.       0.00875    0.003750  
 503     3   1     0    10    10  502.       0.0125     0.003750  
 503     4   1     0    10    10  502.       0.0163     0.003750  
 503     5   1     0     7     7  502.       0.0200     0.003750  
 503     6   1     0     7     7  502.       0.0238     0.003750  
 503     7   1     0     7     7  502.       0.0275     0.003750  
 503     8   1     0     6     6  502.       0.0312     0.003750  
 503     9   1     0     4     4  502.       0.0350     0.003750  
 503    10   1     0     3     3  502.       0.0388     0.003750  
 503    11   1     0     9     9  502.       0.0444     0.005625  
 503    12   1     0     2     2  502.       0.0500     0.005625  
 503    13   1     0     3     3  502.       0.0556     0.005625  
 503    14   1     0     6     6  502.       0.0641     0.008438  
 503    15   1     0     3     3  502.       0.0725     0.008438  
 503    16   1     0     5     5  502.       0.0809     0.008438  
 503    17   1     0     4     4  502.       0.0894     0.008438  
 503    18   1     0     3     3  502.       0.0978     0.008438  
 503    19   1     0     8     8  502.       0.110      0.01266   
 503    20   1     0     4     4  502.       0.123      0.01266   
 503    21   1     0     4     4  502.       0.136      0.01266   
 503    22   1     0     7     7  502.       0.155      0.01898   
 503    23   1     0     5     5  502.       0.174      0.01898   
 503    24   1     0     4     4  502.       0.193      0.01898   
 503    25   1     0     3     3  502.       0.212      0.01898   
 503    26   1     0     7     7  502.       0.237      0.02500   
 503    27   1     0    11    11  502.       0.262      0.02500   
 503    28   1     0     6     6  502.       0.280      0.01875   
 503    29   1     0     1     1  502.       0.299      0.01875   
 503    30   1     0     8     8  502.       0.318      0.01875   
 503    31   1     0    10    10  502.       0.337      0.01875   
 503    32   1     0    10    10  502.       0.355      0.01875   
 503    33   1     0    13    13  502.       0.374      0.01875   
 503    34   1     0    12    12  502.       0.388      0.01406   
 503    35   1     0    10    10  502.       0.399      0.01055   
 503    36   1     0    10    10  502.       0.409      0.01055   
 503    37   1     0     8     8  502.       0.420      0.01055   
 503    38   1     0     6     6  502.       0.430      0.01055   
 503    39   1     0     7     7  502.       0.441      0.01055   
 503    40   1     0     6     6  502.       0.452      0.01055   
 503    41   1     0     5     5  502.       0.462      0.01055   
 503    42   1     0     6     6  502.       0.473      0.01055   
 503    43   1     0     6     6  502.       0.483      0.01055   
 503    44   1     0     5     5  502.       0.494      0.01055   
 503    45   1     0     5     5  503.       0.504      0.01055   
 503    46   1     0     4     4  503.       0.515      0.01055   
 503    47   1     0     4     4  503.       0.525      0.01055   
 503    48   1     0    10    10  503.       0.541      0.01582   
 503    49   1     0     7     7  503.       0.557      0.01582   
 503    50   1     0     6     6  503.       0.573      0.01582   
 503    51   1     0     4     4  503.       0.589      0.01582   
 503    52   1     0     4     4  503.       0.604      0.01582   
 503    53   1     0     8     8  503.       0.628      0.02373   
 503    54   1     0     6     6  503.       0.652      0.02373   
 503    55   1     0     5     5  503.       0.676      0.02373   
 503    56   1     0     4     4  503.       0.699      0.02373   
 503    57   1     0     4     4  503.       0.723      0.02373   
 503    58   1     0     5     5  503.       0.748      0.02500   
 503    59   1     0     8     8  503.       0.773      0.02500   
 503    60   1     0     6     6  503.       0.798      0.02500   
 503    61   1     0     2     2  503.       0.823      0.02500   
 503    62   1     0    11    11  503.       0.848      0.02500   
 503    63   1     0    12    12  503.       0.867      0.01875   
 503    64   1     0    11    11  503.       0.881      0.01406   
 503    65   1     0    10    10  503.       0.892      0.01055   
 503    66   1     0    10    10  503.       0.902      0.01055   
 503    67   1     0     7     7  503.       0.913      0.01055   
 503    68   1     0     6     6  503.       0.923      0.01055   
 503    69   1     0     5     5  503.       0.934      0.01055   
 503    70   1     0     6     6  503.       0.944      0.01055   
 503    71   1     0     6     6  503.       0.955      0.01055   
 503    72   1     0     7     7  503.       0.965      0.01055   
 503    73   1     0     5     5  503.       0.976      0.01055   
 503    74   1     0     5     5  503.       0.986      0.01055   
 503    75   1     0     5     5  503.       0.997      0.01055   
 503    76   1     0    10    10  503.       1.00       0.003027  
 504     1   1     0    10    10  503.       0.00500    0.005000  
 504     2   1     0     5     5  503.       0.0100     0.005000  
 504     3   1     0     5     5  503.       0.0150     0.005000  
 504     4   1     0     4     4  503.       0.0200     0.005000  
 504     5   1     0     2     2  503.       0.0250     0.005000  
 504     6   1     0     9     9  503.       0.0325     0.007500  
 504     7   1     0     3     3  503.       0.0400     0.007500  
 504     8   1     0     4     4  503.       0.0475     0.007500  
 504     9   1     0     8     8  503.       0.0587     0.01125   
 504    10   1     0     5     5  503.       0.0700     0.01125   
 504    11   1     0     6     6  503.       0.0812     0.01125   
 504    12   1     0     4     4  503.       0.0925     0.01125   
 504    13   1     0     2     2  503.       0.104      0.01125   
 504    14   1     0     9     9  503.       0.121      0.01688   
 504    15   1     0     4     4  503.       0.137      0.01688   
 504    16   1     0     5     5  503.       0.154      0.01688   
 504    17   1     0     3     3  503.       0.171      0.01688   
 504    18   1     0     2     2  503.       0.188      0.01688   
 504    19   1     0     7     7  503.       0.213      0.02500   
 504    20   1     0     6     6  503.       0.238      0.02500   
 504    21   1     0    12    12  503.       0.263      0.02500   
 504    22   1     0     4     4  503.       0.282      0.01875   
 504    23   1     0     1     1  503.       0.301      0.01875   
 504    24   1     0     8     8  503.       0.326      0.02500   
 504    25   1     0    10    10  503.       0.351      0.02500   
 504    26   1     0    12    12  503.       0.376      0.02500   
 504    27   1     0    11    11  503.       0.394      0.01875   
 504    28   1     0    10    10  503.       0.408      0.01406   
 504    29   1     0     8     8  503.       0.422      0.01406   
 504    30   1     0     8     8  503.       0.437      0.01406   
 504    31   1     0     6     6  503.       0.451      0.01406   
 504    32   1     0     7     7  503.       0.465      0.01406   
 504    33   1     0     6     6  503.       0.479      0.01406   
 504    34   1     0     6     6  503.       0.493      0.01406   
 504    35   1     0     5     5  504.       0.507      0.01406   
 504    36   1     0     5     5  504.       0.521      0.01406   
 504    37   1     0     5     5  504.       0.535      0.01406   
 504    38   1     0     4     4  504.       0.549      0.01406   
 504    39   1     0     4     4  504.       0.563      0.01406   
 504    40   1     0     9     9  504.       0.584      0.02109   
 504    41   1     0     5     5  504.       0.605      0.02109   
 504    42   1     0     4     4  504.       0.626      0.02109   
 504    43   1     0     4     4  504.       0.647      0.02109   
 504    44   1     0     6     6  504.       0.672      0.02500   
 504    45   1     0     5     5  504.       0.697      0.02500   
 504    46   1     0     4     4  504.       0.722      0.02500   
 504    47   1     0     4     4  504.       0.747      0.02500   
 504    48   1     0     7     7  504.       0.772      0.02500   
 504    49   1     0     6     6  504.       0.797      0.02500   
 504    50   1     0     3     3  504.       0.823      0.02500   
 504    51   1     0    11    11  504.       0.848      0.02500   
 504    52   1     0    11    11  504.       0.866      0.01875   
 504    53   1     0    11    11  504.       0.880      0.01406   
 504    54   1     0    10    10  504.       0.891      0.01055   
 504    55   1     0    10    10  504.       0.901      0.01055   
 504    56   1     0    10    10  504.       0.912      0.01055   
 504    57   1     0     8     8  504.       0.922      0.01055   
 504    58   1     0     5     5  504.       0.933      0.01055   
 504    59   1     0     5     5  504.       0.944      0.01055   
 504    60   1     0     6     6  504.       0.954      0.01055   
 504    61   1     0     5     5  504.       0.965      0.01055   
 504    62   1     0     6     6  504.       0.975      0.01055   
 504    63   1     0     7     7  504.       0.986      0.01055   
 504    64   1     0     4     4  504.       0.996      0.01055   
 504    65   1     0    10    10  504.       1.00       0.003672  
 505     1   1     0    10    10  504.       0.00500    0.005000  
 505     2   1     0     3     3  504.       0.0100     0.005000  
 505     3   1     0     3     3  504.       0.0150     0.005000  
 505     4   1     0    10    10  504.       0.0225     0.007500  
 505     5   1     0     3     3  504.       0.0300     0.007500  
 505     6   1     0     5     5  504.       0.0375     0.007500  
 505     7   1     0     3     3  504.       0.0450     0.007500  
 505     8   1     0     2     2  504.       0.0525     0.007500  
 505     9   1     0     9     9  504.       0.0638     0.01125   
 505    10   1     0     4     4  504.       0.0750     0.01125   
 505    11   1     0     5     5  504.       0.0862     0.01125   
 505    12   1     0     3     3  504.       0.0975     0.01125   
 505    13   1     0     2     2  504.       0.109      0.01125   
 505    14   1     0     9     9  504.       0.126      0.01688   
 505    15   1     0     4     4  504.       0.142      0.01688   
 505    16   1     0     4     4  504.       0.159      0.01688   
 505    17   1     0     7     7  504.       0.184      0.02500   
 505    18   1     0     5     5  504.       0.209      0.02500   
 505    19   1     0     5     5  504.       0.234      0.02500   
 505    20   1     0    10    10  504.       0.250      0.01563   
 505    21   1     0     5     5  504.       0.275      0.02500   
 505    22   1     0     1     1  504.       0.300      0.02500   
 505    23   1     0    10    10  504.       0.325      0.02500   
 505    24   1     0    10    10  504.       0.350      0.02500   
 505    25   1     0    12    12  504.       0.375      0.02500   
 505    26   1     0    10    10  504.       0.394      0.01875   
 505    27   1     0    10    10  504.       0.413      0.01875   
 505    28   1     0     9     9  504.       0.431      0.01875   
 505    29   1     0     7     7  504.       0.450      0.01875   
 505    30   1     0     6     6  504.       0.469      0.01875   
 505    31   1     0     5     5  504.       0.488      0.01875   
 505    32   1     0    10    10  504.       0.500      0.01250   
 505    33   1     0    10    10  505.       0.519      0.01875   
 505    34   1     0     6     6  505.       0.538      0.01875   
 505    35   1     0     5     5  505.       0.556      0.01875   
 505    36   1     0     4     4  505.       0.575      0.01875   
 505    37   1     0     3     3  505.       0.594      0.01875   
 505    38   1     0     7     7  505.       0.619      0.02500   
 505    39   1     0     5     5  505.       0.644      0.02500   
 505    40   1     0     4     4  505.       0.669      0.02500   
 505    41   1     0     4     4  505.       0.694      0.02500   
 505    42   1     0     3     3  505.       0.719      0.02500   
 505    43   1     0     3     3  505.       0.744      0.02500   
 505    44   1     0    10    10  505.       0.750      0.006250  
 505    45   1     0     7     7  505.       0.775      0.02500   
 505    46   1     0     5     5  505.       0.800      0.02500   
 505    47   1     0     7     7  505.       0.825      0.02500   
 505    48   1     0    10    10  505.       0.850      0.02500   
 505    49   1     0    10    10  505.       0.875      0.02500   
 505    50   1     0    10    10  505.       0.900      0.02500   
 505    51   1     0    10    10  505.       0.925      0.02500   
 505    52   1     0     6     6  505.       0.950      0.02500   
 505    53   1     0     5     5  505.       0.975      0.02500   
 505    54   1     0     5     5  505.       1.00       0.02500   
                          
 THE ANALYSIS HAS COMPLETED SUCCESSFULLY
