
============================================================
PHASE START: R4K1 comparison
TIME: Mo 22. Jun 12:25:59 CEST 2026
============================================================
Wrote stage16n_r4k1_deck_clone_exact_250_to_280_to_500_comparison_summary.csv
Wrote stage16n_r4k1_deck_clone_exact_250_to_280_to_500_comparison_details.csv
	Command being timed: "python3 stage16n_compare_r3j_jump_against_reference.py --jump-metrics stage16n_r4k1_deck_clone_exact_250_to_280_to_500_cycle_metrics.csv --jump-local-states stage16n_r4k1_deck_clone_exact_250_to_280_to_500_selected_cycle_local_states.csv --ref-metrics reference_1000_cycle_metrics.csv --ref-local-states reference_1000_selected_cycle_local_states.csv --cycles 500 --out-dir . --prefix stage16n_r4k1_deck_clone_exact_250_to_280_to_500"
	User time (seconds): 0.03
	System time (seconds): 0.00
	Percent of CPU this job got: 66%
	Elapsed (wall clock) time (h:mm:ss or m:ss): 0:00.05
	Average shared text size (kbytes): 0
	Average unshared data size (kbytes): 0
	Average stack size (kbytes): 0
	Average total size (kbytes): 0
	Maximum resident set size (kbytes): 12856
	Average resident set size (kbytes): 0
	Major (requiring I/O) page faults: 0
	Minor (reclaiming a frame) page faults: 1916
	Voluntary context switches: 30
	Involuntary context switches: 1
	Swaps: 0
	File system inputs: 0
	File system outputs: 16
	Socket messages sent: 0
	Socket messages received: 0
	Signals delivered: 0
	Page size (bytes): 4096
	Exit status: 0
============================================================
PHASE END: R4K1 comparison
TIME: Mo 22. Jun 12:25:59 CEST 2026
EXIT: 0
============================================================
