
============================================================
PHASE START: R4K1 ODB extraction
TIME: Mo 22. Jun 12:25:26 CEST 2026
============================================================
Wrote: stage16n_r4k1_deck_clone_exact_250_to_280_to_500_cycle_metrics.csv
Wrote: stage16n_r4k1_deck_clone_exact_250_to_280_to_500_selected_cycle_loops.csv
Wrote: stage16n_r4k1_deck_clone_exact_250_to_280_to_500_selected_cycle_local_states.csv
	Command being timed: "abaqus python stage16n_extract_hysteresis_and_local_states.py --job stage16n_r4k1_deck_clone_exact_250_to_280_to_500"
	User time (seconds): 16.85
	System time (seconds): 1.52
	Percent of CPU this job got: 59%
	Elapsed (wall clock) time (h:mm:ss or m:ss): 0:31.02
	Average shared text size (kbytes): 0
	Average unshared data size (kbytes): 0
	Average stack size (kbytes): 0
	Average total size (kbytes): 0
	Maximum resident set size (kbytes): 894836
	Average resident set size (kbytes): 0
	Major (requiring I/O) page faults: 136
	Minor (reclaiming a frame) page faults: 208803
	Voluntary context switches: 7625
	Involuntary context switches: 30
	Swaps: 0
	File system inputs: 21848
	File system outputs: 64
	Socket messages sent: 0
	Socket messages received: 0
	Signals delivered: 0
	Page size (bytes): 4096
	Exit status: 0
============================================================
PHASE END: R4K1 ODB extraction
TIME: Mo 22. Jun 12:25:57 CEST 2026
EXIT: 0
============================================================
