
============================================================
PHASE START: R4K1 continuation datacheck
TIME: Mo 22. Jun 06:54:19 CEST 2026
============================================================
Analysis initiated from SIMULIA established products
Abaqus JOB stage16n_r4k1_deck_clone_exact_250_to_280_to_500_datacheck
Abaqus 2023
Abaqus License Manager checked out the following licenses:
Abaqus/Standard checked out 16 tokens from Flexnet server license4.imfd.tu-freiberg.de.
<279 out of 300 licenses remain available>.
Begin Compiling Abaqus/Standard User Subroutines
Mon 22 Jun 2026 06:54:20 AM CEST
Intel(R) Fortran Intel(R) 64 Compiler Classic for applications running on Intel(R) 64, Version 2021.13.0 Build 20240602_000000
Copyright (C) 1985-2024 Intel Corporation.  All rights reserved.

ifort: remark #10448: Intel(R) Fortran Compiler Classic (ifort) is now deprecated and will be discontinued late 2024. Intel recommends that customers transition now to using the LLVM-based Intel(R) Fortran Compiler (ifx) for continued Windows* and Linux* support, new language support, new language features, and optimizations. Use '-diag-disable=10448' to disable this message.
ifort: command line warning #10434: option '-extend_source' use with underscore is deprecated; use '-extend-source' instead
 Intel(R) Fortran 2021.13.0-1693
stage16n_neml_equivalent_chaboche_umat.for(23): remark #15009: umat_ has been targeted for automatic cpu dispatch
End Compiling Abaqus/Standard User Subroutines
Begin Linking Abaqus/Standard User Subroutines
Intel(R) Fortran Intel(R) 64 Compiler Classic for applications running on Intel(R) 64, Version 2021.13.0 Build 20240602_000000
Copyright (C) 1985-2024 Intel Corporation.  All rights reserved.

ifort: remark #10448: Intel(R) Fortran Compiler Classic (ifort) is now deprecated and will be discontinued late 2024. Intel recommends that customers transition now to using the LLVM-based Intel(R) Fortran Compiler (ifx) for continued Windows* and Linux* support, new language support, new language features, and optimizations. Use '-diag-disable=10448' to disable this message.
GNU ld version 2.30-128.el8_10
End Linking Abaqus/Standard User Subroutines
Mon 22 Jun 2026 06:54:27 AM CEST
Begin Analysis Input File Processor
Mon 22 Jun 2026 06:54:27 AM CEST
Run pre
Mon 22 Jun 2026 06:54:37 AM CEST
End Analysis Input File Processor
Begin Abaqus/Standard Datacheck
Begin Abaqus/Standard Analysis
Mon 22 Jun 2026 06:54:37 AM CEST
Run standard
Mon 22 Jun 2026 06:54:40 AM CEST
End Abaqus/Standard Analysis
Begin SIM Wrap-up
Mon 22 Jun 2026 06:54:40 AM CEST
Run SMASimUtility
Mon 22 Jun 2026 06:54:40 AM CEST
End SIM Wrap-up
Abaqus JOB stage16n_r4k1_deck_clone_exact_250_to_280_to_500_datacheck COMPLETED
	Command being timed: "abaqus job=stage16n_r4k1_deck_clone_exact_250_to_280_to_500_datacheck input=stage16n_r4k1_deck_clone_exact_250_to_280_to_500.inp oldjob=stage16n_r4k1_deck_clone_exact_250_to_280_to_500_source_250_to_281 user=stage16n_neml_equivalent_chaboche_umat.for datacheck interactive ask_delete=OFF scratch=/scratch/pr21vyci/stage16n_r4k/R4K1_250branch_controller/1350764.mmaster02/tmp cpus=16 mp_mode=threads"
	User time (seconds): 13.22
	System time (seconds): 1.92
	Percent of CPU this job got: 69%
	Elapsed (wall clock) time (h:mm:ss or m:ss): 0:21.69
	Average shared text size (kbytes): 0
	Average unshared data size (kbytes): 0
	Average stack size (kbytes): 0
	Average total size (kbytes): 0
	Maximum resident set size (kbytes): 729444
	Average resident set size (kbytes): 0
	Major (requiring I/O) page faults: 18
	Minor (reclaiming a frame) page faults: 378191
	Voluntary context switches: 12223
	Involuntary context switches: 126
	Swaps: 0
	File system inputs: 216
	File system outputs: 240912
	Socket messages sent: 0
	Socket messages received: 0
	Signals delivered: 0
	Page size (bytes): 4096
	Exit status: 0
============================================================
PHASE END: R4K1 continuation datacheck
TIME: Mo 22. Jun 06:54:40 CEST 2026
EXIT: 0
============================================================
