PBS job started: So 14. Jun 07:30:51 CEST 2026
Case: R4J6_500_to_510_solve_511_to_750
Scratch case: /scratch/pr21vyci/stage16n_scratch_runs_r4j_branch_refine/Abaqus_trial/runs/chaboche_umat/stage16_abaqus_inhomogeneous_cycle_jump_benchmark/stage16n_restart_control/restart_jump_cases/R4J6_500_to_510_solve_511_to_750
Dateisystem            Größe Benutzt Verf. Verw% Eingehängt auf
mnfs:/home               17T     11T  5,9T   64% /home
panfs://mpanfs/scratch  110T     81T   29T   75% /scratch
[Stage16N-R3J] start: 2026-06-14 07:30:54
[Stage16N-R3J] PBS job: 1345010.mmaster02
[Stage16N-R3J] Abaqus job: stage16n_r4j6_jump_500_to_510_solve_511_to_750
[Stage16N-R3J] oldjob: stage16n_r1a_restart_ref_500cycles
[Stage16N-R3J] restart checkpoint: 500
[Stage16N-R3J] slope pair: 250 -> 500
[Stage16N-R3J] material jump: 500 -> 510
[Stage16N-R3J] solved continuation cycles: 511 -> 750
[Stage16N-R3J] target cycle: 750
[Stage16N-R3J] cpus=16 mp_mode=threads
[Stage16N-R3J] scratch=/home/pr21vyci/pbs.1345010.mmaster02.x8z
Missing native restart source: stage16n_r1a_restart_ref_500cycles.odb
sending incremental file list
tmp/

sent 231 bytes  received 17 bytes  496.00 bytes/sec
total size is 2,403  speedup is 9.69
Dateisystem            Größe Benutzt Verf. Verw% Eingehängt auf
mnfs:/home               17T     11T  5,9T   64% /home
panfs://mpanfs/scratch  110T     81T   29T   75% /scratch
PBS job finished: So 14. Jun 07:30:54 CEST 2026
