
============================================================
PHASE START: R4L1 source solve
TIME: Mo 22. Jun 21:36:01 CEST 2026
============================================================
Abaqus Error: Restart of an Abaqus/Standard analysis requires the following files: res, prt, mdl, stt, sim.
The analysis cannot proceed.

Abaqus/Analysis exited with error(s).
Command exited with non-zero status 1
	Command being timed: "abaqus job=stage16n_r4l1_deck_clone_jump_250_to_270_solve_271_to_500_source_250_to_271 input=stage16n_r4l1_deck_clone_jump_250_to_270_solve_271_to_500_source_250_to_271.inp oldjob=stage16n_r1a_restart_ref_500cycles user=stage16n_neml_equivalent_chaboche_umat.for interactive ask_delete=OFF scratch=/scratch/pr21vyci/stage16n_r4l/R4L_250branch_storage_light_controller/1353908.mmaster02/tmp cpus=16 mp_mode=threads"
	User time (seconds): 0.21
	System time (seconds): 0.13
	Percent of CPU this job got: 41%
	Elapsed (wall clock) time (h:mm:ss or m:ss): 0:00.84
	Average shared text size (kbytes): 0
	Average unshared data size (kbytes): 0
	Average stack size (kbytes): 0
	Average total size (kbytes): 0
	Maximum resident set size (kbytes): 59520
	Average resident set size (kbytes): 0
	Major (requiring I/O) page faults: 558
	Minor (reclaiming a frame) page faults: 8464
	Voluntary context switches: 4594
	Involuntary context switches: 2
	Swaps: 0
	File system inputs: 101256
	File system outputs: 0
	Socket messages sent: 0
	Socket messages received: 0
	Signals delivered: 0
	Page size (bytes): 4096
	Exit status: 1
============================================================
PHASE END: R4L1 source solve
TIME: Mo 22. Jun 21:36:02 CEST 2026
EXIT: 1
============================================================
