[Stage16N-R4I] start: 2026-06-21 05:59:22
[Stage16N-R4I] PBS job: 1350673.mmaster02
[Stage16N-R4I] job: stage16n_r4ir3_buffer_250_to_300_restart_270_to_500
[Stage16N-R4I] source style: buffered_generated
[Stage16N-R4I] first solved cycle: 271
[Stage16N-R4I] purpose: R4I-R3 recovery rerun: generated source solve 250--300, restart interior 270, continue 271--500
Linking R1A restart sources from: /home/pr21vyci/master_thesis/Abaqus_trial/runs/chaboche_umat/stage16_abaqus_inhomogeneous_cycle_jump_benchmark/stage16n_restart_control/R1A_restart_reference_500cycles
Analysis initiated from SIMULIA established products
Abaqus JOB stage16n_r4ir3_buffer_250_to_300_restart_270_to_500_source_250_to_300
Abaqus 2023
Abaqus License Manager checked out the following licenses:
Abaqus/Standard checked out 16 tokens from Flexnet server license4.imfd.tu-freiberg.de.
<263 out of 300 licenses remain available>.
Begin Compiling Abaqus/Standard User Subroutines
Sun 21 Jun 2026 05:59:29 AM CEST
Intel(R) Fortran Intel(R) 64 Compiler Classic for applications running on Intel(R) 64, Version 2021.13.0 Build 20240602_000000
Copyright (C) 1985-2024 Intel Corporation.  All rights reserved.

ifort: remark #10448: Intel(R) Fortran Compiler Classic (ifort) is now deprecated and will be discontinued late 2024. Intel recommends that customers transition now to using the LLVM-based Intel(R) Fortran Compiler (ifx) for continued Windows* and Linux* support, new language support, new language features, and optimizations. Use '-diag-disable=10448' to disable this message.
ifort: command line warning #10434: option '-extend_source' use with underscore is deprecated; use '-extend-source' instead
 Intel(R) Fortran 2021.13.0-1693
stage16n_neml_equivalent_chaboche_umat.for(23): remark #15009: umat_ has been targeted for automatic cpu dispatch
End Compiling Abaqus/Standard User Subroutines
Begin Linking Abaqus/Standard User Subroutines
Intel(R) Fortran Intel(R) 64 Compiler Classic for applications running on Intel(R) 64, Version 2021.13.0 Build 20240602_000000
Copyright (C) 1985-2024 Intel Corporation.  All rights reserved.

ifort: remark #10448: Intel(R) Fortran Compiler Classic (ifort) is now deprecated and will be discontinued late 2024. Intel recommends that customers transition now to using the LLVM-based Intel(R) Fortran Compiler (ifx) for continued Windows* and Linux* support, new language support, new language features, and optimizations. Use '-diag-disable=10448' to disable this message.
GNU ld version 2.30-128.el8_10
End Linking Abaqus/Standard User Subroutines
Sun 21 Jun 2026 05:59:39 AM CEST
Begin Analysis Input File Processor
Sun 21 Jun 2026 05:59:39 AM CEST
Run pre
Sun 21 Jun 2026 05:59:48 AM CEST
End Analysis Input File Processor
Begin Abaqus/Standard Analysis
Sun 21 Jun 2026 05:59:48 AM CEST
Run standard
Sun 21 Jun 2026 06:57:18 AM CEST
End Abaqus/Standard Analysis
Begin SIM Wrap-up
Sun 21 Jun 2026 06:57:18 AM CEST
Run SMASimUtility
Sun 21 Jun 2026 06:57:18 AM CEST
End SIM Wrap-up
Abaqus JOB stage16n_r4ir3_buffer_250_to_300_restart_270_to_500_source_250_to_300 COMPLETED
Wrote: stage16n_r4ir3_buffer_250_to_300_restart_270_to_500_source_250_to_300_cycle_metrics.csv
Wrote: stage16n_r4ir3_buffer_250_to_300_restart_270_to_500_source_250_to_300_selected_cycle_loops.csv
Wrote: stage16n_r4ir3_buffer_250_to_300_restart_270_to_500_source_250_to_300_selected_cycle_local_states.csv
[Stage16N-R4I] restart read: oldjob=stage16n_r4ir3_buffer_250_to_300_restart_270_to_500_source_250_to_300 step=270 inc=60
Analysis initiated from SIMULIA established products
Abaqus JOB stage16n_r4ir3_buffer_250_to_300_restart_270_to_500_datacheck
Abaqus 2023
Abaqus License Manager checked out the following licenses:
Abaqus/Standard checked out 16 tokens from Flexnet server license4.imfd.tu-freiberg.de.
<263 out of 300 licenses remain available>.
Begin Compiling Abaqus/Standard User Subroutines
Sun 21 Jun 2026 06:57:24 AM CEST
Intel(R) Fortran Intel(R) 64 Compiler Classic for applications running on Intel(R) 64, Version 2021.13.0 Build 20240602_000000
Copyright (C) 1985-2024 Intel Corporation.  All rights reserved.

ifort: remark #10448: Intel(R) Fortran Compiler Classic (ifort) is now deprecated and will be discontinued late 2024. Intel recommends that customers transition now to using the LLVM-based Intel(R) Fortran Compiler (ifx) for continued Windows* and Linux* support, new language support, new language features, and optimizations. Use '-diag-disable=10448' to disable this message.
ifort: command line warning #10434: option '-extend_source' use with underscore is deprecated; use '-extend-source' instead
 Intel(R) Fortran 2021.13.0-1693
stage16n_neml_equivalent_chaboche_umat.for(23): remark #15009: umat_ has been targeted for automatic cpu dispatch
End Compiling Abaqus/Standard User Subroutines
Begin Linking Abaqus/Standard User Subroutines
Intel(R) Fortran Intel(R) 64 Compiler Classic for applications running on Intel(R) 64, Version 2021.13.0 Build 20240602_000000
Copyright (C) 1985-2024 Intel Corporation.  All rights reserved.

ifort: remark #10448: Intel(R) Fortran Compiler Classic (ifort) is now deprecated and will be discontinued late 2024. Intel recommends that customers transition now to using the LLVM-based Intel(R) Fortran Compiler (ifx) for continued Windows* and Linux* support, new language support, new language features, and optimizations. Use '-diag-disable=10448' to disable this message.
GNU ld version 2.30-128.el8_10
End Linking Abaqus/Standard User Subroutines
Sun 21 Jun 2026 06:57:34 AM CEST
Begin Analysis Input File Processor
Sun 21 Jun 2026 06:57:34 AM CEST
Run pre
Sun 21 Jun 2026 06:58:04 AM CEST
End Analysis Input File Processor
Begin Abaqus/Standard Datacheck
Begin Abaqus/Standard Analysis
Sun 21 Jun 2026 06:58:04 AM CEST
Run standard
Sun 21 Jun 2026 06:58:08 AM CEST
End Abaqus/Standard Analysis
Begin SIM Wrap-up
Sun 21 Jun 2026 06:58:08 AM CEST
Run SMASimUtility
Sun 21 Jun 2026 06:58:08 AM CEST
End SIM Wrap-up
Abaqus JOB stage16n_r4ir3_buffer_250_to_300_restart_270_to_500_datacheck COMPLETED
Analysis initiated from SIMULIA established products
Abaqus JOB stage16n_r4ir3_buffer_250_to_300_restart_270_to_500
Abaqus 2023
Abaqus License Manager checked out the following licenses:
Abaqus/Standard checked out 16 tokens from Flexnet server license4.imfd.tu-freiberg.de.
<263 out of 300 licenses remain available>.
Begin Compiling Abaqus/Standard User Subroutines
Sun 21 Jun 2026 06:58:10 AM CEST
Intel(R) Fortran Intel(R) 64 Compiler Classic for applications running on Intel(R) 64, Version 2021.13.0 Build 20240602_000000
Copyright (C) 1985-2024 Intel Corporation.  All rights reserved.

ifort: remark #10448: Intel(R) Fortran Compiler Classic (ifort) is now deprecated and will be discontinued late 2024. Intel recommends that customers transition now to using the LLVM-based Intel(R) Fortran Compiler (ifx) for continued Windows* and Linux* support, new language support, new language features, and optimizations. Use '-diag-disable=10448' to disable this message.
ifort: command line warning #10434: option '-extend_source' use with underscore is deprecated; use '-extend-source' instead
 Intel(R) Fortran 2021.13.0-1693
stage16n_neml_equivalent_chaboche_umat.for(23): remark #15009: umat_ has been targeted for automatic cpu dispatch
End Compiling Abaqus/Standard User Subroutines
Begin Linking Abaqus/Standard User Subroutines
Intel(R) Fortran Intel(R) 64 Compiler Classic for applications running on Intel(R) 64, Version 2021.13.0 Build 20240602_000000
Copyright (C) 1985-2024 Intel Corporation.  All rights reserved.

ifort: remark #10448: Intel(R) Fortran Compiler Classic (ifort) is now deprecated and will be discontinued late 2024. Intel recommends that customers transition now to using the LLVM-based Intel(R) Fortran Compiler (ifx) for continued Windows* and Linux* support, new language support, new language features, and optimizations. Use '-diag-disable=10448' to disable this message.
GNU ld version 2.30-128.el8_10
End Linking Abaqus/Standard User Subroutines
Sun 21 Jun 2026 06:58:20 AM CEST
Begin Analysis Input File Processor
Sun 21 Jun 2026 06:58:20 AM CEST
Run pre
Sun 21 Jun 2026 06:58:32 AM CEST
End Analysis Input File Processor
Begin Abaqus/Standard Analysis
Sun 21 Jun 2026 06:58:32 AM CEST
Run standard
Sun 21 Jun 2026 12:54:43 PM CEST
End Abaqus/Standard Analysis
Begin SIM Wrap-up
Sun 21 Jun 2026 12:54:43 PM CEST
Run SMASimUtility
Sun 21 Jun 2026 12:54:44 PM CEST
End SIM Wrap-up
Abaqus JOB stage16n_r4ir3_buffer_250_to_300_restart_270_to_500 COMPLETED
Wrote: stage16n_r4ir3_buffer_250_to_300_restart_270_to_500_cycle_metrics.csv
Wrote: stage16n_r4ir3_buffer_250_to_300_restart_270_to_500_selected_cycle_loops.csv
Wrote: stage16n_r4ir3_buffer_250_to_300_restart_270_to_500_selected_cycle_local_states.csv
sending incremental file list
./
reference_1000_cycle_metrics.csv
reference_1000_selected_cycle_local_states.csv
reference_parallel_cycle_metrics.csv
reference_parallel_selected_cycle_local_states.csv
stage16n_r4ir3_buffer_250_to_300_restart_270_to_500.sta
stage16n_r4ir3_buffer_250_to_300_restart_270_to_500_cycle_metrics.csv
stage16n_r4ir3_buffer_250_to_300_restart_270_to_500_selected_cycle_local_states.csv
stage16n_r4ir3_buffer_250_to_300_restart_270_to_500_selected_cycle_loops.csv
stage16n_r4ir3_buffer_250_to_300_restart_270_to_500_source_250_to_300.sta
stage16n_r4ir3_buffer_250_to_300_restart_270_to_500_source_250_to_300_cycle_metrics.csv
stage16n_r4ir3_buffer_250_to_300_restart_270_to_500_source_250_to_300_selected_cycle_local_states.csv
stage16n_r4ir3_buffer_250_to_300_restart_270_to_500_source_250_to_300_selected_cycle_loops.csv
_logs/
_logs/stage16n_r4ir3_buffer_250_to_300_restart_270_to_500.log
_logs/stage16n_r4ir3_buffer_250_to_300_restart_270_to_500_datacheck.log
_logs/stage16n_r4ir3_buffer_250_to_300_restart_270_to_500_extract.log
_logs/stage16n_r4ir3_buffer_250_to_300_restart_270_to_500_source_250_to_300.log
_logs/stage16n_r4ir3_buffer_250_to_300_restart_270_to_500_source_250_to_300_extract.log
tmp/

sent 1,347,694 bytes  received 354 bytes  539,219.20 bytes/sec
total size is 1,345,824  speedup is 1.00
Wrote stage16n_r4ir3_buffer_250_to_300_restart_270_to_500_comparison_summary.csv
Wrote stage16n_r4ir3_buffer_250_to_300_restart_270_to_500_comparison_details.csv
sending incremental file list
./
STAGE16N_R4I_CASE_STATUS.md
stage16n_r4ir3_buffer_250_to_300_restart_270_to_500_comparison_details.csv
stage16n_r4ir3_buffer_250_to_300_restart_270_to_500_comparison_summary.csv
_logs/
_logs/stage16n_r4ir3_buffer_250_to_300_restart_270_to_500_compare.log

sent 3,038 bytes  received 108 bytes  6,292.00 bytes/sec
total size is 1,347,642  speedup is 428.37
[Stage16N-R4I] keeping scratch directory: /scratch/pr21vyci/stage16n_r4ir/R4I-R3_buffer_250_to_300_restart_270_to_500/1350673.mmaster02
[Stage16N-R4I] end: 2026-06-21 12:55:17
