 Abaqus/Standard 2023                  DATE 08-Jun-2026 TIME 12:35:42
 SUMMARY OF JOB INFORMATION:
 STEP  INC ATT SEVERE EQUIL TOTAL  TOTAL      STEP       INC OF       DOF    IF
               DISCON ITERS ITERS  TIME/    TIME/LPF    TIME/LPF    MONITOR RIKS
               ITERS               FREQ
 501     1   1     0    10    10  500.       0.00500    0.005000  
 501     2   1     0    10    10  500.       0.0100     0.005000  
 501     3   1     0    10    10  500.       0.0150     0.005000  
 501     4   1     0     8     8  500.       0.0200     0.005000  
 501     5   1     0     6     6  500.       0.0250     0.005000  
 501     6   1     0     6     6  500.       0.0300     0.005000  
 501     7   1     0     4     4  500.       0.0350     0.005000  
 501     8   1     0     2     2  500.       0.0400     0.005000  
 501     9   1     0     8     8  500.       0.0475     0.007500  
 501    10   1     0     2     2  500.       0.0550     0.007500  
 501    11   1     0     3     3  500.       0.0625     0.007500  
 501    12   1U    0     4     4  500.       0.0625     0.01125   
 501    12   2     0     9     9  500.       0.0653     0.002812  
 501    13   1     0     4     4  500.       0.0681     0.002812  
 501    14   1     0     4     4  500.       0.0709     0.002812  
 501    15   1     0     8     8  500.       0.0752     0.004219  
 501    16   1     0     1     1  500.       0.0794     0.004219  
 501    17   1     0     1     1  500.       0.0836     0.004219  
 501    18   1     0     7     7  500.       0.0899     0.006328  
 501    19   1     0     1     1  500.       0.0962     0.006328  
 501    20   1     0     2     2  500.       0.103      0.006328  
 501    21   1     0     4     4  500.       0.112      0.009492  
 501    22   1     0     7     7  500.       0.126      0.01424   
 501    23   1     0     4     4  500.       0.141      0.01424   
 501    24   1     0     5     5  500.       0.155      0.01424   
 501    25   1     0     3     3  500.       0.169      0.01424   
 501    26   1     0     2     2  500.       0.183      0.01424   
 501    27   1     0     8     8  500.       0.205      0.02136   
 501    28   1     0     4     4  500.       0.226      0.02136   
 501    29   1     0     5     5  500.       0.250      0.02402   
 501    30   1     0     6     6  500.       0.274      0.02402   
 501    31   1     0     1     1  500.       0.298      0.02402   
 501    32   1     0    10    10  500.       0.322      0.02402   
 501    33   1     0    10    10  500.       0.346      0.02402   
 501    34   1     0    12    12  500.       0.370      0.02402   
 501    35   1     0    11    11  500.       0.388      0.01802   
 501    36   1U    0     6     6  500.       0.388      0.01351   
 501    36   2     0     9     9  500.       0.392      0.003378  
 501    37   1     0    10    10  500.       0.395      0.003378  
 501    38   1     0     9     9  500.       0.398      0.003378  
 501    39   1     0     8     8  500.       0.402      0.003378  
 501    40   1     0     8     8  500.       0.405      0.003378  
 501    41   1     0     7     7  500.       0.408      0.003378  
 501    42   1     0     4     4  500.       0.412      0.003378  
 501    43   1     0     4     4  500.       0.415      0.003378  
 501    44   1     0     9     9  500.       0.420      0.005067  
 501    45   1     0     8     8  500.       0.425      0.005067  
 501    46   1     0     6     6  500.       0.430      0.005067  
 501    47   1     0     5     5  500.       0.435      0.005067  
 501    48   1     0     4     4  500.       0.440      0.005067  
 501    49   1     0     4     4  500.       0.446      0.005067  
 501    50   1     0    10    10  500.       0.453      0.007601  
 501    51   1     0    10    10  500.       0.461      0.007601  
 501    52   1     0     6     6  500.       0.468      0.007601  
 501    53   1     0     6     6  500.       0.476      0.007601  
 501    54   1     0     5     5  500.       0.484      0.007601  
 501    55   1     0     5     5  500.       0.491      0.007601  
 501    56   1     0     7     7  500.       0.500      0.008827  
 501    57   1     0     4     4  501.       0.509      0.008827  
 501    58   1     0     5     5  501.       0.518      0.008827  
 501    59   1     0     4     4  501.       0.526      0.008827  
 501    60   1     0     4     4  501.       0.535      0.008827  
 501    61   1     0    10    10  501.       0.549      0.01324   
 501    62   1     0     7     7  501.       0.562      0.01324   
 501    63   1     0     6     6  501.       0.575      0.01324   
 501    64   1     0     5     5  501.       0.588      0.01324   
 501    65   1     0     4     4  501.       0.602      0.01324   
 501    66   1     0     3     3  501.       0.615      0.01324   
 501    67   1     0     9     9  501.       0.635      0.01986   
 501    68   1     0     5     5  501.       0.654      0.01986   
 501    69   1     0     5     5  501.       0.674      0.01986   
 501    70   1     0     4     4  501.       0.694      0.01986   
 501    71   1     0     4     4  501.       0.714      0.01986   
 501    72   1     0     7     7  501.       0.739      0.02500   
 501    73   1     0    10    10  501.       0.750      0.01094   
 501    74   1     0     6     6  501.       0.775      0.02500   
 501    75   1     0     3     3  501.       0.800      0.02500   
 501    76   1     0     9     9  501.       0.825      0.02500   
 501    77   1     0    10    10  501.       0.850      0.02500   
 501    78   1     0    11    11  501.       0.875      0.02500   
 501    79   1     0    10    10  501.       0.894      0.01875   
 501    80   1     0    10    10  501.       0.913      0.01875   
 501    81   1     0     9     9  501.       0.931      0.01875   
 501    82   1     0     7     7  501.       0.950      0.01875   
 501    83   1     0     6     6  501.       0.969      0.01875   
 501    84   1     0     5     5  501.       0.988      0.01875   
 501    85   1     0    10    10  501.       1.00       0.01250   
                          
 THE ANALYSIS HAS COMPLETED SUCCESSFULLY
