[Stage16N-R4I] start: 2026-06-19 11:12:54
[Stage16N-R4I] PBS job: 1350235.mmaster02
[Stage16N-R4I] job: stage16n_r4i4_buffer_500_to_525_restart_505_to_750
[Stage16N-R4I] source style: buffered_generated
[Stage16N-R4I] first solved cycle: 506
[Stage16N-R4I] purpose: generated source solve 500--525, restart interior 505, continue 506--750
Linking R1A restart sources from: /home/pr21vyci/master_thesis/Abaqus_trial/runs/chaboche_umat/stage16_abaqus_inhomogeneous_cycle_jump_benchmark/stage16n_restart_control/R1A_restart_reference_500cycles
Analysis initiated from SIMULIA established products
Abaqus JOB stage16n_r4i4_buffer_500_to_525_restart_505_to_750_source_500_to_525
Abaqus 2023
Abaqus License Manager checked out the following licenses:
Abaqus/Standard checked out 16 tokens from Flexnet server license4.imfd.tu-freiberg.de.
<123 out of 300 licenses remain available>.
Begin Compiling Abaqus/Standard User Subroutines
Fri 19 Jun 2026 11:13:05 AM CEST
Intel(R) Fortran Intel(R) 64 Compiler Classic for applications running on Intel(R) 64, Version 2021.13.0 Build 20240602_000000
Copyright (C) 1985-2024 Intel Corporation.  All rights reserved.

ifort: remark #10448: Intel(R) Fortran Compiler Classic (ifort) is now deprecated and will be discontinued late 2024. Intel recommends that customers transition now to using the LLVM-based Intel(R) Fortran Compiler (ifx) for continued Windows* and Linux* support, new language support, new language features, and optimizations. Use '-diag-disable=10448' to disable this message.
ifort: command line warning #10434: option '-extend_source' use with underscore is deprecated; use '-extend-source' instead
 Intel(R) Fortran 2021.13.0-1693
stage16n_neml_equivalent_chaboche_umat.for(23): remark #15009: umat_ has been targeted for automatic cpu dispatch
End Compiling Abaqus/Standard User Subroutines
Begin Linking Abaqus/Standard User Subroutines
Intel(R) Fortran Intel(R) 64 Compiler Classic for applications running on Intel(R) 64, Version 2021.13.0 Build 20240602_000000
Copyright (C) 1985-2024 Intel Corporation.  All rights reserved.

ifort: remark #10448: Intel(R) Fortran Compiler Classic (ifort) is now deprecated and will be discontinued late 2024. Intel recommends that customers transition now to using the LLVM-based Intel(R) Fortran Compiler (ifx) for continued Windows* and Linux* support, new language support, new language features, and optimizations. Use '-diag-disable=10448' to disable this message.
GNU ld version 2.30-128.el8_10
End Linking Abaqus/Standard User Subroutines
Fri 19 Jun 2026 11:13:12 AM CEST
Begin Analysis Input File Processor
Fri 19 Jun 2026 11:13:12 AM CEST
Run pre
Fri 19 Jun 2026 11:13:20 AM CEST
End Analysis Input File Processor
Begin Abaqus/Standard Analysis
Fri 19 Jun 2026 11:13:20 AM CEST
Run standard
Fri 19 Jun 2026 11:37:11 AM CEST
End Abaqus/Standard Analysis
Begin SIM Wrap-up
Fri 19 Jun 2026 11:37:11 AM CEST
Run SMASimUtility
Fri 19 Jun 2026 11:37:11 AM CEST
End SIM Wrap-up
Abaqus JOB stage16n_r4i4_buffer_500_to_525_restart_505_to_750_source_500_to_525 COMPLETED
Wrote: stage16n_r4i4_buffer_500_to_525_restart_505_to_750_source_500_to_525_cycle_metrics.csv
Wrote: stage16n_r4i4_buffer_500_to_525_restart_505_to_750_source_500_to_525_selected_cycle_loops.csv
Wrote: stage16n_r4i4_buffer_500_to_525_restart_505_to_750_source_500_to_525_selected_cycle_local_states.csv
[Stage16N-R4I] restart read: oldjob=stage16n_r4i4_buffer_500_to_525_restart_505_to_750_source_500_to_525 step=505 inc=54
Analysis initiated from SIMULIA established products
Abaqus JOB stage16n_r4i4_buffer_500_to_525_restart_505_to_750_datacheck
Abaqus 2023
Abaqus License Manager checked out the following licenses:
Abaqus/Standard checked out 16 tokens from Flexnet server license4.imfd.tu-freiberg.de.
<140 out of 300 licenses remain available>.
Begin Compiling Abaqus/Standard User Subroutines
Fri 19 Jun 2026 11:37:16 AM CEST
Intel(R) Fortran Intel(R) 64 Compiler Classic for applications running on Intel(R) 64, Version 2021.13.0 Build 20240602_000000
Copyright (C) 1985-2024 Intel Corporation.  All rights reserved.

ifort: remark #10448: Intel(R) Fortran Compiler Classic (ifort) is now deprecated and will be discontinued late 2024. Intel recommends that customers transition now to using the LLVM-based Intel(R) Fortran Compiler (ifx) for continued Windows* and Linux* support, new language support, new language features, and optimizations. Use '-diag-disable=10448' to disable this message.
ifort: command line warning #10434: option '-extend_source' use with underscore is deprecated; use '-extend-source' instead
 Intel(R) Fortran 2021.13.0-1693
stage16n_neml_equivalent_chaboche_umat.for(23): remark #15009: umat_ has been targeted for automatic cpu dispatch
End Compiling Abaqus/Standard User Subroutines
Begin Linking Abaqus/Standard User Subroutines
Intel(R) Fortran Intel(R) 64 Compiler Classic for applications running on Intel(R) 64, Version 2021.13.0 Build 20240602_000000
Copyright (C) 1985-2024 Intel Corporation.  All rights reserved.

ifort: remark #10448: Intel(R) Fortran Compiler Classic (ifort) is now deprecated and will be discontinued late 2024. Intel recommends that customers transition now to using the LLVM-based Intel(R) Fortran Compiler (ifx) for continued Windows* and Linux* support, new language support, new language features, and optimizations. Use '-diag-disable=10448' to disable this message.
GNU ld version 2.30-128.el8_10
End Linking Abaqus/Standard User Subroutines
Fri 19 Jun 2026 11:37:22 AM CEST
Begin Analysis Input File Processor
Fri 19 Jun 2026 11:37:22 AM CEST
Run pre
Fri 19 Jun 2026 11:37:32 AM CEST
End Analysis Input File Processor
Begin Abaqus/Standard Datacheck
Begin Abaqus/Standard Analysis
Fri 19 Jun 2026 11:37:32 AM CEST
Run standard
Fri 19 Jun 2026 11:37:35 AM CEST
End Abaqus/Standard Analysis
Begin SIM Wrap-up
Fri 19 Jun 2026 11:37:35 AM CEST
Run SMASimUtility
Fri 19 Jun 2026 11:37:35 AM CEST
End SIM Wrap-up
Abaqus JOB stage16n_r4i4_buffer_500_to_525_restart_505_to_750_datacheck COMPLETED
Analysis initiated from SIMULIA established products
Abaqus JOB stage16n_r4i4_buffer_500_to_525_restart_505_to_750
Abaqus 2023
Abaqus License Manager checked out the following licenses:
Abaqus/Standard checked out 16 tokens from Flexnet server license4.imfd.tu-freiberg.de.
<140 out of 300 licenses remain available>.
Begin Compiling Abaqus/Standard User Subroutines
Fri 19 Jun 2026 11:37:37 AM CEST
Intel(R) Fortran Intel(R) 64 Compiler Classic for applications running on Intel(R) 64, Version 2021.13.0 Build 20240602_000000
Copyright (C) 1985-2024 Intel Corporation.  All rights reserved.

ifort: remark #10448: Intel(R) Fortran Compiler Classic (ifort) is now deprecated and will be discontinued late 2024. Intel recommends that customers transition now to using the LLVM-based Intel(R) Fortran Compiler (ifx) for continued Windows* and Linux* support, new language support, new language features, and optimizations. Use '-diag-disable=10448' to disable this message.
ifort: command line warning #10434: option '-extend_source' use with underscore is deprecated; use '-extend-source' instead
 Intel(R) Fortran 2021.13.0-1693
stage16n_neml_equivalent_chaboche_umat.for(23): remark #15009: umat_ has been targeted for automatic cpu dispatch
End Compiling Abaqus/Standard User Subroutines
Begin Linking Abaqus/Standard User Subroutines
Intel(R) Fortran Intel(R) 64 Compiler Classic for applications running on Intel(R) 64, Version 2021.13.0 Build 20240602_000000
Copyright (C) 1985-2024 Intel Corporation.  All rights reserved.

ifort: remark #10448: Intel(R) Fortran Compiler Classic (ifort) is now deprecated and will be discontinued late 2024. Intel recommends that customers transition now to using the LLVM-based Intel(R) Fortran Compiler (ifx) for continued Windows* and Linux* support, new language support, new language features, and optimizations. Use '-diag-disable=10448' to disable this message.
GNU ld version 2.30-128.el8_10
End Linking Abaqus/Standard User Subroutines
Fri 19 Jun 2026 11:37:43 AM CEST
Begin Analysis Input File Processor
Fri 19 Jun 2026 11:37:43 AM CEST
Run pre
Fri 19 Jun 2026 11:37:52 AM CEST
End Analysis Input File Processor
Begin Abaqus/Standard Analysis
Fri 19 Jun 2026 11:37:52 AM CEST
Run standard
Fri 19 Jun 2026 04:38:48 PM CEST
End Abaqus/Standard Analysis
Begin SIM Wrap-up
Fri 19 Jun 2026 04:38:48 PM CEST
Run SMASimUtility
Fri 19 Jun 2026 04:38:49 PM CEST
End SIM Wrap-up
Abaqus JOB stage16n_r4i4_buffer_500_to_525_restart_505_to_750 COMPLETED
Wrote: stage16n_r4i4_buffer_500_to_525_restart_505_to_750_cycle_metrics.csv
Wrote: stage16n_r4i4_buffer_500_to_525_restart_505_to_750_selected_cycle_loops.csv
Wrote: stage16n_r4i4_buffer_500_to_525_restart_505_to_750_selected_cycle_local_states.csv
Traceback (most recent call last):
  File "stage16n_compare_r3j_jump_against_reference.py", line 166, in <module>
    main()
  File "stage16n_compare_r3j_jump_against_reference.py", line 84, in main
    ref_metric_fields, ref_metrics = read_by_cycle(args.ref_metrics)
  File "stage16n_compare_r3j_jump_against_reference.py", line 21, in read_by_cycle
    raise FileNotFoundError(path)
FileNotFoundError: ../../../stage16n_parallel_max_reference/stage16n_parallel_max_reference_1000cycles_cycle_metrics.csv
